Archive member included because of file (symbol)

c:/users/karim/desktop/embedded systems/imt_embedded_system_course/material/01-imt sdk/imt_sdk_win_64/winavr/bin/../lib/gcc/avr/4.3.3/avr5\libgcc.a(_exit.o)
                              c:/users/karim/desktop/embedded systems/imt_embedded_system_course/material/01-imt sdk/imt_sdk_win_64/winavr/bin/../lib/gcc/avr/4.3.3/../../../../avr/lib/avr5/crtm32.o (exit)
c:/users/karim/desktop/embedded systems/imt_embedded_system_course/material/01-imt sdk/imt_sdk_win_64/winavr/bin/../lib/gcc/avr/4.3.3/avr5\libgcc.a(_copy_data.o)
                              ./DIO_Program.o (__do_copy_data)
c:/users/karim/desktop/embedded systems/imt_embedded_system_course/material/01-imt sdk/imt_sdk_win_64/winavr/bin/../lib/gcc/avr/4.3.3/avr5\libgcc.a(_clear_bss.o)
                              ./croutine.o (__do_clear_bss)
c:/users/karim/desktop/embedded systems/imt_embedded_system_course/material/01-imt sdk/imt_sdk_win_64/winavr/bin/../lib/gcc/avr/4.3.3/../../../../avr/lib/avr5\libc.a(memcpy.o)
                              ./queue.o (memcpy)
c:/users/karim/desktop/embedded systems/imt_embedded_system_course/material/01-imt sdk/imt_sdk_win_64/winavr/bin/../lib/gcc/avr/4.3.3/../../../../avr/lib/avr5\libc.a(memset.o)
                              ./tasks.o (memset)
c:/users/karim/desktop/embedded systems/imt_embedded_system_course/material/01-imt sdk/imt_sdk_win_64/winavr/bin/../lib/gcc/avr/4.3.3/../../../../avr/lib/avr5\libc.a(strncpy.o)
                              ./tasks.o (strncpy)

Memory Configuration

Name             Origin             Length             Attributes
text             0x00000000         0x00020000         xr
data             0x00800060         0x0000ffa0         rw !x
eeprom           0x00810000         0x00010000         rw !x
fuse             0x00820000         0x00000400         rw !x
lock             0x00830000         0x00000400         rw !x
signature        0x00840000         0x00000400         rw !x
*default*        0x00000000         0xffffffff

Linker script and memory map

LOAD c:/users/karim/desktop/embedded systems/imt_embedded_system_course/material/01-imt sdk/imt_sdk_win_64/winavr/bin/../lib/gcc/avr/4.3.3/../../../../avr/lib/avr5/crtm32.o
LOAD ./DIO_Program.o
LOAD ./croutine.o
LOAD ./heap_1.o
LOAD ./list.o
LOAD ./main.o
LOAD ./port.o
LOAD ./queue.o
LOAD ./tasks.o
LOAD ./timers.o
LOAD c:/users/karim/desktop/embedded systems/imt_embedded_system_course/material/01-imt sdk/imt_sdk_win_64/winavr/bin/../lib/gcc/avr/4.3.3/avr5\libgcc.a
LOAD c:/users/karim/desktop/embedded systems/imt_embedded_system_course/material/01-imt sdk/imt_sdk_win_64/winavr/bin/../lib/gcc/avr/4.3.3/../../../../avr/lib/avr5\libc.a
LOAD c:/users/karim/desktop/embedded systems/imt_embedded_system_course/material/01-imt sdk/imt_sdk_win_64/winavr/bin/../lib/gcc/avr/4.3.3/avr5\libgcc.a

.hash
 *(.hash)

.dynsym
 *(.dynsym)

.dynstr
 *(.dynstr)

.gnu.version
 *(.gnu.version)

.gnu.version_d
 *(.gnu.version_d)

.gnu.version_r
 *(.gnu.version_r)

.rel.init
 *(.rel.init)

.rela.init
 *(.rela.init)

.rel.text
 *(.rel.text)
 *(.rel.text.*)
 *(.rel.gnu.linkonce.t*)

.rela.text
 *(.rela.text)
 *(.rela.text.*)
 *(.rela.gnu.linkonce.t*)

.rel.fini
 *(.rel.fini)

.rela.fini
 *(.rela.fini)

.rel.rodata
 *(.rel.rodata)
 *(.rel.rodata.*)
 *(.rel.gnu.linkonce.r*)

.rela.rodata
 *(.rela.rodata)
 *(.rela.rodata.*)
 *(.rela.gnu.linkonce.r*)

.rel.data
 *(.rel.data)
 *(.rel.data.*)
 *(.rel.gnu.linkonce.d*)

.rela.data
 *(.rela.data)
 *(.rela.data.*)
 *(.rela.gnu.linkonce.d*)

.rel.ctors
 *(.rel.ctors)

.rela.ctors
 *(.rela.ctors)

.rel.dtors
 *(.rel.dtors)

.rela.dtors
 *(.rela.dtors)

.rel.got
 *(.rel.got)

.rela.got
 *(.rela.got)

.rel.bss
 *(.rel.bss)

.rela.bss
 *(.rela.bss)

.rel.plt
 *(.rel.plt)

.rela.plt
 *(.rela.plt)

.text           0x00000000     0x2bfa
 *(.vectors)
 .vectors       0x00000000       0x54 c:/users/karim/desktop/embedded systems/imt_embedded_system_course/material/01-imt sdk/imt_sdk_win_64/winavr/bin/../lib/gcc/avr/4.3.3/../../../../avr/lib/avr5/crtm32.o
                0x00000000                __vectors
                0x00000000                __vector_default
 *(.vectors)
 *(.progmem.gcc*)
 *(.progmem*)
                0x00000054                . = ALIGN (0x2)
                0x00000054                __trampolines_start = .
 *(.trampolines)
 .trampolines   0x00000054        0x0 linker stubs
 *(.trampolines*)
                0x00000054                __trampolines_end = .
 *(.jumptables)
 *(.jumptables*)
 *(.lowtext)
 *(.lowtext*)
                0x00000054                __ctors_start = .
 *(.ctors)
                0x00000054                __ctors_end = .
                0x00000054                __dtors_start = .
 *(.dtors)
                0x00000054                __dtors_end = .
 SORT(*)(.ctors)
 SORT(*)(.dtors)
 *(.init0)
 .init0         0x00000054        0x0 c:/users/karim/desktop/embedded systems/imt_embedded_system_course/material/01-imt sdk/imt_sdk_win_64/winavr/bin/../lib/gcc/avr/4.3.3/../../../../avr/lib/avr5/crtm32.o
                0x00000054                __init
 *(.init0)
 *(.init1)
 *(.init1)
 *(.init2)
 .init2         0x00000054        0xc c:/users/karim/desktop/embedded systems/imt_embedded_system_course/material/01-imt sdk/imt_sdk_win_64/winavr/bin/../lib/gcc/avr/4.3.3/../../../../avr/lib/avr5/crtm32.o
 *(.init2)
 *(.init3)
 *(.init3)
 *(.init4)
 .init4         0x00000060       0x16 c:/users/karim/desktop/embedded systems/imt_embedded_system_course/material/01-imt sdk/imt_sdk_win_64/winavr/bin/../lib/gcc/avr/4.3.3/avr5\libgcc.a(_copy_data.o)
                0x00000060                __do_copy_data
 .init4         0x00000076       0x10 c:/users/karim/desktop/embedded systems/imt_embedded_system_course/material/01-imt sdk/imt_sdk_win_64/winavr/bin/../lib/gcc/avr/4.3.3/avr5\libgcc.a(_clear_bss.o)
                0x00000076                __do_clear_bss
 *(.init4)
 *(.init5)
 *(.init5)
 *(.init6)
 *(.init6)
 *(.init7)
 *(.init7)
 *(.init8)
 *(.init8)
 *(.init9)
 .init9         0x00000086        0x8 c:/users/karim/desktop/embedded systems/imt_embedded_system_course/material/01-imt sdk/imt_sdk_win_64/winavr/bin/../lib/gcc/avr/4.3.3/../../../../avr/lib/avr5/crtm32.o
 *(.init9)
 *(.text)
 .text          0x0000008e        0x4 c:/users/karim/desktop/embedded systems/imt_embedded_system_course/material/01-imt sdk/imt_sdk_win_64/winavr/bin/../lib/gcc/avr/4.3.3/../../../../avr/lib/avr5/crtm32.o
                0x0000008e                __vector_1
                0x0000008e                __vector_12
                0x0000008e                __bad_interrupt
                0x0000008e                __vector_6
                0x0000008e                __vector_3
                0x0000008e                __vector_11
                0x0000008e                __vector_13
                0x0000008e                __vector_17
                0x0000008e                __vector_19
                0x0000008e                __vector_5
                0x0000008e                __vector_4
                0x0000008e                __vector_9
                0x0000008e                __vector_2
                0x0000008e                __vector_15
                0x0000008e                __vector_8
                0x0000008e                __vector_14
                0x0000008e                __vector_10
                0x0000008e                __vector_16
                0x0000008e                __vector_18
                0x0000008e                __vector_20
 .text          0x00000092        0x0 ./DIO_Program.o
 .text          0x00000092        0x0 ./croutine.o
 .text          0x00000092        0x0 ./heap_1.o
 .text          0x00000092        0x0 ./list.o
 .text          0x00000092        0x0 ./main.o
 .text          0x00000092        0x0 ./port.o
 .text          0x00000092        0x0 ./queue.o
 .text          0x00000092        0x0 ./tasks.o
 .text          0x00000092        0x0 ./timers.o
 .text          0x00000092        0x0 c:/users/karim/desktop/embedded systems/imt_embedded_system_course/material/01-imt sdk/imt_sdk_win_64/winavr/bin/../lib/gcc/avr/4.3.3/avr5\libgcc.a(_exit.o)
 .text          0x00000092        0x0 c:/users/karim/desktop/embedded systems/imt_embedded_system_course/material/01-imt sdk/imt_sdk_win_64/winavr/bin/../lib/gcc/avr/4.3.3/avr5\libgcc.a(_copy_data.o)
 .text          0x00000092        0x0 c:/users/karim/desktop/embedded systems/imt_embedded_system_course/material/01-imt sdk/imt_sdk_win_64/winavr/bin/../lib/gcc/avr/4.3.3/avr5\libgcc.a(_clear_bss.o)
 .text          0x00000092        0x0 c:/users/karim/desktop/embedded systems/imt_embedded_system_course/material/01-imt sdk/imt_sdk_win_64/winavr/bin/../lib/gcc/avr/4.3.3/../../../../avr/lib/avr5\libc.a(memcpy.o)
 .text          0x00000092        0x0 c:/users/karim/desktop/embedded systems/imt_embedded_system_course/material/01-imt sdk/imt_sdk_win_64/winavr/bin/../lib/gcc/avr/4.3.3/../../../../avr/lib/avr5\libc.a(memset.o)
 .text          0x00000092        0x0 c:/users/karim/desktop/embedded systems/imt_embedded_system_course/material/01-imt sdk/imt_sdk_win_64/winavr/bin/../lib/gcc/avr/4.3.3/../../../../avr/lib/avr5\libc.a(strncpy.o)
                0x00000092                . = ALIGN (0x2)
 *(.text.*)
 .text.DIO_void_set_port_dir
                0x00000092       0x32 ./DIO_Program.o
                0x00000092                DIO_void_set_port_dir
 .text.DIO_void_set_pin_dir
                0x000000c4       0xb8 ./DIO_Program.o
                0x000000c4                DIO_void_set_pin_dir
 .text.DIO_void_port_pullup
                0x0000017c       0x46 ./DIO_Program.o
                0x0000017c                DIO_void_port_pullup
 .text.DIO_void_pin_pullup
                0x000001c2       0xa8 ./DIO_Program.o
                0x000001c2                DIO_void_pin_pullup
 .text.DIO_void_set_port
                0x0000026a       0x2e ./DIO_Program.o
                0x0000026a                DIO_void_set_port
 .text.DIO_void_clear_port
                0x00000298       0x2c ./DIO_Program.o
                0x00000298                DIO_void_clear_port
 .text.DIO_void_assign_port
                0x000002c4       0x32 ./DIO_Program.o
                0x000002c4                DIO_void_assign_port
 .text.DIO_void_toggle_port
                0x000002f6       0x44 ./DIO_Program.o
                0x000002f6                DIO_void_toggle_port
 .text.DIO_void_set_pin
                0x0000033a       0x60 ./DIO_Program.o
                0x0000033a                DIO_void_set_pin
 .text.DIO_void_clear_pin
                0x0000039a       0x62 ./DIO_Program.o
                0x0000039a                DIO_void_clear_pin
 .text.DIO_void_assign_pin
                0x000003fc       0xb8 ./DIO_Program.o
                0x000003fc                DIO_void_assign_pin
 .text.DIO_void_toggle_pin
                0x000004b4       0x60 ./DIO_Program.o
                0x000004b4                DIO_void_toggle_pin
 .text.DIO_u8_get_port
                0x00000514       0x2c ./DIO_Program.o
                0x00000514                DIO_u8_get_port
 .text.DIO_u8_get_pin
                0x00000540       0x4a ./DIO_Program.o
                0x00000540                DIO_u8_get_pin
 .text.xCoRoutineCreate
                0x0000058a      0x128 ./croutine.o
                0x0000058a                xCoRoutineCreate
 .text.vCoRoutineAddToDelayedList
                0x000006b2       0xc2 ./croutine.o
                0x000006b2                vCoRoutineAddToDelayedList
 .text.prvCheckPendingReadyList
                0x00000774       0x94 ./croutine.o
 .text.prvCheckDelayedList
                0x00000808      0x15c ./croutine.o
 .text.vCoRoutineSchedule
                0x00000964       0xf4 ./croutine.o
                0x00000964                vCoRoutineSchedule
 .text.prvInitialiseCoRoutineLists
                0x00000a58       0x72 ./croutine.o
 .text.xCoRoutineRemoveFromEventList
                0x00000aca       0x70 ./croutine.o
                0x00000aca                xCoRoutineRemoveFromEventList
 .text.pvPortMalloc
                0x00000b3a       0x8c ./heap_1.o
                0x00000b3a                pvPortMalloc
 .text.vPortFree
                0x00000bc6       0x18 ./heap_1.o
                0x00000bc6                vPortFree
 .text.vPortInitialiseBlocks
                0x00000bde       0x16 ./heap_1.o
                0x00000bde                vPortInitialiseBlocks
 .text.xPortGetFreeHeapSize
                0x00000bf4       0x1e ./heap_1.o
                0x00000bf4                xPortGetFreeHeapSize
 .text.vListInitialise
                0x00000c12       0x54 ./list.o
                0x00000c12                vListInitialise
 .text.vListInitialiseItem
                0x00000c66       0x20 ./list.o
                0x00000c66                vListInitialiseItem
 .text.vListInsertEnd
                0x00000c86       0x98 ./list.o
                0x00000c86                vListInsertEnd
 .text.vListInsert
                0x00000d1e       0xd8 ./list.o
                0x00000d1e                vListInsert
 .text.vListRemove
                0x00000df6       0x92 ./list.o
                0x00000df6                vListRemove
 .text.toggle_led1
                0x00000e88       0x20 ./main.o
                0x00000e88                toggle_led1
 .text.toggle_led2
                0x00000ea8       0x20 ./main.o
                0x00000ea8                toggle_led2
 .text.main     0x00000ec8       0x74 ./main.o
                0x00000ec8                main
 .text.pxPortInitialiseStack
                0x00000f3c      0x306 ./port.o
                0x00000f3c                pxPortInitialiseStack
 .text.xPortStartScheduler
                0x00001242       0x6a ./port.o
                0x00001242                xPortStartScheduler
 .text.vPortEndScheduler
                0x000012ac        0xe ./port.o
                0x000012ac                vPortEndScheduler
 .text.vPortYield
                0x000012ba       0xb2 ./port.o
                0x000012ba                vPortYield
 .text.vPortYieldFromTick
                0x0000136c       0xb6 ./port.o
                0x0000136c                vPortYieldFromTick
 .text.prvSetupTimerInterrupt
                0x00001422       0xb8 ./port.o
 .text.__vector_7
                0x000014da        0x6 ./port.o
                0x000014da                __vector_7
 .text.xQueueCreate
                0x000014e0      0x152 ./queue.o
                0x000014e0                xQueueCreate
 .text.xQueueGenericSend
                0x00001632      0x13c ./queue.o
                0x00001632                xQueueGenericSend
 .text.xQueueGenericSendFromISR
                0x0000176e       0x9a ./queue.o
                0x0000176e                xQueueGenericSendFromISR
 .text.xQueueGenericReceive
                0x00001808      0x180 ./queue.o
                0x00001808                xQueueGenericReceive
 .text.xQueueReceiveFromISR
                0x00001988       0x9e ./queue.o
                0x00001988                xQueueReceiveFromISR
 .text.uxQueueMessagesWaiting
                0x00001a26       0x30 ./queue.o
                0x00001a26                uxQueueMessagesWaiting
 .text.uxQueueMessagesWaitingFromISR
                0x00001a56       0x26 ./queue.o
                0x00001a56                uxQueueMessagesWaitingFromISR
 .text.vQueueDelete
                0x00001a7c       0x2c ./queue.o
                0x00001a7c                vQueueDelete
 .text.prvCopyDataToQueue
                0x00001aa8      0x12a ./queue.o
 .text.prvCopyDataFromQueue
                0x00001bd2       0x90 ./queue.o
 .text.prvUnlockQueue
                0x00001c62       0xa8 ./queue.o
 .text.prvIsQueueEmpty
                0x00001d0a       0x38 ./queue.o
 .text.xQueueIsQueueEmptyFromISR
                0x00001d42       0x2e ./queue.o
                0x00001d42                xQueueIsQueueEmptyFromISR
 .text.prvIsQueueFull
                0x00001d70       0x3e ./queue.o
 .text.xQueueIsQueueFullFromISR
                0x00001dae       0x34 ./queue.o
                0x00001dae                xQueueIsQueueFullFromISR
 .text.xTaskGenericCreate
                0x00001de2      0x1da ./tasks.o
                0x00001de2                xTaskGenericCreate
 .text.vTaskDelete
                0x00001fbc       0xc6 ./tasks.o
                0x00001fbc                vTaskDelete
 .text.vTaskDelayUntil
                0x00002082       0xe8 ./tasks.o
                0x00002082                vTaskDelayUntil
 .text.vTaskDelay
                0x0000216a       0x6a ./tasks.o
                0x0000216a                vTaskDelay
 .text.vTaskStartScheduler
                0x000021d4       0x6e ./tasks.o
                0x000021d4                vTaskStartScheduler
 .text.vTaskEndScheduler
                0x00002242       0x18 ./tasks.o
                0x00002242                vTaskEndScheduler
 .text.vTaskSuspendAll
                0x0000225a       0x18 ./tasks.o
                0x0000225a                vTaskSuspendAll
 .text.xTaskResumeAll
                0x00002272      0x114 ./tasks.o
                0x00002272                xTaskResumeAll
 .text.xTaskGetTickCount
                0x00002386       0x2e ./tasks.o
                0x00002386                xTaskGetTickCount
 .text.xTaskGetTickCountFromISR
                0x000023b4       0x2a ./tasks.o
                0x000023b4                xTaskGetTickCountFromISR
 .text.uxTaskGetNumberOfTasks
                0x000023de       0x12 ./tasks.o
                0x000023de                uxTaskGetNumberOfTasks
 .text.vTaskIncrementTick
                0x000023f0      0x1aa ./tasks.o
                0x000023f0                vTaskIncrementTick
 .text.vTaskSwitchContext
                0x0000259a       0xcc ./tasks.o
                0x0000259a                vTaskSwitchContext
 .text.vTaskPlaceOnEventList
                0x00002666       0x6c ./tasks.o
                0x00002666                vTaskPlaceOnEventList
 .text.xTaskRemoveFromEventList
                0x000026d2       0xd0 ./tasks.o
                0x000026d2                xTaskRemoveFromEventList
 .text.vTaskSetTimeOutState
                0x000027a2       0x32 ./tasks.o
                0x000027a2                vTaskSetTimeOutState
 .text.xTaskCheckForTimeOut
                0x000027d4       0xba ./tasks.o
                0x000027d4                xTaskCheckForTimeOut
 .text.vTaskMissedYield
                0x0000288e       0x14 ./tasks.o
                0x0000288e                vTaskMissedYield
 .text.prvIdleTask
                0x000028a2       0x14 ./tasks.o
 .text.prvInitialiseTCBVariables
                0x000028b6       0xae ./tasks.o
 .text.prvInitialiseTaskLists
                0x00002964       0x7a ./tasks.o
 .text.prvCheckTasksWaitingTermination
                0x000029de       0x7c ./tasks.o
 .text.prvAddCurrentTaskToDelayedList
                0x00002a5a       0x92 ./tasks.o
 .text.prvAllocateTCBAndStack
                0x00002aec       0xa0 ./tasks.o
 .text.prvDeleteTCB
                0x00002b8c       0x2c ./tasks.o
 .text.libgcc   0x00002bb8        0x0 c:/users/karim/desktop/embedded systems/imt_embedded_system_course/material/01-imt sdk/imt_sdk_win_64/winavr/bin/../lib/gcc/avr/4.3.3/avr5\libgcc.a(_exit.o)
 .text.libgcc   0x00002bb8        0x0 c:/users/karim/desktop/embedded systems/imt_embedded_system_course/material/01-imt sdk/imt_sdk_win_64/winavr/bin/../lib/gcc/avr/4.3.3/avr5\libgcc.a(_copy_data.o)
 .text.libgcc   0x00002bb8        0x0 c:/users/karim/desktop/embedded systems/imt_embedded_system_course/material/01-imt sdk/imt_sdk_win_64/winavr/bin/../lib/gcc/avr/4.3.3/avr5\libgcc.a(_clear_bss.o)
 .text.avr-libc
                0x00002bb8       0x12 c:/users/karim/desktop/embedded systems/imt_embedded_system_course/material/01-imt sdk/imt_sdk_win_64/winavr/bin/../lib/gcc/avr/4.3.3/../../../../avr/lib/avr5\libc.a(memcpy.o)
                0x00002bb8                memcpy
 .text.avr-libc
                0x00002bca        0xe c:/users/karim/desktop/embedded systems/imt_embedded_system_course/material/01-imt sdk/imt_sdk_win_64/winavr/bin/../lib/gcc/avr/4.3.3/../../../../avr/lib/avr5\libc.a(memset.o)
                0x00002bca                memset
 .text.avr-libc
                0x00002bd8       0x1e c:/users/karim/desktop/embedded systems/imt_embedded_system_course/material/01-imt sdk/imt_sdk_win_64/winavr/bin/../lib/gcc/avr/4.3.3/../../../../avr/lib/avr5\libc.a(strncpy.o)
                0x00002bd8                strncpy
                0x00002bf6                . = ALIGN (0x2)
 *(.fini9)
 .fini9         0x00002bf6        0x0 c:/users/karim/desktop/embedded systems/imt_embedded_system_course/material/01-imt sdk/imt_sdk_win_64/winavr/bin/../lib/gcc/avr/4.3.3/avr5\libgcc.a(_exit.o)
                0x00002bf6                exit
                0x00002bf6                _exit
 *(.fini9)
 *(.fini8)
 *(.fini8)
 *(.fini7)
 *(.fini7)
 *(.fini6)
 *(.fini6)
 *(.fini5)
 *(.fini5)
 *(.fini4)
 *(.fini4)
 *(.fini3)
 *(.fini3)
 *(.fini2)
 *(.fini2)
 *(.fini1)
 *(.fini1)
 *(.fini0)
 .fini0         0x00002bf6        0x4 c:/users/karim/desktop/embedded systems/imt_embedded_system_course/material/01-imt sdk/imt_sdk_win_64/winavr/bin/../lib/gcc/avr/4.3.3/avr5\libgcc.a(_exit.o)
 *(.fini0)
                0x00002bfa                _etext = .

.data           0x00800060       0x20 load address 0x00002bfa
                0x00800060                PROVIDE (__data_start, .)
 *(.data)
 .data          0x00800060        0x0 c:/users/karim/desktop/embedded systems/imt_embedded_system_course/material/01-imt sdk/imt_sdk_win_64/winavr/bin/../lib/gcc/avr/4.3.3/../../../../avr/lib/avr5/crtm32.o
 .data          0x00800060        0x0 ./DIO_Program.o
 .data          0x00800060        0x0 ./croutine.o
 .data          0x00800060        0x0 ./heap_1.o
 .data          0x00800060        0x0 ./list.o
 .data          0x00800060        0x0 ./main.o
 .data          0x00800060        0x0 ./port.o
 .data          0x00800060        0x0 ./queue.o
 .data          0x00800060        0x5 ./tasks.o
 .data          0x00800065        0x0 ./timers.o
 .data          0x00800065        0x0 c:/users/karim/desktop/embedded systems/imt_embedded_system_course/material/01-imt sdk/imt_sdk_win_64/winavr/bin/../lib/gcc/avr/4.3.3/avr5\libgcc.a(_exit.o)
 .data          0x00800065        0x0 c:/users/karim/desktop/embedded systems/imt_embedded_system_course/material/01-imt sdk/imt_sdk_win_64/winavr/bin/../lib/gcc/avr/4.3.3/avr5\libgcc.a(_copy_data.o)
 .data          0x00800065        0x0 c:/users/karim/desktop/embedded systems/imt_embedded_system_course/material/01-imt sdk/imt_sdk_win_64/winavr/bin/../lib/gcc/avr/4.3.3/avr5\libgcc.a(_clear_bss.o)
 .data          0x00800065        0x0 c:/users/karim/desktop/embedded systems/imt_embedded_system_course/material/01-imt sdk/imt_sdk_win_64/winavr/bin/../lib/gcc/avr/4.3.3/../../../../avr/lib/avr5\libc.a(memcpy.o)
 .data          0x00800065        0x0 c:/users/karim/desktop/embedded systems/imt_embedded_system_course/material/01-imt sdk/imt_sdk_win_64/winavr/bin/../lib/gcc/avr/4.3.3/../../../../avr/lib/avr5\libc.a(memset.o)
 .data          0x00800065        0x0 c:/users/karim/desktop/embedded systems/imt_embedded_system_course/material/01-imt sdk/imt_sdk_win_64/winavr/bin/../lib/gcc/avr/4.3.3/../../../../avr/lib/avr5\libc.a(strncpy.o)
 *(.data*)
 .data.DIO_PINx
                0x00800065        0x8 ./DIO_Program.o
 .data.DIO_DDRx
                0x0080006d        0x8 ./DIO_Program.o
 .data.DIO_PORTx
                0x00800075        0x8 ./DIO_Program.o
 .data.xNextTaskUnblockTime
                0x0080007d        0x2 ./tasks.o
 *(.rodata)
 *(.rodata*)
 *(.gnu.linkonce.d*)
                0x00800080                . = ALIGN (0x2)
 *fill*         0x0080007f        0x1 00
                0x00800080                _edata = .
                0x00800080                PROVIDE (__data_end, .)

.bss            0x00800080      0x3b6
                0x00800080                PROVIDE (__bss_start, .)
 *(.bss)
 .bss           0x00800080        0x0 c:/users/karim/desktop/embedded systems/imt_embedded_system_course/material/01-imt sdk/imt_sdk_win_64/winavr/bin/../lib/gcc/avr/4.3.3/../../../../avr/lib/avr5/crtm32.o
 .bss           0x00800080        0x0 ./DIO_Program.o
 .bss           0x00800080        0x0 ./croutine.o
 .bss           0x00800080        0x0 ./heap_1.o
 .bss           0x00800080        0x0 ./list.o
 .bss           0x00800080        0x0 ./main.o
 .bss           0x00800080        0x0 ./port.o
 .bss           0x00800080        0x0 ./queue.o
 .bss           0x00800080        0x0 ./tasks.o
 .bss           0x00800080        0x0 ./timers.o
 .bss           0x00800080        0x0 c:/users/karim/desktop/embedded systems/imt_embedded_system_course/material/01-imt sdk/imt_sdk_win_64/winavr/bin/../lib/gcc/avr/4.3.3/avr5\libgcc.a(_exit.o)
 .bss           0x00800080        0x0 c:/users/karim/desktop/embedded systems/imt_embedded_system_course/material/01-imt sdk/imt_sdk_win_64/winavr/bin/../lib/gcc/avr/4.3.3/avr5\libgcc.a(_copy_data.o)
 .bss           0x00800080        0x0 c:/users/karim/desktop/embedded systems/imt_embedded_system_course/material/01-imt sdk/imt_sdk_win_64/winavr/bin/../lib/gcc/avr/4.3.3/avr5\libgcc.a(_clear_bss.o)
 .bss           0x00800080        0x0 c:/users/karim/desktop/embedded systems/imt_embedded_system_course/material/01-imt sdk/imt_sdk_win_64/winavr/bin/../lib/gcc/avr/4.3.3/../../../../avr/lib/avr5\libc.a(memcpy.o)
 .bss           0x00800080        0x0 c:/users/karim/desktop/embedded systems/imt_embedded_system_course/material/01-imt sdk/imt_sdk_win_64/winavr/bin/../lib/gcc/avr/4.3.3/../../../../avr/lib/avr5\libc.a(memset.o)
 .bss           0x00800080        0x0 c:/users/karim/desktop/embedded systems/imt_embedded_system_course/material/01-imt sdk/imt_sdk_win_64/winavr/bin/../lib/gcc/avr/4.3.3/../../../../avr/lib/avr5\libc.a(strncpy.o)
 *(.bss*)
 .bss.pxCurrentCoRoutine
                0x00800080        0x2 ./croutine.o
                0x00800080                pxCurrentCoRoutine
 .bss.uxTopCoRoutineReadyPriority
                0x00800082        0x1 ./croutine.o
 .bss.xCoRoutineTickCount
                0x00800083        0x2 ./croutine.o
 .bss.xLastTickCount
                0x00800085        0x2 ./croutine.o
 .bss.xPassedTicks
                0x00800087        0x2 ./croutine.o
 .bss.pxReadyCoRoutineLists
                0x00800089       0x12 ./croutine.o
 .bss.xDelayedCoRoutineList1
                0x0080009b        0x9 ./croutine.o
 .bss.xDelayedCoRoutineList2
                0x008000a4        0x9 ./croutine.o
 .bss.pxDelayedCoRoutineList
                0x008000ad        0x2 ./croutine.o
 .bss.pxOverflowDelayedCoRoutineList
                0x008000af        0x2 ./croutine.o
 .bss.xPendingReadyCoRoutineList
                0x008000b1        0x9 ./croutine.o
 .bss.xNextFreeByte
                0x008000ba        0x2 ./heap_1.o
 .bss.xHeap     0x008000bc      0x320 ./heap_1.o
 .bss.pxCurrentTCB
                0x008003dc        0x2 ./tasks.o
                0x008003dc                pxCurrentTCB
 .bss.uxTasksDeleted
                0x008003de        0x1 ./tasks.o
 .bss.uxCurrentNumberOfTasks
                0x008003df        0x1 ./tasks.o
 .bss.xTickCount
                0x008003e0        0x2 ./tasks.o
 .bss.uxTopUsedPriority
                0x008003e2        0x1 ./tasks.o
 .bss.uxTopReadyPriority
                0x008003e3        0x1 ./tasks.o
 .bss.xSchedulerRunning
                0x008003e4        0x1 ./tasks.o
 .bss.uxSchedulerSuspended
                0x008003e5        0x1 ./tasks.o
 .bss.uxMissedTicks
                0x008003e6        0x1 ./tasks.o
 .bss.xMissedYield
                0x008003e7        0x1 ./tasks.o
 .bss.xNumOfOverflows
                0x008003e8        0x1 ./tasks.o
 .bss.uxTaskNumber
                0x008003e9        0x1 ./tasks.o
 .bss.pxReadyTasksLists
                0x008003ea       0x24 ./tasks.o
 .bss.xDelayedTaskList1
                0x0080040e        0x9 ./tasks.o
 .bss.xDelayedTaskList2
                0x00800417        0x9 ./tasks.o
 .bss.pxDelayedTaskList
                0x00800420        0x2 ./tasks.o
 .bss.pxOverflowDelayedTaskList
                0x00800422        0x2 ./tasks.o
 .bss.xPendingReadyList
                0x00800424        0x9 ./tasks.o
 .bss.xTasksWaitingTermination
                0x0080042d        0x9 ./tasks.o
 *(COMMON)
                0x00800436                PROVIDE (__bss_end, .)
                0x00002bfa                __data_load_start = LOADADDR (.data)
                0x00002c1a                __data_load_end = (__data_load_start + SIZEOF (.data))

.noinit         0x00800436        0x0
                0x00800436                PROVIDE (__noinit_start, .)
 *(.noinit*)
                0x00800436                PROVIDE (__noinit_end, .)
                0x00800436                _end = .
                0x00800436                PROVIDE (__heap_start, .)

.eeprom         0x00810000        0x0
 *(.eeprom*)
                0x00810000                __eeprom_end = .

.fuse
 *(.fuse)
 *(.lfuse)
 *(.hfuse)
 *(.efuse)

.lock
 *(.lock*)

.signature
 *(.signature*)

.stab           0x00000000     0x46e0
 *(.stab)
 .stab          0x00000000      0x564 ./DIO_Program.o
 .stab          0x00000564      0x930 ./croutine.o
                                0x93c (size before relaxing)
 .stab          0x00000e94      0x30c ./heap_1.o
                                0x420 (size before relaxing)
 .stab          0x000011a0      0x42c ./list.o
                                0x54c (size before relaxing)
 .stab          0x000015cc      0x204 ./main.o
                                0x3b4 (size before relaxing)
 .stab          0x000017d0      0x9f0 ./port.o
                                0xb70 (size before relaxing)
 .stab          0x000021c0      0xe4c ./queue.o
                                0xfcc (size before relaxing)
 .stab          0x0000300c     0x1554 ./tasks.o
                               0x177c (size before relaxing)
 .stab          0x00004560      0x180 ./timers.o
                                0x2c4 (size before relaxing)

.stabstr        0x00000000     0x2f30
 *(.stabstr)
 .stabstr       0x00000000     0x2f30 ./DIO_Program.o

.stab.excl
 *(.stab.excl)

.stab.exclstr
 *(.stab.exclstr)

.stab.index
 *(.stab.index)

.stab.indexstr
 *(.stab.indexstr)

.comment
 *(.comment)

.debug
 *(.debug)

.line
 *(.line)

.debug_srcinfo
 *(.debug_srcinfo)

.debug_sfnames
 *(.debug_sfnames)

.debug_aranges
 *(.debug_aranges)

.debug_pubnames
 *(.debug_pubnames)

.debug_info
 *(.debug_info)
 *(.gnu.linkonce.wi.*)

.debug_abbrev
 *(.debug_abbrev)

.debug_line
 *(.debug_line)

.debug_frame
 *(.debug_frame)

.debug_str
 *(.debug_str)

.debug_loc
 *(.debug_loc)

.debug_macinfo
 *(.debug_macinfo)
OUTPUT(FreeRTOS_Example.elf elf32-avr)
LOAD linker stubs
