Archive member included because of file (symbol)

c:/users/karim/desktop/embedded systems/imt_embedded_system_course/material/01-imt sdk/imt_sdk_win_64/winavr/bin/../lib/gcc/avr/4.3.3/avr5\libgcc.a(_mulsi3.o)
                              ./LCD_Program.o (__mulsi3)
c:/users/karim/desktop/embedded systems/imt_embedded_system_course/material/01-imt sdk/imt_sdk_win_64/winavr/bin/../lib/gcc/avr/4.3.3/avr5\libgcc.a(_divmodsi4.o)
                              ./LCD_Program.o (__divmodsi4)
c:/users/karim/desktop/embedded systems/imt_embedded_system_course/material/01-imt sdk/imt_sdk_win_64/winavr/bin/../lib/gcc/avr/4.3.3/avr5\libgcc.a(_exit.o)
                              c:/users/karim/desktop/embedded systems/imt_embedded_system_course/material/01-imt sdk/imt_sdk_win_64/winavr/bin/../lib/gcc/avr/4.3.3/../../../../avr/lib/avr5/crtm32.o (exit)
c:/users/karim/desktop/embedded systems/imt_embedded_system_course/material/01-imt sdk/imt_sdk_win_64/winavr/bin/../lib/gcc/avr/4.3.3/avr5\libgcc.a(_copy_data.o)
                              ./DIO_Program.o (__do_copy_data)
c:/users/karim/desktop/embedded systems/imt_embedded_system_course/material/01-imt sdk/imt_sdk_win_64/winavr/bin/../lib/gcc/avr/4.3.3/avr5\libgcc.a(_clear_bss.o)
                              ./heap_1.o (__do_clear_bss)
c:/users/karim/desktop/embedded systems/imt_embedded_system_course/material/01-imt sdk/imt_sdk_win_64/winavr/bin/../lib/gcc/avr/4.3.3/avr5\libgcc.a(_fixunssfsi.o)
                              ./LCD_Program.o (__fixunssfsi)
c:/users/karim/desktop/embedded systems/imt_embedded_system_course/material/01-imt sdk/imt_sdk_win_64/winavr/bin/../lib/gcc/avr/4.3.3/avr5\libgcc.a(_addsub_sf.o)
                              ./LCD_Program.o (__subsf3)
c:/users/karim/desktop/embedded systems/imt_embedded_system_course/material/01-imt sdk/imt_sdk_win_64/winavr/bin/../lib/gcc/avr/4.3.3/avr5\libgcc.a(_mul_sf.o)
                              ./LCD_Program.o (__mulsf3)
c:/users/karim/desktop/embedded systems/imt_embedded_system_course/material/01-imt sdk/imt_sdk_win_64/winavr/bin/../lib/gcc/avr/4.3.3/avr5\libgcc.a(_div_sf.o)
                              ./LCD_Program.o (__divsf3)
c:/users/karim/desktop/embedded systems/imt_embedded_system_course/material/01-imt sdk/imt_sdk_win_64/winavr/bin/../lib/gcc/avr/4.3.3/avr5\libgcc.a(_gt_sf.o)
                              ./LCD_Program.o (__gtsf2)
c:/users/karim/desktop/embedded systems/imt_embedded_system_course/material/01-imt sdk/imt_sdk_win_64/winavr/bin/../lib/gcc/avr/4.3.3/avr5\libgcc.a(_ge_sf.o)
                              c:/users/karim/desktop/embedded systems/imt_embedded_system_course/material/01-imt sdk/imt_sdk_win_64/winavr/bin/../lib/gcc/avr/4.3.3/avr5\libgcc.a(_fixunssfsi.o) (__gesf2)
c:/users/karim/desktop/embedded systems/imt_embedded_system_course/material/01-imt sdk/imt_sdk_win_64/winavr/bin/../lib/gcc/avr/4.3.3/avr5\libgcc.a(_lt_sf.o)
                              ./LCD_Program.o (__ltsf2)
c:/users/karim/desktop/embedded systems/imt_embedded_system_course/material/01-imt sdk/imt_sdk_win_64/winavr/bin/../lib/gcc/avr/4.3.3/avr5\libgcc.a(_si_to_sf.o)
                              ./LCD_Program.o (__floatsisf)
c:/users/karim/desktop/embedded systems/imt_embedded_system_course/material/01-imt sdk/imt_sdk_win_64/winavr/bin/../lib/gcc/avr/4.3.3/avr5\libgcc.a(_sf_to_si.o)
                              ./LCD_Program.o (__fixsfsi)
c:/users/karim/desktop/embedded systems/imt_embedded_system_course/material/01-imt sdk/imt_sdk_win_64/winavr/bin/../lib/gcc/avr/4.3.3/avr5\libgcc.a(_thenan_sf.o)
                              c:/users/karim/desktop/embedded systems/imt_embedded_system_course/material/01-imt sdk/imt_sdk_win_64/winavr/bin/../lib/gcc/avr/4.3.3/avr5\libgcc.a(_addsub_sf.o) (__thenan_sf)
c:/users/karim/desktop/embedded systems/imt_embedded_system_course/material/01-imt sdk/imt_sdk_win_64/winavr/bin/../lib/gcc/avr/4.3.3/avr5\libgcc.a(_udivmodsi4.o)
                              c:/users/karim/desktop/embedded systems/imt_embedded_system_course/material/01-imt sdk/imt_sdk_win_64/winavr/bin/../lib/gcc/avr/4.3.3/avr5\libgcc.a(_divmodsi4.o) (__udivmodsi4)
c:/users/karim/desktop/embedded systems/imt_embedded_system_course/material/01-imt sdk/imt_sdk_win_64/winavr/bin/../lib/gcc/avr/4.3.3/avr5\libgcc.a(_prologue.o)
                              c:/users/karim/desktop/embedded systems/imt_embedded_system_course/material/01-imt sdk/imt_sdk_win_64/winavr/bin/../lib/gcc/avr/4.3.3/avr5\libgcc.a(_addsub_sf.o) (__prologue_saves__)
c:/users/karim/desktop/embedded systems/imt_embedded_system_course/material/01-imt sdk/imt_sdk_win_64/winavr/bin/../lib/gcc/avr/4.3.3/avr5\libgcc.a(_epilogue.o)
                              c:/users/karim/desktop/embedded systems/imt_embedded_system_course/material/01-imt sdk/imt_sdk_win_64/winavr/bin/../lib/gcc/avr/4.3.3/avr5\libgcc.a(_addsub_sf.o) (__epilogue_restores__)
c:/users/karim/desktop/embedded systems/imt_embedded_system_course/material/01-imt sdk/imt_sdk_win_64/winavr/bin/../lib/gcc/avr/4.3.3/avr5\libgcc.a(_clzsi2.o)
                              c:/users/karim/desktop/embedded systems/imt_embedded_system_course/material/01-imt sdk/imt_sdk_win_64/winavr/bin/../lib/gcc/avr/4.3.3/avr5\libgcc.a(_si_to_sf.o) (__clzsi2)
c:/users/karim/desktop/embedded systems/imt_embedded_system_course/material/01-imt sdk/imt_sdk_win_64/winavr/bin/../lib/gcc/avr/4.3.3/avr5\libgcc.a(_pack_sf.o)
                              c:/users/karim/desktop/embedded systems/imt_embedded_system_course/material/01-imt sdk/imt_sdk_win_64/winavr/bin/../lib/gcc/avr/4.3.3/avr5\libgcc.a(_addsub_sf.o) (__pack_f)
c:/users/karim/desktop/embedded systems/imt_embedded_system_course/material/01-imt sdk/imt_sdk_win_64/winavr/bin/../lib/gcc/avr/4.3.3/avr5\libgcc.a(_unpack_sf.o)
                              c:/users/karim/desktop/embedded systems/imt_embedded_system_course/material/01-imt sdk/imt_sdk_win_64/winavr/bin/../lib/gcc/avr/4.3.3/avr5\libgcc.a(_addsub_sf.o) (__unpack_f)
c:/users/karim/desktop/embedded systems/imt_embedded_system_course/material/01-imt sdk/imt_sdk_win_64/winavr/bin/../lib/gcc/avr/4.3.3/avr5\libgcc.a(_fpcmp_parts_sf.o)
                              c:/users/karim/desktop/embedded systems/imt_embedded_system_course/material/01-imt sdk/imt_sdk_win_64/winavr/bin/../lib/gcc/avr/4.3.3/avr5\libgcc.a(_gt_sf.o) (__fpcmp_parts_f)
c:/users/karim/desktop/embedded systems/imt_embedded_system_course/material/01-imt sdk/imt_sdk_win_64/winavr/bin/../lib/gcc/avr/4.3.3/avr5\libgcc.a(_clz.o)
                              c:/users/karim/desktop/embedded systems/imt_embedded_system_course/material/01-imt sdk/imt_sdk_win_64/winavr/bin/../lib/gcc/avr/4.3.3/avr5\libgcc.a(_clzsi2.o) (__clz_tab)
c:/users/karim/desktop/embedded systems/imt_embedded_system_course/material/01-imt sdk/imt_sdk_win_64/winavr/bin/../lib/gcc/avr/4.3.3/../../../../avr/lib/avr5\libc.a(memcpy.o)
                              ./queue.o (memcpy)

Allocating common symbols
Common symbol       size              file

LCDsem              0x2               ./main.o

Memory Configuration

Name             Origin             Length             Attributes
text             0x00000000         0x00020000         xr
data             0x00800060         0x0000ffa0         rw !x
eeprom           0x00810000         0x00010000         rw !x
fuse             0x00820000         0x00000400         rw !x
lock             0x00830000         0x00000400         rw !x
signature        0x00840000         0x00000400         rw !x
*default*        0x00000000         0xffffffff

Linker script and memory map

LOAD c:/users/karim/desktop/embedded systems/imt_embedded_system_course/material/01-imt sdk/imt_sdk_win_64/winavr/bin/../lib/gcc/avr/4.3.3/../../../../avr/lib/avr5/crtm32.o
LOAD ./DIO_Program.o
LOAD ./LCD_Program.o
LOAD ./croutine.o
LOAD ./heap_1.o
LOAD ./list.o
LOAD ./main.o
LOAD ./port.o
LOAD ./queue.o
LOAD ./tasks.o
LOAD ./timers.o
LOAD c:/users/karim/desktop/embedded systems/imt_embedded_system_course/material/01-imt sdk/imt_sdk_win_64/winavr/bin/../lib/gcc/avr/4.3.3/avr5\libgcc.a
LOAD c:/users/karim/desktop/embedded systems/imt_embedded_system_course/material/01-imt sdk/imt_sdk_win_64/winavr/bin/../lib/gcc/avr/4.3.3/../../../../avr/lib/avr5\libc.a
LOAD c:/users/karim/desktop/embedded systems/imt_embedded_system_course/material/01-imt sdk/imt_sdk_win_64/winavr/bin/../lib/gcc/avr/4.3.3/avr5\libgcc.a

.hash
 *(.hash)

.dynsym
 *(.dynsym)

.dynstr
 *(.dynstr)

.gnu.version
 *(.gnu.version)

.gnu.version_d
 *(.gnu.version_d)

.gnu.version_r
 *(.gnu.version_r)

.rel.init
 *(.rel.init)

.rela.init
 *(.rela.init)

.rel.text
 *(.rel.text)
 *(.rel.text.*)
 *(.rel.gnu.linkonce.t*)

.rela.text
 *(.rela.text)
 *(.rela.text.*)
 *(.rela.gnu.linkonce.t*)

.rel.fini
 *(.rel.fini)

.rela.fini
 *(.rela.fini)

.rel.rodata
 *(.rel.rodata)
 *(.rel.rodata.*)
 *(.rel.gnu.linkonce.r*)

.rela.rodata
 *(.rela.rodata)
 *(.rela.rodata.*)
 *(.rela.gnu.linkonce.r*)

.rel.data
 *(.rel.data)
 *(.rel.data.*)
 *(.rel.gnu.linkonce.d*)

.rela.data
 *(.rela.data)
 *(.rela.data.*)
 *(.rela.gnu.linkonce.d*)

.rel.ctors
 *(.rel.ctors)

.rela.ctors
 *(.rela.ctors)

.rel.dtors
 *(.rel.dtors)

.rela.dtors
 *(.rela.dtors)

.rel.got
 *(.rel.got)

.rela.got
 *(.rela.got)

.rel.bss
 *(.rel.bss)

.rela.bss
 *(.rela.bss)

.rel.plt
 *(.rel.plt)

.rela.plt
 *(.rela.plt)

.text           0x00000000     0x7d38
 *(.vectors)
 .vectors       0x00000000       0x54 c:/users/karim/desktop/embedded systems/imt_embedded_system_course/material/01-imt sdk/imt_sdk_win_64/winavr/bin/../lib/gcc/avr/4.3.3/../../../../avr/lib/avr5/crtm32.o
                0x00000000                __vectors
                0x00000000                __vector_default
 *(.vectors)
 *(.progmem.gcc*)
 *(.progmem*)
                0x00000054                . = ALIGN (0x2)
                0x00000054                __trampolines_start = .
 *(.trampolines)
 .trampolines   0x00000054        0x0 linker stubs
 *(.trampolines*)
                0x00000054                __trampolines_end = .
 *(.jumptables)
 *(.jumptables*)
 *(.lowtext)
 *(.lowtext*)
                0x00000054                __ctors_start = .
 *(.ctors)
                0x00000054                __ctors_end = .
                0x00000054                __dtors_start = .
 *(.dtors)
                0x00000054                __dtors_end = .
 SORT(*)(.ctors)
 SORT(*)(.dtors)
 *(.init0)
 .init0         0x00000054        0x0 c:/users/karim/desktop/embedded systems/imt_embedded_system_course/material/01-imt sdk/imt_sdk_win_64/winavr/bin/../lib/gcc/avr/4.3.3/../../../../avr/lib/avr5/crtm32.o
                0x00000054                __init
 *(.init0)
 *(.init1)
 *(.init1)
 *(.init2)
 .init2         0x00000054        0xc c:/users/karim/desktop/embedded systems/imt_embedded_system_course/material/01-imt sdk/imt_sdk_win_64/winavr/bin/../lib/gcc/avr/4.3.3/../../../../avr/lib/avr5/crtm32.o
 *(.init2)
 *(.init3)
 *(.init3)
 *(.init4)
 .init4         0x00000060       0x16 c:/users/karim/desktop/embedded systems/imt_embedded_system_course/material/01-imt sdk/imt_sdk_win_64/winavr/bin/../lib/gcc/avr/4.3.3/avr5\libgcc.a(_copy_data.o)
                0x00000060                __do_copy_data
 .init4         0x00000076       0x10 c:/users/karim/desktop/embedded systems/imt_embedded_system_course/material/01-imt sdk/imt_sdk_win_64/winavr/bin/../lib/gcc/avr/4.3.3/avr5\libgcc.a(_clear_bss.o)
                0x00000076                __do_clear_bss
 *(.init4)
 *(.init5)
 *(.init5)
 *(.init6)
 *(.init6)
 *(.init7)
 *(.init7)
 *(.init8)
 *(.init8)
 *(.init9)
 .init9         0x00000086        0x8 c:/users/karim/desktop/embedded systems/imt_embedded_system_course/material/01-imt sdk/imt_sdk_win_64/winavr/bin/../lib/gcc/avr/4.3.3/../../../../avr/lib/avr5/crtm32.o
 *(.init9)
 *(.text)
 .text          0x0000008e        0x4 c:/users/karim/desktop/embedded systems/imt_embedded_system_course/material/01-imt sdk/imt_sdk_win_64/winavr/bin/../lib/gcc/avr/4.3.3/../../../../avr/lib/avr5/crtm32.o
                0x0000008e                __vector_1
                0x0000008e                __vector_12
                0x0000008e                __bad_interrupt
                0x0000008e                __vector_6
                0x0000008e                __vector_3
                0x0000008e                __vector_11
                0x0000008e                __vector_13
                0x0000008e                __vector_17
                0x0000008e                __vector_19
                0x0000008e                __vector_5
                0x0000008e                __vector_4
                0x0000008e                __vector_9
                0x0000008e                __vector_2
                0x0000008e                __vector_15
                0x0000008e                __vector_8
                0x0000008e                __vector_14
                0x0000008e                __vector_10
                0x0000008e                __vector_16
                0x0000008e                __vector_18
                0x0000008e                __vector_20
 .text          0x00000092        0x0 ./DIO_Program.o
 .text          0x00000092        0x0 ./LCD_Program.o
 .text          0x00000092        0x0 ./croutine.o
 .text          0x00000092        0x0 ./heap_1.o
 .text          0x00000092        0x0 ./list.o
 .text          0x00000092        0x0 ./main.o
 .text          0x00000092        0x0 ./port.o
 .text          0x00000092        0x0 ./queue.o
 .text          0x00000092        0x0 ./tasks.o
 .text          0x00000092        0x0 ./timers.o
 .text          0x00000092        0x0 c:/users/karim/desktop/embedded systems/imt_embedded_system_course/material/01-imt sdk/imt_sdk_win_64/winavr/bin/../lib/gcc/avr/4.3.3/avr5\libgcc.a(_mulsi3.o)
 .text          0x00000092        0x0 c:/users/karim/desktop/embedded systems/imt_embedded_system_course/material/01-imt sdk/imt_sdk_win_64/winavr/bin/../lib/gcc/avr/4.3.3/avr5\libgcc.a(_divmodsi4.o)
 .text          0x00000092        0x0 c:/users/karim/desktop/embedded systems/imt_embedded_system_course/material/01-imt sdk/imt_sdk_win_64/winavr/bin/../lib/gcc/avr/4.3.3/avr5\libgcc.a(_exit.o)
 .text          0x00000092        0x0 c:/users/karim/desktop/embedded systems/imt_embedded_system_course/material/01-imt sdk/imt_sdk_win_64/winavr/bin/../lib/gcc/avr/4.3.3/avr5\libgcc.a(_copy_data.o)
 .text          0x00000092        0x0 c:/users/karim/desktop/embedded systems/imt_embedded_system_course/material/01-imt sdk/imt_sdk_win_64/winavr/bin/../lib/gcc/avr/4.3.3/avr5\libgcc.a(_clear_bss.o)
 .text          0x00000092       0x58 c:/users/karim/desktop/embedded systems/imt_embedded_system_course/material/01-imt sdk/imt_sdk_win_64/winavr/bin/../lib/gcc/avr/4.3.3/avr5\libgcc.a(_fixunssfsi.o)
                0x00000092                __fixunssfsi
 .text          0x000000ea      0x354 c:/users/karim/desktop/embedded systems/imt_embedded_system_course/material/01-imt sdk/imt_sdk_win_64/winavr/bin/../lib/gcc/avr/4.3.3/avr5\libgcc.a(_addsub_sf.o)
                0x00000382                __subsf3
                0x000003e4                __addsf3
 .text          0x0000043e      0x1f4 c:/users/karim/desktop/embedded systems/imt_embedded_system_course/material/01-imt sdk/imt_sdk_win_64/winavr/bin/../lib/gcc/avr/4.3.3/avr5\libgcc.a(_mul_sf.o)
                0x0000043e                __mulsf3
 .text          0x00000632      0x158 c:/users/karim/desktop/embedded systems/imt_embedded_system_course/material/01-imt sdk/imt_sdk_win_64/winavr/bin/../lib/gcc/avr/4.3.3/avr5\libgcc.a(_div_sf.o)
                0x00000632                __divsf3
 .text          0x0000078a       0x60 c:/users/karim/desktop/embedded systems/imt_embedded_system_course/material/01-imt sdk/imt_sdk_win_64/winavr/bin/../lib/gcc/avr/4.3.3/avr5\libgcc.a(_gt_sf.o)
                0x0000078a                __gtsf2
 .text          0x000007ea       0x60 c:/users/karim/desktop/embedded systems/imt_embedded_system_course/material/01-imt sdk/imt_sdk_win_64/winavr/bin/../lib/gcc/avr/4.3.3/avr5\libgcc.a(_ge_sf.o)
                0x000007ea                __gesf2
 .text          0x0000084a       0x60 c:/users/karim/desktop/embedded systems/imt_embedded_system_course/material/01-imt sdk/imt_sdk_win_64/winavr/bin/../lib/gcc/avr/4.3.3/avr5\libgcc.a(_lt_sf.o)
                0x0000084a                __ltsf2
 .text          0x000008aa       0xbc c:/users/karim/desktop/embedded systems/imt_embedded_system_course/material/01-imt sdk/imt_sdk_win_64/winavr/bin/../lib/gcc/avr/4.3.3/avr5\libgcc.a(_si_to_sf.o)
                0x000008aa                __floatsisf
 .text          0x00000966       0xa8 c:/users/karim/desktop/embedded systems/imt_embedded_system_course/material/01-imt sdk/imt_sdk_win_64/winavr/bin/../lib/gcc/avr/4.3.3/avr5\libgcc.a(_sf_to_si.o)
                0x00000966                __fixsfsi
 .text          0x00000a0e        0x0 c:/users/karim/desktop/embedded systems/imt_embedded_system_course/material/01-imt sdk/imt_sdk_win_64/winavr/bin/../lib/gcc/avr/4.3.3/avr5\libgcc.a(_thenan_sf.o)
 .text          0x00000a0e        0x0 c:/users/karim/desktop/embedded systems/imt_embedded_system_course/material/01-imt sdk/imt_sdk_win_64/winavr/bin/../lib/gcc/avr/4.3.3/avr5\libgcc.a(_udivmodsi4.o)
 .text          0x00000a0e        0x0 c:/users/karim/desktop/embedded systems/imt_embedded_system_course/material/01-imt sdk/imt_sdk_win_64/winavr/bin/../lib/gcc/avr/4.3.3/avr5\libgcc.a(_prologue.o)
 .text          0x00000a0e        0x0 c:/users/karim/desktop/embedded systems/imt_embedded_system_course/material/01-imt sdk/imt_sdk_win_64/winavr/bin/../lib/gcc/avr/4.3.3/avr5\libgcc.a(_epilogue.o)
 .text          0x00000a0e       0x9e c:/users/karim/desktop/embedded systems/imt_embedded_system_course/material/01-imt sdk/imt_sdk_win_64/winavr/bin/../lib/gcc/avr/4.3.3/avr5\libgcc.a(_clzsi2.o)
                0x00000a0e                __clzsi2
 .text          0x00000aac      0x1aa c:/users/karim/desktop/embedded systems/imt_embedded_system_course/material/01-imt sdk/imt_sdk_win_64/winavr/bin/../lib/gcc/avr/4.3.3/avr5\libgcc.a(_pack_sf.o)
                0x00000aac                __pack_f
 .text          0x00000c56       0xf0 c:/users/karim/desktop/embedded systems/imt_embedded_system_course/material/01-imt sdk/imt_sdk_win_64/winavr/bin/../lib/gcc/avr/4.3.3/avr5\libgcc.a(_unpack_sf.o)
                0x00000c56                __unpack_f
 .text          0x00000d46       0xb2 c:/users/karim/desktop/embedded systems/imt_embedded_system_course/material/01-imt sdk/imt_sdk_win_64/winavr/bin/../lib/gcc/avr/4.3.3/avr5\libgcc.a(_fpcmp_parts_sf.o)
                0x00000d46                __fpcmp_parts_f
 .text          0x00000df8        0x0 c:/users/karim/desktop/embedded systems/imt_embedded_system_course/material/01-imt sdk/imt_sdk_win_64/winavr/bin/../lib/gcc/avr/4.3.3/avr5\libgcc.a(_clz.o)
 .text          0x00000df8        0x0 c:/users/karim/desktop/embedded systems/imt_embedded_system_course/material/01-imt sdk/imt_sdk_win_64/winavr/bin/../lib/gcc/avr/4.3.3/../../../../avr/lib/avr5\libc.a(memcpy.o)
                0x00000df8                . = ALIGN (0x2)
 *(.text.*)
 .text.DIO_void_set_port_dir
                0x00000df8       0x32 ./DIO_Program.o
                0x00000df8                DIO_void_set_port_dir
 .text.DIO_void_set_pin_dir
                0x00000e2a       0xb8 ./DIO_Program.o
                0x00000e2a                DIO_void_set_pin_dir
 .text.DIO_void_port_pullup
                0x00000ee2       0x46 ./DIO_Program.o
                0x00000ee2                DIO_void_port_pullup
 .text.DIO_void_pin_pullup
                0x00000f28       0xa8 ./DIO_Program.o
                0x00000f28                DIO_void_pin_pullup
 .text.DIO_void_set_port
                0x00000fd0       0x2e ./DIO_Program.o
                0x00000fd0                DIO_void_set_port
 .text.DIO_void_clear_port
                0x00000ffe       0x2c ./DIO_Program.o
                0x00000ffe                DIO_void_clear_port
 .text.DIO_void_assign_port
                0x0000102a       0x32 ./DIO_Program.o
                0x0000102a                DIO_void_assign_port
 .text.DIO_void_toggle_port
                0x0000105c       0x44 ./DIO_Program.o
                0x0000105c                DIO_void_toggle_port
 .text.DIO_void_set_pin
                0x000010a0       0x60 ./DIO_Program.o
                0x000010a0                DIO_void_set_pin
 .text.DIO_void_clear_pin
                0x00001100       0x62 ./DIO_Program.o
                0x00001100                DIO_void_clear_pin
 .text.DIO_void_assign_pin
                0x00001162       0xb8 ./DIO_Program.o
                0x00001162                DIO_void_assign_pin
 .text.DIO_void_toggle_pin
                0x0000121a       0x60 ./DIO_Program.o
                0x0000121a                DIO_void_toggle_pin
 .text.DIO_u8_get_port
                0x0000127a       0x2c ./DIO_Program.o
                0x0000127a                DIO_u8_get_port
 .text.DIO_u8_get_pin
                0x000012a6       0x4a ./DIO_Program.o
                0x000012a6                DIO_u8_get_pin
 .text.array_Swap
                0x000012f0       0x90 ./LCD_Program.o
 .text.power_10
                0x00001380       0x6e ./LCD_Program.o
                0x00001380                power_10
 .text.LCD_write_data_8bit
                0x000013ee      0x340 ./LCD_Program.o
 .text.LCD_write_command_8bit
                0x0000172e      0x348 ./LCD_Program.o
 .text.LCD_write_data_4bit
                0x00001a76      0x838 ./LCD_Program.o
 .text.LCD_write_command_4bit
                0x000022ae      0x838 ./LCD_Program.o
 .text.LCD_function_Set_4bit
                0x00002ae6      0xf80 ./LCD_Program.o
 .text.LCD_init
                0x00003a66      0x5c4 ./LCD_Program.o
                0x00003a66                LCD_init
 .text.LCD_set_cursor
                0x0000402a      0x1ce ./LCD_Program.o
                0x0000402a                LCD_set_cursor
 .text.LCD_on   0x000041f8      0x1a8 ./LCD_Program.o
                0x000041f8                LCD_on
 .text.LCD_off  0x000043a0      0x1a8 ./LCD_Program.o
                0x000043a0                LCD_off
 .text.LCD_clear_display
                0x00004548      0x1fa ./LCD_Program.o
                0x00004548                LCD_clear_display
 .text.LCD_write_char
                0x00004742      0x1aa ./LCD_Program.o
                0x00004742                LCD_write_char
 .text.LCD_write_string
                0x000048ec       0x52 ./LCD_Program.o
                0x000048ec                LCD_write_string
 .text.LCD_write_number
                0x0000493e      0x134 ./LCD_Program.o
                0x0000493e                LCD_write_number
 .text.LCD_write_float
                0x00004a72      0x10a ./LCD_Program.o
                0x00004a72                LCD_write_float
 .text.pvPortMalloc
                0x00004b7c       0xac ./heap_1.o
                0x00004b7c                pvPortMalloc
 .text.vPortFree
                0x00004c28       0x18 ./heap_1.o
                0x00004c28                vPortFree
 .text.vPortInitialiseBlocks
                0x00004c40       0x16 ./heap_1.o
                0x00004c40                vPortInitialiseBlocks
 .text.xPortGetFreeHeapSize
                0x00004c56       0x1e ./heap_1.o
                0x00004c56                xPortGetFreeHeapSize
 .text.vListInitialise
                0x00004c74       0x54 ./list.o
                0x00004c74                vListInitialise
 .text.vListInitialiseItem
                0x00004cc8       0x20 ./list.o
                0x00004cc8                vListInitialiseItem
 .text.vListInsertEnd
                0x00004ce8       0x88 ./list.o
                0x00004ce8                vListInsertEnd
 .text.vListInsert
                0x00004d70       0xd8 ./list.o
                0x00004d70                vListInsert
 .text.uxListRemove
                0x00004e48       0x98 ./list.o
                0x00004e48                uxListRemove
 .text.LCD1     0x00004ee0       0x50 ./main.o
                0x00004ee0                LCD1
 .text.LCD2     0x00004f30       0x50 ./main.o
                0x00004f30                LCD2
 .text.main     0x00004f80       0x80 ./main.o
                0x00004f80                main
 .text.pxPortInitialiseStack
                0x00005000      0x306 ./port.o
                0x00005000                pxPortInitialiseStack
 .text.xPortStartScheduler
                0x00005306       0x6a ./port.o
                0x00005306                xPortStartScheduler
 .text.vPortEndScheduler
                0x00005370        0xe ./port.o
                0x00005370                vPortEndScheduler
 .text.vPortYield
                0x0000537e       0xb2 ./port.o
                0x0000537e                vPortYield
 .text.vPortYieldFromTick
                0x00005430       0xba ./port.o
                0x00005430                vPortYieldFromTick
 .text.prvSetupTimerInterrupt
                0x000054ea       0xb8 ./port.o
 .text.__vector_7
                0x000055a2        0x6 ./port.o
                0x000055a2                __vector_7
 .text.xQueueGenericReset
                0x000055a8      0x10c ./queue.o
                0x000055a8                xQueueGenericReset
 .text.xQueueGenericCreate
                0x000056b4       0xa2 ./queue.o
                0x000056b4                xQueueGenericCreate
 .text.prvInitialiseNewQueue
                0x00005756       0x76 ./queue.o
 .text.xQueueCreateCountingSemaphore
                0x000057cc       0x40 ./queue.o
                0x000057cc                xQueueCreateCountingSemaphore
 .text.xQueueGenericSend
                0x0000580c      0x158 ./queue.o
                0x0000580c                xQueueGenericSend
 .text.xQueueGenericSendFromISR
                0x00005964       0xb0 ./queue.o
                0x00005964                xQueueGenericSendFromISR
 .text.xQueueGiveFromISR
                0x00005a14       0xa2 ./queue.o
                0x00005a14                xQueueGiveFromISR
 .text.xQueueReceive
                0x00005ab6      0x156 ./queue.o
                0x00005ab6                xQueueReceive
 .text.xQueueSemaphoreTake
                0x00005c0c      0x144 ./queue.o
                0x00005c0c                xQueueSemaphoreTake
 .text.xQueuePeek
                0x00005d50      0x164 ./queue.o
                0x00005d50                xQueuePeek
 .text.xQueueReceiveFromISR
                0x00005eb4       0xae ./queue.o
                0x00005eb4                xQueueReceiveFromISR
 .text.xQueuePeekFromISR
                0x00005f62       0x72 ./queue.o
                0x00005f62                xQueuePeekFromISR
 .text.uxQueueMessagesWaiting
                0x00005fd4       0x30 ./queue.o
                0x00005fd4                uxQueueMessagesWaiting
 .text.uxQueueSpacesAvailable
                0x00006004       0x4a ./queue.o
                0x00006004                uxQueueSpacesAvailable
 .text.uxQueueMessagesWaitingFromISR
                0x0000604e       0x34 ./queue.o
                0x0000604e                uxQueueMessagesWaitingFromISR
 .text.vQueueDelete
                0x00006082       0x2e ./queue.o
                0x00006082                vQueueDelete
 .text.prvCopyDataToQueue
                0x000060b0      0x14c ./queue.o
 .text.prvCopyDataFromQueue
                0x000061fc       0x8e ./queue.o
 .text.prvUnlockQueue
                0x0000628a       0xa6 ./queue.o
 .text.prvIsQueueEmpty
                0x00006330       0x3a ./queue.o
 .text.xQueueIsQueueEmptyFromISR
                0x0000636a       0x3e ./queue.o
                0x0000636a                xQueueIsQueueEmptyFromISR
 .text.prvIsQueueFull
                0x000063a8       0x40 ./queue.o
 .text.xQueueIsQueueFullFromISR
                0x000063e8       0x44 ./queue.o
                0x000063e8                xQueueIsQueueFullFromISR
 .text.xTaskCreate
                0x0000642c       0xf0 ./tasks.o
                0x0000642c                xTaskCreate
 .text.prvInitialiseNewTask
                0x0000651c      0x178 ./tasks.o
 .text.prvAddNewTaskToReadyList
                0x00006694       0xf0 ./tasks.o
 .text.vTaskDelete
                0x00006784       0xe4 ./tasks.o
                0x00006784                vTaskDelete
 .text.vTaskDelayUntil
                0x00006868       0xe4 ./tasks.o
                0x00006868                vTaskDelayUntil
 .text.vTaskDelay
                0x0000694c       0x44 ./tasks.o
                0x0000694c                vTaskDelay
 .text.vTaskStartScheduler
                0x00006990       0x64 ./tasks.o
                0x00006990                vTaskStartScheduler
 .text.vTaskEndScheduler
                0x000069f4       0x18 ./tasks.o
                0x000069f4                vTaskEndScheduler
 .text.vTaskSuspendAll
                0x00006a0c       0x18 ./tasks.o
                0x00006a0c                vTaskSuspendAll
 .text.xTaskResumeAll
                0x00006a24      0x126 ./tasks.o
                0x00006a24                xTaskResumeAll
 .text.xTaskGetTickCount
                0x00006b4a       0x2e ./tasks.o
                0x00006b4a                xTaskGetTickCount
 .text.xTaskGetTickCountFromISR
                0x00006b78       0x2a ./tasks.o
                0x00006b78                xTaskGetTickCountFromISR
 .text.uxTaskGetNumberOfTasks
                0x00006ba2       0x12 ./tasks.o
                0x00006ba2                uxTaskGetNumberOfTasks
 .text.pcTaskGetName
                0x00006bb4       0x50 ./tasks.o
                0x00006bb4                pcTaskGetName
 .text.xTaskIncrementTick
                0x00006c04      0x1ca ./tasks.o
                0x00006c04                xTaskIncrementTick
 .text.vTaskSwitchContext
                0x00006dce       0xda ./tasks.o
                0x00006dce                vTaskSwitchContext
 .text.vTaskPlaceOnEventList
                0x00006ea8       0x44 ./tasks.o
                0x00006ea8                vTaskPlaceOnEventList
 .text.vTaskPlaceOnUnorderedEventList
                0x00006eec       0x60 ./tasks.o
                0x00006eec                vTaskPlaceOnUnorderedEventList
 .text.xTaskRemoveFromEventList
                0x00006f4c       0xd6 ./tasks.o
                0x00006f4c                xTaskRemoveFromEventList
 .text.vTaskRemoveFromUnorderedEventList
                0x00007022       0xba ./tasks.o
                0x00007022                vTaskRemoveFromUnorderedEventList
 .text.vTaskSetTimeOutState
                0x000070dc       0x3c ./tasks.o
                0x000070dc                vTaskSetTimeOutState
 .text.vTaskInternalSetTimeOutState
                0x00007118       0x32 ./tasks.o
                0x00007118                vTaskInternalSetTimeOutState
 .text.xTaskCheckForTimeOut
                0x0000714a       0xc6 ./tasks.o
                0x0000714a                xTaskCheckForTimeOut
 .text.vTaskMissedYield
                0x00007210       0x14 ./tasks.o
                0x00007210                vTaskMissedYield
 .text.prvIdleTask
                0x00007224       0x14 ./tasks.o
 .text.prvInitialiseTaskLists
                0x00007238       0x7a ./tasks.o
 .text.prvCheckTasksWaitingTermination
                0x000072b2       0x5e ./tasks.o
 .text.prvDeleteTCB
                0x00007310       0x2c ./tasks.o
 .text.prvResetNextTaskUnblockTime
                0x0000733c       0x56 ./tasks.o
 .text.uxTaskResetEventItemValue
                0x00007392       0x4e ./tasks.o
                0x00007392                uxTaskResetEventItemValue
 .text.ulTaskNotifyTake
                0x000073e0       0xee ./tasks.o
                0x000073e0                ulTaskNotifyTake
 .text.xTaskNotifyWait
                0x000074ce      0x138 ./tasks.o
                0x000074ce                xTaskNotifyWait
 .text.xTaskGenericNotify
                0x00007606      0x1ba ./tasks.o
                0x00007606                xTaskGenericNotify
 .text.xTaskGenericNotifyFromISR
                0x000077c0      0x1f0 ./tasks.o
                0x000077c0                xTaskGenericNotifyFromISR
 .text.vTaskNotifyGiveFromISR
                0x000079b0      0x10c ./tasks.o
                0x000079b0                vTaskNotifyGiveFromISR
 .text.xTaskNotifyStateClear
                0x00007abc       0x74 ./tasks.o
                0x00007abc                xTaskNotifyStateClear
 .text.prvAddCurrentTaskToDelayedList
                0x00007b30       0xcc ./tasks.o
 .text.libgcc   0x00007bfc       0x3e c:/users/karim/desktop/embedded systems/imt_embedded_system_course/material/01-imt sdk/imt_sdk_win_64/winavr/bin/../lib/gcc/avr/4.3.3/avr5\libgcc.a(_mulsi3.o)
                0x00007bfc                __mulsi3
 .text.libgcc   0x00007c3a       0x36 c:/users/karim/desktop/embedded systems/imt_embedded_system_course/material/01-imt sdk/imt_sdk_win_64/winavr/bin/../lib/gcc/avr/4.3.3/avr5\libgcc.a(_divmodsi4.o)
                0x00007c3a                __divmodsi4
 .text.libgcc   0x00007c70        0x0 c:/users/karim/desktop/embedded systems/imt_embedded_system_course/material/01-imt sdk/imt_sdk_win_64/winavr/bin/../lib/gcc/avr/4.3.3/avr5\libgcc.a(_exit.o)
 .text.libgcc   0x00007c70        0x0 c:/users/karim/desktop/embedded systems/imt_embedded_system_course/material/01-imt sdk/imt_sdk_win_64/winavr/bin/../lib/gcc/avr/4.3.3/avr5\libgcc.a(_copy_data.o)
 .text.libgcc   0x00007c70        0x0 c:/users/karim/desktop/embedded systems/imt_embedded_system_course/material/01-imt sdk/imt_sdk_win_64/winavr/bin/../lib/gcc/avr/4.3.3/avr5\libgcc.a(_clear_bss.o)
 .text.libgcc   0x00007c70       0x44 c:/users/karim/desktop/embedded systems/imt_embedded_system_course/material/01-imt sdk/imt_sdk_win_64/winavr/bin/../lib/gcc/avr/4.3.3/avr5\libgcc.a(_udivmodsi4.o)
                0x00007c70                __udivmodsi4
 .text.libgcc   0x00007cb4       0x38 c:/users/karim/desktop/embedded systems/imt_embedded_system_course/material/01-imt sdk/imt_sdk_win_64/winavr/bin/../lib/gcc/avr/4.3.3/avr5\libgcc.a(_prologue.o)
                0x00007cb4                __prologue_saves__
 .text.libgcc   0x00007cec       0x36 c:/users/karim/desktop/embedded systems/imt_embedded_system_course/material/01-imt sdk/imt_sdk_win_64/winavr/bin/../lib/gcc/avr/4.3.3/avr5\libgcc.a(_epilogue.o)
                0x00007cec                __epilogue_restores__
 .text.avr-libc
                0x00007d22       0x12 c:/users/karim/desktop/embedded systems/imt_embedded_system_course/material/01-imt sdk/imt_sdk_win_64/winavr/bin/../lib/gcc/avr/4.3.3/../../../../avr/lib/avr5\libc.a(memcpy.o)
                0x00007d22                memcpy
                0x00007d34                . = ALIGN (0x2)
 *(.fini9)
 .fini9         0x00007d34        0x0 c:/users/karim/desktop/embedded systems/imt_embedded_system_course/material/01-imt sdk/imt_sdk_win_64/winavr/bin/../lib/gcc/avr/4.3.3/avr5\libgcc.a(_exit.o)
                0x00007d34                exit
                0x00007d34                _exit
 *(.fini9)
 *(.fini8)
 *(.fini8)
 *(.fini7)
 *(.fini7)
 *(.fini6)
 *(.fini6)
 *(.fini5)
 *(.fini5)
 *(.fini4)
 *(.fini4)
 *(.fini3)
 *(.fini3)
 *(.fini2)
 *(.fini2)
 *(.fini1)
 *(.fini1)
 *(.fini0)
 .fini0         0x00007d34        0x4 c:/users/karim/desktop/embedded systems/imt_embedded_system_course/material/01-imt sdk/imt_sdk_win_64/winavr/bin/../lib/gcc/avr/4.3.3/avr5\libgcc.a(_exit.o)
 *(.fini0)
                0x00007d38                _etext = .

.data           0x00800060      0x130 load address 0x00007d38
                0x00800060                PROVIDE (__data_start, .)
 *(.data)
 .data          0x00800060        0x0 c:/users/karim/desktop/embedded systems/imt_embedded_system_course/material/01-imt sdk/imt_sdk_win_64/winavr/bin/../lib/gcc/avr/4.3.3/../../../../avr/lib/avr5/crtm32.o
 .data          0x00800060        0x0 ./DIO_Program.o
 .data          0x00800060        0x0 ./LCD_Program.o
 .data          0x00800060        0x0 ./croutine.o
 .data          0x00800060        0x0 ./heap_1.o
 .data          0x00800060        0x0 ./list.o
 .data          0x00800060        0xa ./main.o
 .data          0x0080006a        0x0 ./port.o
 .data          0x0080006a        0x0 ./queue.o
 .data          0x0080006a        0x5 ./tasks.o
 .data          0x0080006f        0x0 ./timers.o
 .data          0x0080006f        0x0 c:/users/karim/desktop/embedded systems/imt_embedded_system_course/material/01-imt sdk/imt_sdk_win_64/winavr/bin/../lib/gcc/avr/4.3.3/avr5\libgcc.a(_mulsi3.o)
 .data          0x0080006f        0x0 c:/users/karim/desktop/embedded systems/imt_embedded_system_course/material/01-imt sdk/imt_sdk_win_64/winavr/bin/../lib/gcc/avr/4.3.3/avr5\libgcc.a(_divmodsi4.o)
 .data          0x0080006f        0x0 c:/users/karim/desktop/embedded systems/imt_embedded_system_course/material/01-imt sdk/imt_sdk_win_64/winavr/bin/../lib/gcc/avr/4.3.3/avr5\libgcc.a(_exit.o)
 .data          0x0080006f        0x0 c:/users/karim/desktop/embedded systems/imt_embedded_system_course/material/01-imt sdk/imt_sdk_win_64/winavr/bin/../lib/gcc/avr/4.3.3/avr5\libgcc.a(_copy_data.o)
 .data          0x0080006f        0x0 c:/users/karim/desktop/embedded systems/imt_embedded_system_course/material/01-imt sdk/imt_sdk_win_64/winavr/bin/../lib/gcc/avr/4.3.3/avr5\libgcc.a(_clear_bss.o)
 .data          0x0080006f        0x0 c:/users/karim/desktop/embedded systems/imt_embedded_system_course/material/01-imt sdk/imt_sdk_win_64/winavr/bin/../lib/gcc/avr/4.3.3/avr5\libgcc.a(_fixunssfsi.o)
 .data          0x0080006f        0x0 c:/users/karim/desktop/embedded systems/imt_embedded_system_course/material/01-imt sdk/imt_sdk_win_64/winavr/bin/../lib/gcc/avr/4.3.3/avr5\libgcc.a(_addsub_sf.o)
 .data          0x0080006f        0x0 c:/users/karim/desktop/embedded systems/imt_embedded_system_course/material/01-imt sdk/imt_sdk_win_64/winavr/bin/../lib/gcc/avr/4.3.3/avr5\libgcc.a(_mul_sf.o)
 .data          0x0080006f        0x0 c:/users/karim/desktop/embedded systems/imt_embedded_system_course/material/01-imt sdk/imt_sdk_win_64/winavr/bin/../lib/gcc/avr/4.3.3/avr5\libgcc.a(_div_sf.o)
 .data          0x0080006f        0x0 c:/users/karim/desktop/embedded systems/imt_embedded_system_course/material/01-imt sdk/imt_sdk_win_64/winavr/bin/../lib/gcc/avr/4.3.3/avr5\libgcc.a(_gt_sf.o)
 .data          0x0080006f        0x0 c:/users/karim/desktop/embedded systems/imt_embedded_system_course/material/01-imt sdk/imt_sdk_win_64/winavr/bin/../lib/gcc/avr/4.3.3/avr5\libgcc.a(_ge_sf.o)
 .data          0x0080006f        0x0 c:/users/karim/desktop/embedded systems/imt_embedded_system_course/material/01-imt sdk/imt_sdk_win_64/winavr/bin/../lib/gcc/avr/4.3.3/avr5\libgcc.a(_lt_sf.o)
 .data          0x0080006f        0x0 c:/users/karim/desktop/embedded systems/imt_embedded_system_course/material/01-imt sdk/imt_sdk_win_64/winavr/bin/../lib/gcc/avr/4.3.3/avr5\libgcc.a(_si_to_sf.o)
 .data          0x0080006f        0x0 c:/users/karim/desktop/embedded systems/imt_embedded_system_course/material/01-imt sdk/imt_sdk_win_64/winavr/bin/../lib/gcc/avr/4.3.3/avr5\libgcc.a(_sf_to_si.o)
 .data          0x0080006f        0x8 c:/users/karim/desktop/embedded systems/imt_embedded_system_course/material/01-imt sdk/imt_sdk_win_64/winavr/bin/../lib/gcc/avr/4.3.3/avr5\libgcc.a(_thenan_sf.o)
                0x0080006f                __thenan_sf
 .data          0x00800077        0x0 c:/users/karim/desktop/embedded systems/imt_embedded_system_course/material/01-imt sdk/imt_sdk_win_64/winavr/bin/../lib/gcc/avr/4.3.3/avr5\libgcc.a(_udivmodsi4.o)
 .data          0x00800077        0x0 c:/users/karim/desktop/embedded systems/imt_embedded_system_course/material/01-imt sdk/imt_sdk_win_64/winavr/bin/../lib/gcc/avr/4.3.3/avr5\libgcc.a(_prologue.o)
 .data          0x00800077        0x0 c:/users/karim/desktop/embedded systems/imt_embedded_system_course/material/01-imt sdk/imt_sdk_win_64/winavr/bin/../lib/gcc/avr/4.3.3/avr5\libgcc.a(_epilogue.o)
 .data          0x00800077        0x0 c:/users/karim/desktop/embedded systems/imt_embedded_system_course/material/01-imt sdk/imt_sdk_win_64/winavr/bin/../lib/gcc/avr/4.3.3/avr5\libgcc.a(_clzsi2.o)
 .data          0x00800077        0x0 c:/users/karim/desktop/embedded systems/imt_embedded_system_course/material/01-imt sdk/imt_sdk_win_64/winavr/bin/../lib/gcc/avr/4.3.3/avr5\libgcc.a(_pack_sf.o)
 .data          0x00800077        0x0 c:/users/karim/desktop/embedded systems/imt_embedded_system_course/material/01-imt sdk/imt_sdk_win_64/winavr/bin/../lib/gcc/avr/4.3.3/avr5\libgcc.a(_unpack_sf.o)
 .data          0x00800077        0x0 c:/users/karim/desktop/embedded systems/imt_embedded_system_course/material/01-imt sdk/imt_sdk_win_64/winavr/bin/../lib/gcc/avr/4.3.3/avr5\libgcc.a(_fpcmp_parts_sf.o)
 .data          0x00800077      0x100 c:/users/karim/desktop/embedded systems/imt_embedded_system_course/material/01-imt sdk/imt_sdk_win_64/winavr/bin/../lib/gcc/avr/4.3.3/avr5\libgcc.a(_clz.o)
                0x00800077                __clz_tab
 .data          0x00800177        0x0 c:/users/karim/desktop/embedded systems/imt_embedded_system_course/material/01-imt sdk/imt_sdk_win_64/winavr/bin/../lib/gcc/avr/4.3.3/../../../../avr/lib/avr5\libc.a(memcpy.o)
 *(.data*)
 .data.DIO_PINx
                0x00800177        0x8 ./DIO_Program.o
 .data.DIO_DDRx
                0x0080017f        0x8 ./DIO_Program.o
 .data.DIO_PORTx
                0x00800187        0x8 ./DIO_Program.o
 *(.rodata)
 *(.rodata*)
 *(.gnu.linkonce.d*)
                0x00800190                . = ALIGN (0x2)
 *fill*         0x0080018f        0x1 00
                0x00800190                _edata = .
                0x00800190                PROVIDE (__data_end, .)

.bss            0x00800190      0x463
                0x00800190                PROVIDE (__bss_start, .)
 *(.bss)
 .bss           0x00800190        0x0 c:/users/karim/desktop/embedded systems/imt_embedded_system_course/material/01-imt sdk/imt_sdk_win_64/winavr/bin/../lib/gcc/avr/4.3.3/../../../../avr/lib/avr5/crtm32.o
 .bss           0x00800190        0x0 ./DIO_Program.o
 .bss           0x00800190        0x0 ./LCD_Program.o
 .bss           0x00800190        0x0 ./croutine.o
 .bss           0x00800190        0x0 ./heap_1.o
 .bss           0x00800190        0x0 ./list.o
 .bss           0x00800190        0x0 ./main.o
 .bss           0x00800190        0x0 ./port.o
 .bss           0x00800190        0x0 ./queue.o
 .bss           0x00800190        0x0 ./tasks.o
 .bss           0x00800190        0x0 ./timers.o
 .bss           0x00800190        0x0 c:/users/karim/desktop/embedded systems/imt_embedded_system_course/material/01-imt sdk/imt_sdk_win_64/winavr/bin/../lib/gcc/avr/4.3.3/avr5\libgcc.a(_mulsi3.o)
 .bss           0x00800190        0x0 c:/users/karim/desktop/embedded systems/imt_embedded_system_course/material/01-imt sdk/imt_sdk_win_64/winavr/bin/../lib/gcc/avr/4.3.3/avr5\libgcc.a(_divmodsi4.o)
 .bss           0x00800190        0x0 c:/users/karim/desktop/embedded systems/imt_embedded_system_course/material/01-imt sdk/imt_sdk_win_64/winavr/bin/../lib/gcc/avr/4.3.3/avr5\libgcc.a(_exit.o)
 .bss           0x00800190        0x0 c:/users/karim/desktop/embedded systems/imt_embedded_system_course/material/01-imt sdk/imt_sdk_win_64/winavr/bin/../lib/gcc/avr/4.3.3/avr5\libgcc.a(_copy_data.o)
 .bss           0x00800190        0x0 c:/users/karim/desktop/embedded systems/imt_embedded_system_course/material/01-imt sdk/imt_sdk_win_64/winavr/bin/../lib/gcc/avr/4.3.3/avr5\libgcc.a(_clear_bss.o)
 .bss           0x00800190        0x0 c:/users/karim/desktop/embedded systems/imt_embedded_system_course/material/01-imt sdk/imt_sdk_win_64/winavr/bin/../lib/gcc/avr/4.3.3/avr5\libgcc.a(_fixunssfsi.o)
 .bss           0x00800190        0x0 c:/users/karim/desktop/embedded systems/imt_embedded_system_course/material/01-imt sdk/imt_sdk_win_64/winavr/bin/../lib/gcc/avr/4.3.3/avr5\libgcc.a(_addsub_sf.o)
 .bss           0x00800190        0x0 c:/users/karim/desktop/embedded systems/imt_embedded_system_course/material/01-imt sdk/imt_sdk_win_64/winavr/bin/../lib/gcc/avr/4.3.3/avr5\libgcc.a(_mul_sf.o)
 .bss           0x00800190        0x0 c:/users/karim/desktop/embedded systems/imt_embedded_system_course/material/01-imt sdk/imt_sdk_win_64/winavr/bin/../lib/gcc/avr/4.3.3/avr5\libgcc.a(_div_sf.o)
 .bss           0x00800190        0x0 c:/users/karim/desktop/embedded systems/imt_embedded_system_course/material/01-imt sdk/imt_sdk_win_64/winavr/bin/../lib/gcc/avr/4.3.3/avr5\libgcc.a(_gt_sf.o)
 .bss           0x00800190        0x0 c:/users/karim/desktop/embedded systems/imt_embedded_system_course/material/01-imt sdk/imt_sdk_win_64/winavr/bin/../lib/gcc/avr/4.3.3/avr5\libgcc.a(_ge_sf.o)
 .bss           0x00800190        0x0 c:/users/karim/desktop/embedded systems/imt_embedded_system_course/material/01-imt sdk/imt_sdk_win_64/winavr/bin/../lib/gcc/avr/4.3.3/avr5\libgcc.a(_lt_sf.o)
 .bss           0x00800190        0x0 c:/users/karim/desktop/embedded systems/imt_embedded_system_course/material/01-imt sdk/imt_sdk_win_64/winavr/bin/../lib/gcc/avr/4.3.3/avr5\libgcc.a(_si_to_sf.o)
 .bss           0x00800190        0x0 c:/users/karim/desktop/embedded systems/imt_embedded_system_course/material/01-imt sdk/imt_sdk_win_64/winavr/bin/../lib/gcc/avr/4.3.3/avr5\libgcc.a(_sf_to_si.o)
 .bss           0x00800190        0x0 c:/users/karim/desktop/embedded systems/imt_embedded_system_course/material/01-imt sdk/imt_sdk_win_64/winavr/bin/../lib/gcc/avr/4.3.3/avr5\libgcc.a(_thenan_sf.o)
 .bss           0x00800190        0x0 c:/users/karim/desktop/embedded systems/imt_embedded_system_course/material/01-imt sdk/imt_sdk_win_64/winavr/bin/../lib/gcc/avr/4.3.3/avr5\libgcc.a(_udivmodsi4.o)
 .bss           0x00800190        0x0 c:/users/karim/desktop/embedded systems/imt_embedded_system_course/material/01-imt sdk/imt_sdk_win_64/winavr/bin/../lib/gcc/avr/4.3.3/avr5\libgcc.a(_prologue.o)
 .bss           0x00800190        0x0 c:/users/karim/desktop/embedded systems/imt_embedded_system_course/material/01-imt sdk/imt_sdk_win_64/winavr/bin/../lib/gcc/avr/4.3.3/avr5\libgcc.a(_epilogue.o)
 .bss           0x00800190        0x0 c:/users/karim/desktop/embedded systems/imt_embedded_system_course/material/01-imt sdk/imt_sdk_win_64/winavr/bin/../lib/gcc/avr/4.3.3/avr5\libgcc.a(_clzsi2.o)
 .bss           0x00800190        0x0 c:/users/karim/desktop/embedded systems/imt_embedded_system_course/material/01-imt sdk/imt_sdk_win_64/winavr/bin/../lib/gcc/avr/4.3.3/avr5\libgcc.a(_pack_sf.o)
 .bss           0x00800190        0x0 c:/users/karim/desktop/embedded systems/imt_embedded_system_course/material/01-imt sdk/imt_sdk_win_64/winavr/bin/../lib/gcc/avr/4.3.3/avr5\libgcc.a(_unpack_sf.o)
 .bss           0x00800190        0x0 c:/users/karim/desktop/embedded systems/imt_embedded_system_course/material/01-imt sdk/imt_sdk_win_64/winavr/bin/../lib/gcc/avr/4.3.3/avr5\libgcc.a(_fpcmp_parts_sf.o)
 .bss           0x00800190        0x0 c:/users/karim/desktop/embedded systems/imt_embedded_system_course/material/01-imt sdk/imt_sdk_win_64/winavr/bin/../lib/gcc/avr/4.3.3/avr5\libgcc.a(_clz.o)
 .bss           0x00800190        0x0 c:/users/karim/desktop/embedded systems/imt_embedded_system_course/material/01-imt sdk/imt_sdk_win_64/winavr/bin/../lib/gcc/avr/4.3.3/../../../../avr/lib/avr5\libc.a(memcpy.o)
 *(.bss*)
 .bss.xNextFreeByte
                0x00800190        0x2 ./heap_1.o
 .bss.pucAlignedHeap.1645
                0x00800192        0x2 ./heap_1.o
 .bss.ucHeap    0x00800194      0x400 ./heap_1.o
 .bss.pxCurrentTCB
                0x00800594        0x2 ./tasks.o
                0x00800594                pxCurrentTCB
 .bss.uxDeletedTasksWaitingCleanUp
                0x00800596        0x1 ./tasks.o
 .bss.uxCurrentNumberOfTasks
                0x00800597        0x1 ./tasks.o
 .bss.xTickCount
                0x00800598        0x2 ./tasks.o
 .bss.uxTopReadyPriority
                0x0080059a        0x1 ./tasks.o
 .bss.xSchedulerRunning
                0x0080059b        0x1 ./tasks.o
 .bss.uxPendedTicks
                0x0080059c        0x1 ./tasks.o
 .bss.xYieldPending
                0x0080059d        0x1 ./tasks.o
 .bss.xNumOfOverflows
                0x0080059e        0x1 ./tasks.o
 .bss.uxTaskNumber
                0x0080059f        0x1 ./tasks.o
 .bss.xNextTaskUnblockTime
                0x008005a0        0x2 ./tasks.o
 .bss.xIdleTaskHandle
                0x008005a2        0x2 ./tasks.o
 .bss.uxSchedulerSuspended
                0x008005a4        0x1 ./tasks.o
 .bss.pxReadyTasksLists
                0x008005a5       0x24 ./tasks.o
 .bss.xDelayedTaskList1
                0x008005c9        0x9 ./tasks.o
 .bss.xDelayedTaskList2
                0x008005d2        0x9 ./tasks.o
 .bss.pxDelayedTaskList
                0x008005db        0x2 ./tasks.o
 .bss.pxOverflowDelayedTaskList
                0x008005dd        0x2 ./tasks.o
 .bss.xPendingReadyList
                0x008005df        0x9 ./tasks.o
 .bss.xTasksWaitingTermination
                0x008005e8        0x9 ./tasks.o
 *(COMMON)
 COMMON         0x008005f1        0x2 ./main.o
                0x008005f1                LCDsem
                0x008005f3                PROVIDE (__bss_end, .)
                0x00007d38                __data_load_start = LOADADDR (.data)
                0x00007e68                __data_load_end = (__data_load_start + SIZEOF (.data))

.noinit         0x008005f3        0x0
                0x008005f3                PROVIDE (__noinit_start, .)
 *(.noinit*)
                0x008005f3                PROVIDE (__noinit_end, .)
                0x008005f3                _end = .
                0x008005f3                PROVIDE (__heap_start, .)

.eeprom         0x00810000        0x0
 *(.eeprom*)
                0x00810000                __eeprom_end = .

.fuse
 *(.fuse)
 *(.lfuse)
 *(.hfuse)
 *(.efuse)

.lock
 *(.lock*)

.signature
 *(.signature*)

.stab           0x00000000     0x86e8
 *(.stab)
 .stab          0x00000000      0x564 ./DIO_Program.o
 .stab          0x00000564     0x2ba4 ./LCD_Program.o
                               0x2c1c (size before relaxing)
 .stab          0x00003108      0x4a4 ./croutine.o
                                0x630 (size before relaxing)
 .stab          0x000035ac      0x480 ./heap_1.o
                                0x7bc (size before relaxing)
 .stab          0x00003a2c      0x474 ./list.o
                                0x858 (size before relaxing)
 .stab          0x00003ea0      0x348 ./main.o
                                0x828 (size before relaxing)
 .stab          0x000041e8      0x840 ./port.o
                                0xce4 (size before relaxing)
 .stab          0x00004a28     0x1ae8 ./queue.o
                               0x1fc8 (size before relaxing)
 .stab          0x00006510     0x2034 ./tasks.o
                               0x24e4 (size before relaxing)
 .stab          0x00008544      0x1a4 ./timers.o
                                0x6b4 (size before relaxing)

.stabstr        0x00000000     0x40f1
 *(.stabstr)
 .stabstr       0x00000000     0x40f1 ./DIO_Program.o

.stab.excl
 *(.stab.excl)

.stab.exclstr
 *(.stab.exclstr)

.stab.index
 *(.stab.index)

.stab.indexstr
 *(.stab.indexstr)

.comment
 *(.comment)

.debug
 *(.debug)

.line
 *(.line)

.debug_srcinfo
 *(.debug_srcinfo)

.debug_sfnames
 *(.debug_sfnames)

.debug_aranges  0x00000000      0x1a0
 *(.debug_aranges)
 .debug_aranges
                0x00000000       0x20 c:/users/karim/desktop/embedded systems/imt_embedded_system_course/material/01-imt sdk/imt_sdk_win_64/winavr/bin/../lib/gcc/avr/4.3.3/avr5\libgcc.a(_fixunssfsi.o)
 .debug_aranges
                0x00000020       0x20 c:/users/karim/desktop/embedded systems/imt_embedded_system_course/material/01-imt sdk/imt_sdk_win_64/winavr/bin/../lib/gcc/avr/4.3.3/avr5\libgcc.a(_addsub_sf.o)
 .debug_aranges
                0x00000040       0x20 c:/users/karim/desktop/embedded systems/imt_embedded_system_course/material/01-imt sdk/imt_sdk_win_64/winavr/bin/../lib/gcc/avr/4.3.3/avr5\libgcc.a(_mul_sf.o)
 .debug_aranges
                0x00000060       0x20 c:/users/karim/desktop/embedded systems/imt_embedded_system_course/material/01-imt sdk/imt_sdk_win_64/winavr/bin/../lib/gcc/avr/4.3.3/avr5\libgcc.a(_div_sf.o)
 .debug_aranges
                0x00000080       0x20 c:/users/karim/desktop/embedded systems/imt_embedded_system_course/material/01-imt sdk/imt_sdk_win_64/winavr/bin/../lib/gcc/avr/4.3.3/avr5\libgcc.a(_gt_sf.o)
 .debug_aranges
                0x000000a0       0x20 c:/users/karim/desktop/embedded systems/imt_embedded_system_course/material/01-imt sdk/imt_sdk_win_64/winavr/bin/../lib/gcc/avr/4.3.3/avr5\libgcc.a(_ge_sf.o)
 .debug_aranges
                0x000000c0       0x20 c:/users/karim/desktop/embedded systems/imt_embedded_system_course/material/01-imt sdk/imt_sdk_win_64/winavr/bin/../lib/gcc/avr/4.3.3/avr5\libgcc.a(_lt_sf.o)
 .debug_aranges
                0x000000e0       0x20 c:/users/karim/desktop/embedded systems/imt_embedded_system_course/material/01-imt sdk/imt_sdk_win_64/winavr/bin/../lib/gcc/avr/4.3.3/avr5\libgcc.a(_si_to_sf.o)
 .debug_aranges
                0x00000100       0x20 c:/users/karim/desktop/embedded systems/imt_embedded_system_course/material/01-imt sdk/imt_sdk_win_64/winavr/bin/../lib/gcc/avr/4.3.3/avr5\libgcc.a(_sf_to_si.o)
 .debug_aranges
                0x00000120       0x20 c:/users/karim/desktop/embedded systems/imt_embedded_system_course/material/01-imt sdk/imt_sdk_win_64/winavr/bin/../lib/gcc/avr/4.3.3/avr5\libgcc.a(_clzsi2.o)
 .debug_aranges
                0x00000140       0x20 c:/users/karim/desktop/embedded systems/imt_embedded_system_course/material/01-imt sdk/imt_sdk_win_64/winavr/bin/../lib/gcc/avr/4.3.3/avr5\libgcc.a(_pack_sf.o)
 .debug_aranges
                0x00000160       0x20 c:/users/karim/desktop/embedded systems/imt_embedded_system_course/material/01-imt sdk/imt_sdk_win_64/winavr/bin/../lib/gcc/avr/4.3.3/avr5\libgcc.a(_unpack_sf.o)
 .debug_aranges
                0x00000180       0x20 c:/users/karim/desktop/embedded systems/imt_embedded_system_course/material/01-imt sdk/imt_sdk_win_64/winavr/bin/../lib/gcc/avr/4.3.3/avr5\libgcc.a(_fpcmp_parts_sf.o)

.debug_pubnames
                0x00000000      0x1f0
 *(.debug_pubnames)
 .debug_pubnames
                0x00000000       0x23 c:/users/karim/desktop/embedded systems/imt_embedded_system_course/material/01-imt sdk/imt_sdk_win_64/winavr/bin/../lib/gcc/avr/4.3.3/avr5\libgcc.a(_fixunssfsi.o)
 .debug_pubnames
                0x00000023       0x2c c:/users/karim/desktop/embedded systems/imt_embedded_system_course/material/01-imt sdk/imt_sdk_win_64/winavr/bin/../lib/gcc/avr/4.3.3/avr5\libgcc.a(_addsub_sf.o)
 .debug_pubnames
                0x0000004f       0x1f c:/users/karim/desktop/embedded systems/imt_embedded_system_course/material/01-imt sdk/imt_sdk_win_64/winavr/bin/../lib/gcc/avr/4.3.3/avr5\libgcc.a(_mul_sf.o)
 .debug_pubnames
                0x0000006e       0x1f c:/users/karim/desktop/embedded systems/imt_embedded_system_course/material/01-imt sdk/imt_sdk_win_64/winavr/bin/../lib/gcc/avr/4.3.3/avr5\libgcc.a(_div_sf.o)
 .debug_pubnames
                0x0000008d       0x1e c:/users/karim/desktop/embedded systems/imt_embedded_system_course/material/01-imt sdk/imt_sdk_win_64/winavr/bin/../lib/gcc/avr/4.3.3/avr5\libgcc.a(_gt_sf.o)
 .debug_pubnames
                0x000000ab       0x1e c:/users/karim/desktop/embedded systems/imt_embedded_system_course/material/01-imt sdk/imt_sdk_win_64/winavr/bin/../lib/gcc/avr/4.3.3/avr5\libgcc.a(_ge_sf.o)
 .debug_pubnames
                0x000000c9       0x1e c:/users/karim/desktop/embedded systems/imt_embedded_system_course/material/01-imt sdk/imt_sdk_win_64/winavr/bin/../lib/gcc/avr/4.3.3/avr5\libgcc.a(_lt_sf.o)
 .debug_pubnames
                0x000000e7       0x22 c:/users/karim/desktop/embedded systems/imt_embedded_system_course/material/01-imt sdk/imt_sdk_win_64/winavr/bin/../lib/gcc/avr/4.3.3/avr5\libgcc.a(_si_to_sf.o)
 .debug_pubnames
                0x00000109       0x20 c:/users/karim/desktop/embedded systems/imt_embedded_system_course/material/01-imt sdk/imt_sdk_win_64/winavr/bin/../lib/gcc/avr/4.3.3/avr5\libgcc.a(_sf_to_si.o)
 .debug_pubnames
                0x00000129       0x22 c:/users/karim/desktop/embedded systems/imt_embedded_system_course/material/01-imt sdk/imt_sdk_win_64/winavr/bin/../lib/gcc/avr/4.3.3/avr5\libgcc.a(_thenan_sf.o)
 .debug_pubnames
                0x0000014b       0x1f c:/users/karim/desktop/embedded systems/imt_embedded_system_course/material/01-imt sdk/imt_sdk_win_64/winavr/bin/../lib/gcc/avr/4.3.3/avr5\libgcc.a(_clzsi2.o)
 .debug_pubnames
                0x0000016a       0x1f c:/users/karim/desktop/embedded systems/imt_embedded_system_course/material/01-imt sdk/imt_sdk_win_64/winavr/bin/../lib/gcc/avr/4.3.3/avr5\libgcc.a(_pack_sf.o)
 .debug_pubnames
                0x00000189       0x21 c:/users/karim/desktop/embedded systems/imt_embedded_system_course/material/01-imt sdk/imt_sdk_win_64/winavr/bin/../lib/gcc/avr/4.3.3/avr5\libgcc.a(_unpack_sf.o)
 .debug_pubnames
                0x000001aa       0x26 c:/users/karim/desktop/embedded systems/imt_embedded_system_course/material/01-imt sdk/imt_sdk_win_64/winavr/bin/../lib/gcc/avr/4.3.3/avr5\libgcc.a(_fpcmp_parts_sf.o)
 .debug_pubnames
                0x000001d0       0x20 c:/users/karim/desktop/embedded systems/imt_embedded_system_course/material/01-imt sdk/imt_sdk_win_64/winavr/bin/../lib/gcc/avr/4.3.3/avr5\libgcc.a(_clz.o)

.debug_info     0x00000000     0x240c
 *(.debug_info)
 .debug_info    0x00000000       0xb1 c:/users/karim/desktop/embedded systems/imt_embedded_system_course/material/01-imt sdk/imt_sdk_win_64/winavr/bin/../lib/gcc/avr/4.3.3/avr5\libgcc.a(_fixunssfsi.o)
 .debug_info    0x000000b1      0x47a c:/users/karim/desktop/embedded systems/imt_embedded_system_course/material/01-imt sdk/imt_sdk_win_64/winavr/bin/../lib/gcc/avr/4.3.3/avr5\libgcc.a(_addsub_sf.o)
 .debug_info    0x0000052b      0x485 c:/users/karim/desktop/embedded systems/imt_embedded_system_course/material/01-imt sdk/imt_sdk_win_64/winavr/bin/../lib/gcc/avr/4.3.3/avr5\libgcc.a(_mul_sf.o)
 .debug_info    0x000009b0      0x3fc c:/users/karim/desktop/embedded systems/imt_embedded_system_course/material/01-imt sdk/imt_sdk_win_64/winavr/bin/../lib/gcc/avr/4.3.3/avr5\libgcc.a(_div_sf.o)
 .debug_info    0x00000dac      0x27f c:/users/karim/desktop/embedded systems/imt_embedded_system_course/material/01-imt sdk/imt_sdk_win_64/winavr/bin/../lib/gcc/avr/4.3.3/avr5\libgcc.a(_gt_sf.o)
 .debug_info    0x0000102b      0x27f c:/users/karim/desktop/embedded systems/imt_embedded_system_course/material/01-imt sdk/imt_sdk_win_64/winavr/bin/../lib/gcc/avr/4.3.3/avr5\libgcc.a(_ge_sf.o)
 .debug_info    0x000012aa      0x27f c:/users/karim/desktop/embedded systems/imt_embedded_system_course/material/01-imt sdk/imt_sdk_win_64/winavr/bin/../lib/gcc/avr/4.3.3/avr5\libgcc.a(_lt_sf.o)
 .debug_info    0x00001529      0x207 c:/users/karim/desktop/embedded systems/imt_embedded_system_course/material/01-imt sdk/imt_sdk_win_64/winavr/bin/../lib/gcc/avr/4.3.3/avr5\libgcc.a(_si_to_sf.o)
 .debug_info    0x00001730      0x2b0 c:/users/karim/desktop/embedded systems/imt_embedded_system_course/material/01-imt sdk/imt_sdk_win_64/winavr/bin/../lib/gcc/avr/4.3.3/avr5\libgcc.a(_sf_to_si.o)
 .debug_info    0x000019e0      0x12c c:/users/karim/desktop/embedded systems/imt_embedded_system_course/material/01-imt sdk/imt_sdk_win_64/winavr/bin/../lib/gcc/avr/4.3.3/avr5\libgcc.a(_thenan_sf.o)
 .debug_info    0x00001b0c      0x117 c:/users/karim/desktop/embedded systems/imt_embedded_system_course/material/01-imt sdk/imt_sdk_win_64/winavr/bin/../lib/gcc/avr/4.3.3/avr5\libgcc.a(_clzsi2.o)
 .debug_info    0x00001c23      0x2df c:/users/karim/desktop/embedded systems/imt_embedded_system_course/material/01-imt sdk/imt_sdk_win_64/winavr/bin/../lib/gcc/avr/4.3.3/avr5\libgcc.a(_pack_sf.o)
 .debug_info    0x00001f02      0x251 c:/users/karim/desktop/embedded systems/imt_embedded_system_course/material/01-imt sdk/imt_sdk_win_64/winavr/bin/../lib/gcc/avr/4.3.3/avr5\libgcc.a(_unpack_sf.o)
 .debug_info    0x00002153      0x210 c:/users/karim/desktop/embedded systems/imt_embedded_system_course/material/01-imt sdk/imt_sdk_win_64/winavr/bin/../lib/gcc/avr/4.3.3/avr5\libgcc.a(_fpcmp_parts_sf.o)
 .debug_info    0x00002363       0xa9 c:/users/karim/desktop/embedded systems/imt_embedded_system_course/material/01-imt sdk/imt_sdk_win_64/winavr/bin/../lib/gcc/avr/4.3.3/avr5\libgcc.a(_clz.o)
 *(.gnu.linkonce.wi.*)

.debug_abbrev   0x00000000     0x1377
 *(.debug_abbrev)
 .debug_abbrev  0x00000000       0x5d c:/users/karim/desktop/embedded systems/imt_embedded_system_course/material/01-imt sdk/imt_sdk_win_64/winavr/bin/../lib/gcc/avr/4.3.3/avr5\libgcc.a(_fixunssfsi.o)
 .debug_abbrev  0x0000005d      0x1ea c:/users/karim/desktop/embedded systems/imt_embedded_system_course/material/01-imt sdk/imt_sdk_win_64/winavr/bin/../lib/gcc/avr/4.3.3/avr5\libgcc.a(_addsub_sf.o)
 .debug_abbrev  0x00000247      0x21b c:/users/karim/desktop/embedded systems/imt_embedded_system_course/material/01-imt sdk/imt_sdk_win_64/winavr/bin/../lib/gcc/avr/4.3.3/avr5\libgcc.a(_mul_sf.o)
 .debug_abbrev  0x00000462      0x216 c:/users/karim/desktop/embedded systems/imt_embedded_system_course/material/01-imt sdk/imt_sdk_win_64/winavr/bin/../lib/gcc/avr/4.3.3/avr5\libgcc.a(_div_sf.o)
 .debug_abbrev  0x00000678      0x15a c:/users/karim/desktop/embedded systems/imt_embedded_system_course/material/01-imt sdk/imt_sdk_win_64/winavr/bin/../lib/gcc/avr/4.3.3/avr5\libgcc.a(_gt_sf.o)
 .debug_abbrev  0x000007d2      0x15a c:/users/karim/desktop/embedded systems/imt_embedded_system_course/material/01-imt sdk/imt_sdk_win_64/winavr/bin/../lib/gcc/avr/4.3.3/avr5\libgcc.a(_ge_sf.o)
 .debug_abbrev  0x0000092c      0x15a c:/users/karim/desktop/embedded systems/imt_embedded_system_course/material/01-imt sdk/imt_sdk_win_64/winavr/bin/../lib/gcc/avr/4.3.3/avr5\libgcc.a(_lt_sf.o)
 .debug_abbrev  0x00000a86      0x148 c:/users/karim/desktop/embedded systems/imt_embedded_system_course/material/01-imt sdk/imt_sdk_win_64/winavr/bin/../lib/gcc/avr/4.3.3/avr5\libgcc.a(_si_to_sf.o)
 .debug_abbrev  0x00000bce      0x17f c:/users/karim/desktop/embedded systems/imt_embedded_system_course/material/01-imt sdk/imt_sdk_win_64/winavr/bin/../lib/gcc/avr/4.3.3/avr5\libgcc.a(_sf_to_si.o)
 .debug_abbrev  0x00000d4d       0xad c:/users/karim/desktop/embedded systems/imt_embedded_system_course/material/01-imt sdk/imt_sdk_win_64/winavr/bin/../lib/gcc/avr/4.3.3/avr5\libgcc.a(_thenan_sf.o)
 .debug_abbrev  0x00000dfa       0xc4 c:/users/karim/desktop/embedded systems/imt_embedded_system_course/material/01-imt sdk/imt_sdk_win_64/winavr/bin/../lib/gcc/avr/4.3.3/avr5\libgcc.a(_clzsi2.o)
 .debug_abbrev  0x00000ebe      0x1c0 c:/users/karim/desktop/embedded systems/imt_embedded_system_course/material/01-imt sdk/imt_sdk_win_64/winavr/bin/../lib/gcc/avr/4.3.3/avr5\libgcc.a(_pack_sf.o)
 .debug_abbrev  0x0000107e      0x154 c:/users/karim/desktop/embedded systems/imt_embedded_system_course/material/01-imt sdk/imt_sdk_win_64/winavr/bin/../lib/gcc/avr/4.3.3/avr5\libgcc.a(_unpack_sf.o)
 .debug_abbrev  0x000011d2      0x13b c:/users/karim/desktop/embedded systems/imt_embedded_system_course/material/01-imt sdk/imt_sdk_win_64/winavr/bin/../lib/gcc/avr/4.3.3/avr5\libgcc.a(_fpcmp_parts_sf.o)
 .debug_abbrev  0x0000130d       0x6a c:/users/karim/desktop/embedded systems/imt_embedded_system_course/material/01-imt sdk/imt_sdk_win_64/winavr/bin/../lib/gcc/avr/4.3.3/avr5\libgcc.a(_clz.o)

.debug_line     0x00000000     0x11d8
 *(.debug_line)
 .debug_line    0x00000000       0xa7 c:/users/karim/desktop/embedded systems/imt_embedded_system_course/material/01-imt sdk/imt_sdk_win_64/winavr/bin/../lib/gcc/avr/4.3.3/avr5\libgcc.a(_fixunssfsi.o)
 .debug_line    0x000000a7      0x2af c:/users/karim/desktop/embedded systems/imt_embedded_system_course/material/01-imt sdk/imt_sdk_win_64/winavr/bin/../lib/gcc/avr/4.3.3/avr5\libgcc.a(_addsub_sf.o)
 .debug_line    0x00000356      0x239 c:/users/karim/desktop/embedded systems/imt_embedded_system_course/material/01-imt sdk/imt_sdk_win_64/winavr/bin/../lib/gcc/avr/4.3.3/avr5\libgcc.a(_mul_sf.o)
 .debug_line    0x0000058f      0x1d5 c:/users/karim/desktop/embedded systems/imt_embedded_system_course/material/01-imt sdk/imt_sdk_win_64/winavr/bin/../lib/gcc/avr/4.3.3/avr5\libgcc.a(_div_sf.o)
 .debug_line    0x00000764       0xd3 c:/users/karim/desktop/embedded systems/imt_embedded_system_course/material/01-imt sdk/imt_sdk_win_64/winavr/bin/../lib/gcc/avr/4.3.3/avr5\libgcc.a(_gt_sf.o)
 .debug_line    0x00000837       0xd3 c:/users/karim/desktop/embedded systems/imt_embedded_system_course/material/01-imt sdk/imt_sdk_win_64/winavr/bin/../lib/gcc/avr/4.3.3/avr5\libgcc.a(_ge_sf.o)
 .debug_line    0x0000090a       0xd3 c:/users/karim/desktop/embedded systems/imt_embedded_system_course/material/01-imt sdk/imt_sdk_win_64/winavr/bin/../lib/gcc/avr/4.3.3/avr5\libgcc.a(_lt_sf.o)
 .debug_line    0x000009dd      0x135 c:/users/karim/desktop/embedded systems/imt_embedded_system_course/material/01-imt sdk/imt_sdk_win_64/winavr/bin/../lib/gcc/avr/4.3.3/avr5\libgcc.a(_si_to_sf.o)
 .debug_line    0x00000b12      0x109 c:/users/karim/desktop/embedded systems/imt_embedded_system_course/material/01-imt sdk/imt_sdk_win_64/winavr/bin/../lib/gcc/avr/4.3.3/avr5\libgcc.a(_sf_to_si.o)
 .debug_line    0x00000c1b       0x90 c:/users/karim/desktop/embedded systems/imt_embedded_system_course/material/01-imt sdk/imt_sdk_win_64/winavr/bin/../lib/gcc/avr/4.3.3/avr5\libgcc.a(_thenan_sf.o)
 .debug_line    0x00000cab       0xa5 c:/users/karim/desktop/embedded systems/imt_embedded_system_course/material/01-imt sdk/imt_sdk_win_64/winavr/bin/../lib/gcc/avr/4.3.3/avr5\libgcc.a(_clzsi2.o)
 .debug_line    0x00000d50      0x18a c:/users/karim/desktop/embedded systems/imt_embedded_system_course/material/01-imt sdk/imt_sdk_win_64/winavr/bin/../lib/gcc/avr/4.3.3/avr5\libgcc.a(_pack_sf.o)
 .debug_line    0x00000eda      0x14b c:/users/karim/desktop/embedded systems/imt_embedded_system_course/material/01-imt sdk/imt_sdk_win_64/winavr/bin/../lib/gcc/avr/4.3.3/avr5\libgcc.a(_unpack_sf.o)
 .debug_line    0x00001025      0x137 c:/users/karim/desktop/embedded systems/imt_embedded_system_course/material/01-imt sdk/imt_sdk_win_64/winavr/bin/../lib/gcc/avr/4.3.3/avr5\libgcc.a(_fpcmp_parts_sf.o)
 .debug_line    0x0000115c       0x7c c:/users/karim/desktop/embedded systems/imt_embedded_system_course/material/01-imt sdk/imt_sdk_win_64/winavr/bin/../lib/gcc/avr/4.3.3/avr5\libgcc.a(_clz.o)

.debug_frame    0x00000000      0x1c0
 *(.debug_frame)
 .debug_frame   0x00000000       0x20 c:/users/karim/desktop/embedded systems/imt_embedded_system_course/material/01-imt sdk/imt_sdk_win_64/winavr/bin/../lib/gcc/avr/4.3.3/avr5\libgcc.a(_fixunssfsi.o)
 .debug_frame   0x00000020       0x40 c:/users/karim/desktop/embedded systems/imt_embedded_system_course/material/01-imt sdk/imt_sdk_win_64/winavr/bin/../lib/gcc/avr/4.3.3/avr5\libgcc.a(_addsub_sf.o)
 .debug_frame   0x00000060       0x20 c:/users/karim/desktop/embedded systems/imt_embedded_system_course/material/01-imt sdk/imt_sdk_win_64/winavr/bin/../lib/gcc/avr/4.3.3/avr5\libgcc.a(_mul_sf.o)
 .debug_frame   0x00000080       0x20 c:/users/karim/desktop/embedded systems/imt_embedded_system_course/material/01-imt sdk/imt_sdk_win_64/winavr/bin/../lib/gcc/avr/4.3.3/avr5\libgcc.a(_div_sf.o)
 .debug_frame   0x000000a0       0x20 c:/users/karim/desktop/embedded systems/imt_embedded_system_course/material/01-imt sdk/imt_sdk_win_64/winavr/bin/../lib/gcc/avr/4.3.3/avr5\libgcc.a(_gt_sf.o)
 .debug_frame   0x000000c0       0x20 c:/users/karim/desktop/embedded systems/imt_embedded_system_course/material/01-imt sdk/imt_sdk_win_64/winavr/bin/../lib/gcc/avr/4.3.3/avr5\libgcc.a(_ge_sf.o)
 .debug_frame   0x000000e0       0x20 c:/users/karim/desktop/embedded systems/imt_embedded_system_course/material/01-imt sdk/imt_sdk_win_64/winavr/bin/../lib/gcc/avr/4.3.3/avr5\libgcc.a(_lt_sf.o)
 .debug_frame   0x00000100       0x20 c:/users/karim/desktop/embedded systems/imt_embedded_system_course/material/01-imt sdk/imt_sdk_win_64/winavr/bin/../lib/gcc/avr/4.3.3/avr5\libgcc.a(_si_to_sf.o)
 .debug_frame   0x00000120       0x20 c:/users/karim/desktop/embedded systems/imt_embedded_system_course/material/01-imt sdk/imt_sdk_win_64/winavr/bin/../lib/gcc/avr/4.3.3/avr5\libgcc.a(_sf_to_si.o)
 .debug_frame   0x00000140       0x20 c:/users/karim/desktop/embedded systems/imt_embedded_system_course/material/01-imt sdk/imt_sdk_win_64/winavr/bin/../lib/gcc/avr/4.3.3/avr5\libgcc.a(_clzsi2.o)
 .debug_frame   0x00000160       0x20 c:/users/karim/desktop/embedded systems/imt_embedded_system_course/material/01-imt sdk/imt_sdk_win_64/winavr/bin/../lib/gcc/avr/4.3.3/avr5\libgcc.a(_pack_sf.o)
 .debug_frame   0x00000180       0x20 c:/users/karim/desktop/embedded systems/imt_embedded_system_course/material/01-imt sdk/imt_sdk_win_64/winavr/bin/../lib/gcc/avr/4.3.3/avr5\libgcc.a(_unpack_sf.o)
 .debug_frame   0x000001a0       0x20 c:/users/karim/desktop/embedded systems/imt_embedded_system_course/material/01-imt sdk/imt_sdk_win_64/winavr/bin/../lib/gcc/avr/4.3.3/avr5\libgcc.a(_fpcmp_parts_sf.o)

.debug_str      0x00000000      0x2f3
 *(.debug_str)
 .debug_str     0x00000000       0xbf c:/users/karim/desktop/embedded systems/imt_embedded_system_course/material/01-imt sdk/imt_sdk_win_64/winavr/bin/../lib/gcc/avr/4.3.3/avr5\libgcc.a(_fixunssfsi.o)
                                 0xfe (size before relaxing)
 .debug_str     0x000000bf      0x14d c:/users/karim/desktop/embedded systems/imt_embedded_system_course/material/01-imt sdk/imt_sdk_win_64/winavr/bin/../lib/gcc/avr/4.3.3/avr5\libgcc.a(_addsub_sf.o)
                                0x206 (size before relaxing)
 .debug_str     0x0000020c       0x27 c:/users/karim/desktop/embedded systems/imt_embedded_system_course/material/01-imt sdk/imt_sdk_win_64/winavr/bin/../lib/gcc/avr/4.3.3/avr5\libgcc.a(_mul_sf.o)
                                0x1bf (size before relaxing)
 .debug_str     0x00000233       0x35 c:/users/karim/desktop/embedded systems/imt_embedded_system_course/material/01-imt sdk/imt_sdk_win_64/winavr/bin/../lib/gcc/avr/4.3.3/avr5\libgcc.a(_div_sf.o)
                                0x1c8 (size before relaxing)
 .debug_str     0x00000268        0x8 c:/users/karim/desktop/embedded systems/imt_embedded_system_course/material/01-imt sdk/imt_sdk_win_64/winavr/bin/../lib/gcc/avr/4.3.3/avr5\libgcc.a(_gt_sf.o)
                                0x195 (size before relaxing)
 .debug_str     0x00000270        0x8 c:/users/karim/desktop/embedded systems/imt_embedded_system_course/material/01-imt sdk/imt_sdk_win_64/winavr/bin/../lib/gcc/avr/4.3.3/avr5\libgcc.a(_ge_sf.o)
                                0x195 (size before relaxing)
 .debug_str     0x00000278        0x8 c:/users/karim/desktop/embedded systems/imt_embedded_system_course/material/01-imt sdk/imt_sdk_win_64/winavr/bin/../lib/gcc/avr/4.3.3/avr5\libgcc.a(_lt_sf.o)
                                0x195 (size before relaxing)
 .debug_str     0x00000280       0x1e c:/users/karim/desktop/embedded systems/imt_embedded_system_course/material/01-imt sdk/imt_sdk_win_64/winavr/bin/../lib/gcc/avr/4.3.3/avr5\libgcc.a(_si_to_sf.o)
                                0x17b (size before relaxing)
 .debug_str     0x0000029e        0xa c:/users/karim/desktop/embedded systems/imt_embedded_system_course/material/01-imt sdk/imt_sdk_win_64/winavr/bin/../lib/gcc/avr/4.3.3/avr5\libgcc.a(_sf_to_si.o)
                                0x19e (size before relaxing)
 .debug_str     0x00000000      0x103 c:/users/karim/desktop/embedded systems/imt_embedded_system_course/material/01-imt sdk/imt_sdk_win_64/winavr/bin/../lib/gcc/avr/4.3.3/avr5\libgcc.a(_thenan_sf.o)
 .debug_str     0x000002a8       0x20 c:/users/karim/desktop/embedded systems/imt_embedded_system_course/material/01-imt sdk/imt_sdk_win_64/winavr/bin/../lib/gcc/avr/4.3.3/avr5\libgcc.a(_clzsi2.o)
                                0x111 (size before relaxing)
 .debug_str     0x000002c8       0x10 c:/users/karim/desktop/embedded systems/imt_embedded_system_course/material/01-imt sdk/imt_sdk_win_64/winavr/bin/../lib/gcc/avr/4.3.3/avr5\libgcc.a(_pack_sf.o)
                                0x19d (size before relaxing)
 .debug_str     0x000002d8        0xb c:/users/karim/desktop/embedded systems/imt_embedded_system_course/material/01-imt sdk/imt_sdk_win_64/winavr/bin/../lib/gcc/avr/4.3.3/avr5\libgcc.a(_unpack_sf.o)
                                0x17f (size before relaxing)
 .debug_str     0x000002e3       0x10 c:/users/karim/desktop/embedded systems/imt_embedded_system_course/material/01-imt sdk/imt_sdk_win_64/winavr/bin/../lib/gcc/avr/4.3.3/avr5\libgcc.a(_fpcmp_parts_sf.o)
                                0x163 (size before relaxing)
 .debug_str     0x00000000       0xf4 c:/users/karim/desktop/embedded systems/imt_embedded_system_course/material/01-imt sdk/imt_sdk_win_64/winavr/bin/../lib/gcc/avr/4.3.3/avr5\libgcc.a(_clz.o)

.debug_loc      0x00000000      0x9ce
 *(.debug_loc)
 .debug_loc     0x00000000       0x34 c:/users/karim/desktop/embedded systems/imt_embedded_system_course/material/01-imt sdk/imt_sdk_win_64/winavr/bin/../lib/gcc/avr/4.3.3/avr5\libgcc.a(_fixunssfsi.o)
 .debug_loc     0x00000034      0x32a c:/users/karim/desktop/embedded systems/imt_embedded_system_course/material/01-imt sdk/imt_sdk_win_64/winavr/bin/../lib/gcc/avr/4.3.3/avr5\libgcc.a(_addsub_sf.o)
 .debug_loc     0x0000035e      0x104 c:/users/karim/desktop/embedded systems/imt_embedded_system_course/material/01-imt sdk/imt_sdk_win_64/winavr/bin/../lib/gcc/avr/4.3.3/avr5\libgcc.a(_mul_sf.o)
 .debug_loc     0x00000462       0xc0 c:/users/karim/desktop/embedded systems/imt_embedded_system_course/material/01-imt sdk/imt_sdk_win_64/winavr/bin/../lib/gcc/avr/4.3.3/avr5\libgcc.a(_div_sf.o)
 .debug_loc     0x00000522       0x3c c:/users/karim/desktop/embedded systems/imt_embedded_system_course/material/01-imt sdk/imt_sdk_win_64/winavr/bin/../lib/gcc/avr/4.3.3/avr5\libgcc.a(_gt_sf.o)
 .debug_loc     0x0000055e       0x3c c:/users/karim/desktop/embedded systems/imt_embedded_system_course/material/01-imt sdk/imt_sdk_win_64/winavr/bin/../lib/gcc/avr/4.3.3/avr5\libgcc.a(_ge_sf.o)
 .debug_loc     0x0000059a       0x3c c:/users/karim/desktop/embedded systems/imt_embedded_system_course/material/01-imt sdk/imt_sdk_win_64/winavr/bin/../lib/gcc/avr/4.3.3/avr5\libgcc.a(_lt_sf.o)
 .debug_loc     0x000005d6       0xac c:/users/karim/desktop/embedded systems/imt_embedded_system_course/material/01-imt sdk/imt_sdk_win_64/winavr/bin/../lib/gcc/avr/4.3.3/avr5\libgcc.a(_si_to_sf.o)
 .debug_loc     0x00000682       0x7e c:/users/karim/desktop/embedded systems/imt_embedded_system_course/material/01-imt sdk/imt_sdk_win_64/winavr/bin/../lib/gcc/avr/4.3.3/avr5\libgcc.a(_sf_to_si.o)
 .debug_loc     0x00000700       0x94 c:/users/karim/desktop/embedded systems/imt_embedded_system_course/material/01-imt sdk/imt_sdk_win_64/winavr/bin/../lib/gcc/avr/4.3.3/avr5\libgcc.a(_clzsi2.o)
 .debug_loc     0x00000794      0x13e c:/users/karim/desktop/embedded systems/imt_embedded_system_course/material/01-imt sdk/imt_sdk_win_64/winavr/bin/../lib/gcc/avr/4.3.3/avr5\libgcc.a(_pack_sf.o)
 .debug_loc     0x000008d2       0xac c:/users/karim/desktop/embedded systems/imt_embedded_system_course/material/01-imt sdk/imt_sdk_win_64/winavr/bin/../lib/gcc/avr/4.3.3/avr5\libgcc.a(_unpack_sf.o)
 .debug_loc     0x0000097e       0x50 c:/users/karim/desktop/embedded systems/imt_embedded_system_course/material/01-imt sdk/imt_sdk_win_64/winavr/bin/../lib/gcc/avr/4.3.3/avr5\libgcc.a(_fpcmp_parts_sf.o)

.debug_macinfo
 *(.debug_macinfo)
OUTPUT(FreeRtos_LCD.elf elf32-avr)
LOAD linker stubs

.debug_ranges   0x00000000       0x50
 .debug_ranges  0x00000000       0x50 c:/users/karim/desktop/embedded systems/imt_embedded_system_course/material/01-imt sdk/imt_sdk_win_64/winavr/bin/../lib/gcc/avr/4.3.3/avr5\libgcc.a(_mul_sf.o)
