Archive member included because of file (symbol)

c:/users/karim/desktop/embedded systems/imt_embedded_system_course/material/01-imt sdk/imt_sdk_win_64/winavr/bin/../lib/gcc/avr/4.3.3/avr5\libgcc.a(_mulsi3.o)
                              ./LCD_Program.o (__mulsi3)
c:/users/karim/desktop/embedded systems/imt_embedded_system_course/material/01-imt sdk/imt_sdk_win_64/winavr/bin/../lib/gcc/avr/4.3.3/avr5\libgcc.a(_divmodsi4.o)
                              ./LCD_Program.o (__divmodsi4)
c:/users/karim/desktop/embedded systems/imt_embedded_system_course/material/01-imt sdk/imt_sdk_win_64/winavr/bin/../lib/gcc/avr/4.3.3/avr5\libgcc.a(_exit.o)
                              c:/users/karim/desktop/embedded systems/imt_embedded_system_course/material/01-imt sdk/imt_sdk_win_64/winavr/bin/../lib/gcc/avr/4.3.3/../../../../avr/lib/avr5/crtm32.o (exit)
c:/users/karim/desktop/embedded systems/imt_embedded_system_course/material/01-imt sdk/imt_sdk_win_64/winavr/bin/../lib/gcc/avr/4.3.3/avr5\libgcc.a(_copy_data.o)
                              ./DIO_Program.o (__do_copy_data)
c:/users/karim/desktop/embedded systems/imt_embedded_system_course/material/01-imt sdk/imt_sdk_win_64/winavr/bin/../lib/gcc/avr/4.3.3/avr5\libgcc.a(_clear_bss.o)
                              ./TIMERS_Program.o (__do_clear_bss)
c:/users/karim/desktop/embedded systems/imt_embedded_system_course/material/01-imt sdk/imt_sdk_win_64/winavr/bin/../lib/gcc/avr/4.3.3/avr5\libgcc.a(_fixunssfsi.o)
                              ./LCD_Program.o (__fixunssfsi)
c:/users/karim/desktop/embedded systems/imt_embedded_system_course/material/01-imt sdk/imt_sdk_win_64/winavr/bin/../lib/gcc/avr/4.3.3/avr5\libgcc.a(_addsub_sf.o)
                              ./LCD_Program.o (__subsf3)
c:/users/karim/desktop/embedded systems/imt_embedded_system_course/material/01-imt sdk/imt_sdk_win_64/winavr/bin/../lib/gcc/avr/4.3.3/avr5\libgcc.a(_mul_sf.o)
                              ./LCD_Program.o (__mulsf3)
c:/users/karim/desktop/embedded systems/imt_embedded_system_course/material/01-imt sdk/imt_sdk_win_64/winavr/bin/../lib/gcc/avr/4.3.3/avr5\libgcc.a(_div_sf.o)
                              ./LCD_Program.o (__divsf3)
c:/users/karim/desktop/embedded systems/imt_embedded_system_course/material/01-imt sdk/imt_sdk_win_64/winavr/bin/../lib/gcc/avr/4.3.3/avr5\libgcc.a(_gt_sf.o)
                              ./LCD_Program.o (__gtsf2)
c:/users/karim/desktop/embedded systems/imt_embedded_system_course/material/01-imt sdk/imt_sdk_win_64/winavr/bin/../lib/gcc/avr/4.3.3/avr5\libgcc.a(_ge_sf.o)
                              c:/users/karim/desktop/embedded systems/imt_embedded_system_course/material/01-imt sdk/imt_sdk_win_64/winavr/bin/../lib/gcc/avr/4.3.3/avr5\libgcc.a(_fixunssfsi.o) (__gesf2)
c:/users/karim/desktop/embedded systems/imt_embedded_system_course/material/01-imt sdk/imt_sdk_win_64/winavr/bin/../lib/gcc/avr/4.3.3/avr5\libgcc.a(_lt_sf.o)
                              ./LCD_Program.o (__ltsf2)
c:/users/karim/desktop/embedded systems/imt_embedded_system_course/material/01-imt sdk/imt_sdk_win_64/winavr/bin/../lib/gcc/avr/4.3.3/avr5\libgcc.a(_si_to_sf.o)
                              ./LCD_Program.o (__floatsisf)
c:/users/karim/desktop/embedded systems/imt_embedded_system_course/material/01-imt sdk/imt_sdk_win_64/winavr/bin/../lib/gcc/avr/4.3.3/avr5\libgcc.a(_sf_to_si.o)
                              ./LCD_Program.o (__fixsfsi)
c:/users/karim/desktop/embedded systems/imt_embedded_system_course/material/01-imt sdk/imt_sdk_win_64/winavr/bin/../lib/gcc/avr/4.3.3/avr5\libgcc.a(_thenan_sf.o)
                              c:/users/karim/desktop/embedded systems/imt_embedded_system_course/material/01-imt sdk/imt_sdk_win_64/winavr/bin/../lib/gcc/avr/4.3.3/avr5\libgcc.a(_addsub_sf.o) (__thenan_sf)
c:/users/karim/desktop/embedded systems/imt_embedded_system_course/material/01-imt sdk/imt_sdk_win_64/winavr/bin/../lib/gcc/avr/4.3.3/avr5\libgcc.a(_usi_to_sf.o)
                              ./UltraSonic_Sensor_Program.o (__floatunsisf)
c:/users/karim/desktop/embedded systems/imt_embedded_system_course/material/01-imt sdk/imt_sdk_win_64/winavr/bin/../lib/gcc/avr/4.3.3/avr5\libgcc.a(_udivmodsi4.o)
                              c:/users/karim/desktop/embedded systems/imt_embedded_system_course/material/01-imt sdk/imt_sdk_win_64/winavr/bin/../lib/gcc/avr/4.3.3/avr5\libgcc.a(_divmodsi4.o) (__udivmodsi4)
c:/users/karim/desktop/embedded systems/imt_embedded_system_course/material/01-imt sdk/imt_sdk_win_64/winavr/bin/../lib/gcc/avr/4.3.3/avr5\libgcc.a(_prologue.o)
                              c:/users/karim/desktop/embedded systems/imt_embedded_system_course/material/01-imt sdk/imt_sdk_win_64/winavr/bin/../lib/gcc/avr/4.3.3/avr5\libgcc.a(_addsub_sf.o) (__prologue_saves__)
c:/users/karim/desktop/embedded systems/imt_embedded_system_course/material/01-imt sdk/imt_sdk_win_64/winavr/bin/../lib/gcc/avr/4.3.3/avr5\libgcc.a(_epilogue.o)
                              c:/users/karim/desktop/embedded systems/imt_embedded_system_course/material/01-imt sdk/imt_sdk_win_64/winavr/bin/../lib/gcc/avr/4.3.3/avr5\libgcc.a(_addsub_sf.o) (__epilogue_restores__)
c:/users/karim/desktop/embedded systems/imt_embedded_system_course/material/01-imt sdk/imt_sdk_win_64/winavr/bin/../lib/gcc/avr/4.3.3/avr5\libgcc.a(_clzsi2.o)
                              c:/users/karim/desktop/embedded systems/imt_embedded_system_course/material/01-imt sdk/imt_sdk_win_64/winavr/bin/../lib/gcc/avr/4.3.3/avr5\libgcc.a(_si_to_sf.o) (__clzsi2)
c:/users/karim/desktop/embedded systems/imt_embedded_system_course/material/01-imt sdk/imt_sdk_win_64/winavr/bin/../lib/gcc/avr/4.3.3/avr5\libgcc.a(_pack_sf.o)
                              c:/users/karim/desktop/embedded systems/imt_embedded_system_course/material/01-imt sdk/imt_sdk_win_64/winavr/bin/../lib/gcc/avr/4.3.3/avr5\libgcc.a(_addsub_sf.o) (__pack_f)
c:/users/karim/desktop/embedded systems/imt_embedded_system_course/material/01-imt sdk/imt_sdk_win_64/winavr/bin/../lib/gcc/avr/4.3.3/avr5\libgcc.a(_unpack_sf.o)
                              c:/users/karim/desktop/embedded systems/imt_embedded_system_course/material/01-imt sdk/imt_sdk_win_64/winavr/bin/../lib/gcc/avr/4.3.3/avr5\libgcc.a(_addsub_sf.o) (__unpack_f)
c:/users/karim/desktop/embedded systems/imt_embedded_system_course/material/01-imt sdk/imt_sdk_win_64/winavr/bin/../lib/gcc/avr/4.3.3/avr5\libgcc.a(_fpcmp_parts_sf.o)
                              c:/users/karim/desktop/embedded systems/imt_embedded_system_course/material/01-imt sdk/imt_sdk_win_64/winavr/bin/../lib/gcc/avr/4.3.3/avr5\libgcc.a(_gt_sf.o) (__fpcmp_parts_f)
c:/users/karim/desktop/embedded systems/imt_embedded_system_course/material/01-imt sdk/imt_sdk_win_64/winavr/bin/../lib/gcc/avr/4.3.3/avr5\libgcc.a(_clz.o)
                              c:/users/karim/desktop/embedded systems/imt_embedded_system_course/material/01-imt sdk/imt_sdk_win_64/winavr/bin/../lib/gcc/avr/4.3.3/avr5\libgcc.a(_clzsi2.o) (__clz_tab)

Memory Configuration

Name             Origin             Length             Attributes
text             0x00000000         0x00020000         xr
data             0x00800060         0x0000ffa0         rw !x
eeprom           0x00810000         0x00010000         rw !x
fuse             0x00820000         0x00000400         rw !x
lock             0x00830000         0x00000400         rw !x
signature        0x00840000         0x00000400         rw !x
*default*        0x00000000         0xffffffff

Linker script and memory map

LOAD c:/users/karim/desktop/embedded systems/imt_embedded_system_course/material/01-imt sdk/imt_sdk_win_64/winavr/bin/../lib/gcc/avr/4.3.3/../../../../avr/lib/avr5/crtm32.o
LOAD ./DIO_Program.o
LOAD ./LCD_Program.o
LOAD ./TIMERS_Program.o
LOAD ./UltraSonic_Sensor_Program.o
LOAD ./main.o
LOAD c:/users/karim/desktop/embedded systems/imt_embedded_system_course/material/01-imt sdk/imt_sdk_win_64/winavr/bin/../lib/gcc/avr/4.3.3/avr5\libgcc.a
LOAD c:/users/karim/desktop/embedded systems/imt_embedded_system_course/material/01-imt sdk/imt_sdk_win_64/winavr/bin/../lib/gcc/avr/4.3.3/../../../../avr/lib/avr5\libc.a
LOAD c:/users/karim/desktop/embedded systems/imt_embedded_system_course/material/01-imt sdk/imt_sdk_win_64/winavr/bin/../lib/gcc/avr/4.3.3/avr5\libgcc.a

.hash
 *(.hash)

.dynsym
 *(.dynsym)

.dynstr
 *(.dynstr)

.gnu.version
 *(.gnu.version)

.gnu.version_d
 *(.gnu.version_d)

.gnu.version_r
 *(.gnu.version_r)

.rel.init
 *(.rel.init)

.rela.init
 *(.rela.init)

.rel.text
 *(.rel.text)
 *(.rel.text.*)
 *(.rel.gnu.linkonce.t*)

.rela.text
 *(.rela.text)
 *(.rela.text.*)
 *(.rela.gnu.linkonce.t*)

.rel.fini
 *(.rel.fini)

.rela.fini
 *(.rela.fini)

.rel.rodata
 *(.rel.rodata)
 *(.rel.rodata.*)
 *(.rel.gnu.linkonce.r*)

.rela.rodata
 *(.rela.rodata)
 *(.rela.rodata.*)
 *(.rela.gnu.linkonce.r*)

.rel.data
 *(.rel.data)
 *(.rel.data.*)
 *(.rel.gnu.linkonce.d*)

.rela.data
 *(.rela.data)
 *(.rela.data.*)
 *(.rela.gnu.linkonce.d*)

.rel.ctors
 *(.rel.ctors)

.rela.ctors
 *(.rela.ctors)

.rel.dtors
 *(.rel.dtors)

.rela.dtors
 *(.rela.dtors)

.rel.got
 *(.rel.got)

.rela.got
 *(.rela.got)

.rel.bss
 *(.rel.bss)

.rela.bss
 *(.rela.bss)

.rel.plt
 *(.rel.plt)

.rela.plt
 *(.rela.plt)

.text           0x00000000     0x590e
 *(.vectors)
 .vectors       0x00000000       0x54 c:/users/karim/desktop/embedded systems/imt_embedded_system_course/material/01-imt sdk/imt_sdk_win_64/winavr/bin/../lib/gcc/avr/4.3.3/../../../../avr/lib/avr5/crtm32.o
                0x00000000                __vectors
                0x00000000                __vector_default
 *(.vectors)
 *(.progmem.gcc*)
 *(.progmem*)
                0x00000054                . = ALIGN (0x2)
                0x00000054                __trampolines_start = .
 *(.trampolines)
 .trampolines   0x00000054        0x0 linker stubs
 *(.trampolines*)
                0x00000054                __trampolines_end = .
 *(.jumptables)
 *(.jumptables*)
 *(.lowtext)
 *(.lowtext*)
                0x00000054                __ctors_start = .
 *(.ctors)
                0x00000054                __ctors_end = .
                0x00000054                __dtors_start = .
 *(.dtors)
                0x00000054                __dtors_end = .
 SORT(*)(.ctors)
 SORT(*)(.dtors)
 *(.init0)
 .init0         0x00000054        0x0 c:/users/karim/desktop/embedded systems/imt_embedded_system_course/material/01-imt sdk/imt_sdk_win_64/winavr/bin/../lib/gcc/avr/4.3.3/../../../../avr/lib/avr5/crtm32.o
                0x00000054                __init
 *(.init0)
 *(.init1)
 *(.init1)
 *(.init2)
 .init2         0x00000054        0xc c:/users/karim/desktop/embedded systems/imt_embedded_system_course/material/01-imt sdk/imt_sdk_win_64/winavr/bin/../lib/gcc/avr/4.3.3/../../../../avr/lib/avr5/crtm32.o
 *(.init2)
 *(.init3)
 *(.init3)
 *(.init4)
 .init4         0x00000060       0x16 c:/users/karim/desktop/embedded systems/imt_embedded_system_course/material/01-imt sdk/imt_sdk_win_64/winavr/bin/../lib/gcc/avr/4.3.3/avr5\libgcc.a(_copy_data.o)
                0x00000060                __do_copy_data
 .init4         0x00000076       0x10 c:/users/karim/desktop/embedded systems/imt_embedded_system_course/material/01-imt sdk/imt_sdk_win_64/winavr/bin/../lib/gcc/avr/4.3.3/avr5\libgcc.a(_clear_bss.o)
                0x00000076                __do_clear_bss
 *(.init4)
 *(.init5)
 *(.init5)
 *(.init6)
 *(.init6)
 *(.init7)
 *(.init7)
 *(.init8)
 *(.init8)
 *(.init9)
 .init9         0x00000086        0x8 c:/users/karim/desktop/embedded systems/imt_embedded_system_course/material/01-imt sdk/imt_sdk_win_64/winavr/bin/../lib/gcc/avr/4.3.3/../../../../avr/lib/avr5/crtm32.o
 *(.init9)
 *(.text)
 .text          0x0000008e        0x4 c:/users/karim/desktop/embedded systems/imt_embedded_system_course/material/01-imt sdk/imt_sdk_win_64/winavr/bin/../lib/gcc/avr/4.3.3/../../../../avr/lib/avr5/crtm32.o
                0x0000008e                __vector_1
                0x0000008e                __vector_12
                0x0000008e                __bad_interrupt
                0x0000008e                __vector_3
                0x0000008e                __vector_13
                0x0000008e                __vector_17
                0x0000008e                __vector_19
                0x0000008e                __vector_2
                0x0000008e                __vector_15
                0x0000008e                __vector_14
                0x0000008e                __vector_16
                0x0000008e                __vector_18
                0x0000008e                __vector_20
 .text          0x00000092        0x0 ./DIO_Program.o
 .text          0x00000092        0x0 ./LCD_Program.o
 .text          0x00000092        0x0 ./TIMERS_Program.o
 .text          0x00000092        0x0 ./UltraSonic_Sensor_Program.o
 .text          0x00000092        0x0 ./main.o
 .text          0x00000092        0x0 c:/users/karim/desktop/embedded systems/imt_embedded_system_course/material/01-imt sdk/imt_sdk_win_64/winavr/bin/../lib/gcc/avr/4.3.3/avr5\libgcc.a(_mulsi3.o)
 .text          0x00000092        0x0 c:/users/karim/desktop/embedded systems/imt_embedded_system_course/material/01-imt sdk/imt_sdk_win_64/winavr/bin/../lib/gcc/avr/4.3.3/avr5\libgcc.a(_divmodsi4.o)
 .text          0x00000092        0x0 c:/users/karim/desktop/embedded systems/imt_embedded_system_course/material/01-imt sdk/imt_sdk_win_64/winavr/bin/../lib/gcc/avr/4.3.3/avr5\libgcc.a(_exit.o)
 .text          0x00000092        0x0 c:/users/karim/desktop/embedded systems/imt_embedded_system_course/material/01-imt sdk/imt_sdk_win_64/winavr/bin/../lib/gcc/avr/4.3.3/avr5\libgcc.a(_copy_data.o)
 .text          0x00000092        0x0 c:/users/karim/desktop/embedded systems/imt_embedded_system_course/material/01-imt sdk/imt_sdk_win_64/winavr/bin/../lib/gcc/avr/4.3.3/avr5\libgcc.a(_clear_bss.o)
 .text          0x00000092       0x58 c:/users/karim/desktop/embedded systems/imt_embedded_system_course/material/01-imt sdk/imt_sdk_win_64/winavr/bin/../lib/gcc/avr/4.3.3/avr5\libgcc.a(_fixunssfsi.o)
                0x00000092                __fixunssfsi
 .text          0x000000ea      0x354 c:/users/karim/desktop/embedded systems/imt_embedded_system_course/material/01-imt sdk/imt_sdk_win_64/winavr/bin/../lib/gcc/avr/4.3.3/avr5\libgcc.a(_addsub_sf.o)
                0x00000382                __subsf3
                0x000003e4                __addsf3
 .text          0x0000043e      0x1f4 c:/users/karim/desktop/embedded systems/imt_embedded_system_course/material/01-imt sdk/imt_sdk_win_64/winavr/bin/../lib/gcc/avr/4.3.3/avr5\libgcc.a(_mul_sf.o)
                0x0000043e                __mulsf3
 .text          0x00000632      0x158 c:/users/karim/desktop/embedded systems/imt_embedded_system_course/material/01-imt sdk/imt_sdk_win_64/winavr/bin/../lib/gcc/avr/4.3.3/avr5\libgcc.a(_div_sf.o)
                0x00000632                __divsf3
 .text          0x0000078a       0x60 c:/users/karim/desktop/embedded systems/imt_embedded_system_course/material/01-imt sdk/imt_sdk_win_64/winavr/bin/../lib/gcc/avr/4.3.3/avr5\libgcc.a(_gt_sf.o)
                0x0000078a                __gtsf2
 .text          0x000007ea       0x60 c:/users/karim/desktop/embedded systems/imt_embedded_system_course/material/01-imt sdk/imt_sdk_win_64/winavr/bin/../lib/gcc/avr/4.3.3/avr5\libgcc.a(_ge_sf.o)
                0x000007ea                __gesf2
 .text          0x0000084a       0x60 c:/users/karim/desktop/embedded systems/imt_embedded_system_course/material/01-imt sdk/imt_sdk_win_64/winavr/bin/../lib/gcc/avr/4.3.3/avr5\libgcc.a(_lt_sf.o)
                0x0000084a                __ltsf2
 .text          0x000008aa       0xbc c:/users/karim/desktop/embedded systems/imt_embedded_system_course/material/01-imt sdk/imt_sdk_win_64/winavr/bin/../lib/gcc/avr/4.3.3/avr5\libgcc.a(_si_to_sf.o)
                0x000008aa                __floatsisf
 .text          0x00000966       0xa8 c:/users/karim/desktop/embedded systems/imt_embedded_system_course/material/01-imt sdk/imt_sdk_win_64/winavr/bin/../lib/gcc/avr/4.3.3/avr5\libgcc.a(_sf_to_si.o)
                0x00000966                __fixsfsi
 .text          0x00000a0e        0x0 c:/users/karim/desktop/embedded systems/imt_embedded_system_course/material/01-imt sdk/imt_sdk_win_64/winavr/bin/../lib/gcc/avr/4.3.3/avr5\libgcc.a(_thenan_sf.o)
 .text          0x00000a0e       0xf2 c:/users/karim/desktop/embedded systems/imt_embedded_system_course/material/01-imt sdk/imt_sdk_win_64/winavr/bin/../lib/gcc/avr/4.3.3/avr5\libgcc.a(_usi_to_sf.o)
                0x00000a0e                __floatunsisf
 .text          0x00000b00        0x0 c:/users/karim/desktop/embedded systems/imt_embedded_system_course/material/01-imt sdk/imt_sdk_win_64/winavr/bin/../lib/gcc/avr/4.3.3/avr5\libgcc.a(_udivmodsi4.o)
 .text          0x00000b00        0x0 c:/users/karim/desktop/embedded systems/imt_embedded_system_course/material/01-imt sdk/imt_sdk_win_64/winavr/bin/../lib/gcc/avr/4.3.3/avr5\libgcc.a(_prologue.o)
 .text          0x00000b00        0x0 c:/users/karim/desktop/embedded systems/imt_embedded_system_course/material/01-imt sdk/imt_sdk_win_64/winavr/bin/../lib/gcc/avr/4.3.3/avr5\libgcc.a(_epilogue.o)
 .text          0x00000b00       0x9e c:/users/karim/desktop/embedded systems/imt_embedded_system_course/material/01-imt sdk/imt_sdk_win_64/winavr/bin/../lib/gcc/avr/4.3.3/avr5\libgcc.a(_clzsi2.o)
                0x00000b00                __clzsi2
 .text          0x00000b9e      0x1aa c:/users/karim/desktop/embedded systems/imt_embedded_system_course/material/01-imt sdk/imt_sdk_win_64/winavr/bin/../lib/gcc/avr/4.3.3/avr5\libgcc.a(_pack_sf.o)
                0x00000b9e                __pack_f
 .text          0x00000d48       0xf0 c:/users/karim/desktop/embedded systems/imt_embedded_system_course/material/01-imt sdk/imt_sdk_win_64/winavr/bin/../lib/gcc/avr/4.3.3/avr5\libgcc.a(_unpack_sf.o)
                0x00000d48                __unpack_f
 .text          0x00000e38       0xb2 c:/users/karim/desktop/embedded systems/imt_embedded_system_course/material/01-imt sdk/imt_sdk_win_64/winavr/bin/../lib/gcc/avr/4.3.3/avr5\libgcc.a(_fpcmp_parts_sf.o)
                0x00000e38                __fpcmp_parts_f
 .text          0x00000eea        0x0 c:/users/karim/desktop/embedded systems/imt_embedded_system_course/material/01-imt sdk/imt_sdk_win_64/winavr/bin/../lib/gcc/avr/4.3.3/avr5\libgcc.a(_clz.o)
                0x00000eea                . = ALIGN (0x2)
 *(.text.*)
 .text.DIO_void_set_port_dir
                0x00000eea       0x32 ./DIO_Program.o
                0x00000eea                DIO_void_set_port_dir
 .text.DIO_void_set_pin_dir
                0x00000f1c       0xb8 ./DIO_Program.o
                0x00000f1c                DIO_void_set_pin_dir
 .text.DIO_void_port_pullup
                0x00000fd4       0x46 ./DIO_Program.o
                0x00000fd4                DIO_void_port_pullup
 .text.DIO_void_pin_pullup
                0x0000101a       0xa8 ./DIO_Program.o
                0x0000101a                DIO_void_pin_pullup
 .text.DIO_void_set_port
                0x000010c2       0x2e ./DIO_Program.o
                0x000010c2                DIO_void_set_port
 .text.DIO_void_clear_port
                0x000010f0       0x2c ./DIO_Program.o
                0x000010f0                DIO_void_clear_port
 .text.DIO_void_assign_port
                0x0000111c       0x32 ./DIO_Program.o
                0x0000111c                DIO_void_assign_port
 .text.DIO_void_toggle_port
                0x0000114e       0x44 ./DIO_Program.o
                0x0000114e                DIO_void_toggle_port
 .text.DIO_void_set_pin
                0x00001192       0x60 ./DIO_Program.o
                0x00001192                DIO_void_set_pin
 .text.DIO_void_clear_pin
                0x000011f2       0x62 ./DIO_Program.o
                0x000011f2                DIO_void_clear_pin
 .text.DIO_void_assign_pin
                0x00001254       0xb8 ./DIO_Program.o
                0x00001254                DIO_void_assign_pin
 .text.DIO_void_toggle_pin
                0x0000130c       0x60 ./DIO_Program.o
                0x0000130c                DIO_void_toggle_pin
 .text.DIO_u8_get_port
                0x0000136c       0x2c ./DIO_Program.o
                0x0000136c                DIO_u8_get_port
 .text.DIO_u8_get_pin
                0x00001398       0x4a ./DIO_Program.o
                0x00001398                DIO_u8_get_pin
 .text.array_Swap
                0x000013e2       0x90 ./LCD_Program.o
 .text.power_10
                0x00001472       0x6e ./LCD_Program.o
                0x00001472                power_10
 .text.LCD_write_data_8bit
                0x000014e0      0x340 ./LCD_Program.o
 .text.LCD_write_command_8bit
                0x00001820      0x348 ./LCD_Program.o
 .text.LCD_write_data_4bit
                0x00001b68      0x838 ./LCD_Program.o
 .text.LCD_write_command_4bit
                0x000023a0      0x838 ./LCD_Program.o
 .text.LCD_function_Set_4bit
                0x00002bd8      0xf80 ./LCD_Program.o
 .text.LCD_init
                0x00003b58      0x5c4 ./LCD_Program.o
                0x00003b58                LCD_init
 .text.LCD_set_cursor
                0x0000411c      0x1ce ./LCD_Program.o
                0x0000411c                LCD_set_cursor
 .text.LCD_on   0x000042ea      0x1a8 ./LCD_Program.o
                0x000042ea                LCD_on
 .text.LCD_off  0x00004492      0x1a8 ./LCD_Program.o
                0x00004492                LCD_off
 .text.LCD_clear_display
                0x0000463a      0x1fa ./LCD_Program.o
                0x0000463a                LCD_clear_display
 .text.LCD_write_char
                0x00004834      0x1aa ./LCD_Program.o
                0x00004834                LCD_write_char
 .text.LCD_write_string
                0x000049de       0x52 ./LCD_Program.o
                0x000049de                LCD_write_string
 .text.LCD_write_number
                0x00004a30      0x134 ./LCD_Program.o
                0x00004a30                LCD_write_number
 .text.LCD_write_float
                0x00004b64      0x10a ./LCD_Program.o
                0x00004b64                LCD_write_float
 .text.Timer_set_Callback_Func
                0x00004c6e       0x3c ./TIMERS_Program.o
                0x00004c6e                Timer_set_Callback_Func
 .text.TMR0_prescallar
                0x00004caa       0x38 ./TIMERS_Program.o
                0x00004caa                TMR0_prescallar
 .text.TMR0_0C0_setup
                0x00004ce2       0x2a ./TIMERS_Program.o
                0x00004ce2                TMR0_0C0_setup
 .text.TMR0_mode
                0x00004d0c       0x2a ./TIMERS_Program.o
                0x00004d0c                TMR0_mode
 .text.TMR0_Stop
                0x00004d36       0x38 ./TIMERS_Program.o
                0x00004d36                TMR0_Stop
 .text.TMR0_loadTCNT0
                0x00004d6e       0x1c ./TIMERS_Program.o
                0x00004d6e                TMR0_loadTCNT0
 .text.TMR0_loadOCR0
                0x00004d8a       0x1c ./TIMERS_Program.o
                0x00004d8a                TMR0_loadOCR0
 .text.TMR0_Init
                0x00004da6       0x36 ./TIMERS_Program.o
                0x00004da6                TMR0_Init
 .text.__vector_11
                0x00004ddc       0x66 ./TIMERS_Program.o
                0x00004ddc                __vector_11
 .text.__vector_10
                0x00004e42       0x66 ./TIMERS_Program.o
                0x00004e42                __vector_10
 .text.TMR1_mode
                0x00004ea8       0x46 ./TIMERS_Program.o
                0x00004ea8                TMR1_mode
 .text.TMR1_OC_Setup
                0x00004eee        0xe ./TIMERS_Program.o
                0x00004eee                TMR1_OC_Setup
 .text.TMR1_prescallar
                0x00004efc       0x38 ./TIMERS_Program.o
                0x00004efc                TMR1_prescallar
 .text.TMR1_loadTCNT1
                0x00004f34       0x24 ./TIMERS_Program.o
                0x00004f34                TMR1_loadTCNT1
 .text.TMR1_loadOCR1A
                0x00004f58       0x24 ./TIMERS_Program.o
                0x00004f58                TMR1_loadOCR1A
 .text.TMR1_loadOCR1B
                0x00004f7c       0x24 ./TIMERS_Program.o
                0x00004f7c                TMR1_loadOCR1B
 .text.TMR1_Stop
                0x00004fa0       0x38 ./TIMERS_Program.o
                0x00004fa0                TMR1_Stop
 .text.TMR1_Init
                0x00004fd8       0x3e ./TIMERS_Program.o
                0x00004fd8                TMR1_Init
 .text.TMR1_ICU_Enable
                0x00005016       0x88 ./TIMERS_Program.o
                0x00005016                TMR1_ICU_Enable
 .text.TMR1_Clear_value
                0x0000509e       0x16 ./TIMERS_Program.o
                0x0000509e                TMR1_Clear_value
 .text.TMR1_ICU_Disable
                0x000050b4       0x1c ./TIMERS_Program.o
                0x000050b4                TMR1_ICU_Disable
 .text.TMR1_ICU_read
                0x000050d0       0x16 ./TIMERS_Program.o
                0x000050d0                TMR1_ICU_read
 .text.TMR1_ICU_Set_TCNT1
                0x000050e6       0x24 ./TIMERS_Program.o
                0x000050e6                TMR1_ICU_Set_TCNT1
 .text.__vector_6
                0x0000510a       0x66 ./TIMERS_Program.o
                0x0000510a                __vector_6
 .text.__vector_7
                0x00005170       0x66 ./TIMERS_Program.o
                0x00005170                __vector_7
 .text.__vector_8
                0x000051d6       0x66 ./TIMERS_Program.o
                0x000051d6                __vector_8
 .text.__vector_9
                0x0000523c       0x66 ./TIMERS_Program.o
                0x0000523c                __vector_9
 .text.TMR2_prescaller
                0x000052a2       0x38 ./TIMERS_Program.o
                0x000052a2                TMR2_prescaller
 .text.TMR2_OC2_setup
                0x000052da       0x2a ./TIMERS_Program.o
                0x000052da                TMR2_OC2_setup
 .text.TMR2_mode
                0x00005304       0x2a ./TIMERS_Program.o
                0x00005304                TMR2_mode
 .text.TMR2_Stop
                0x0000532e       0x38 ./TIMERS_Program.o
                0x0000532e                TMR2_Stop
 .text.TMR2_loadTCNT2
                0x00005366       0x1c ./TIMERS_Program.o
                0x00005366                TMR2_loadTCNT2
 .text.TMR2_loadOCR2
                0x00005382       0x1c ./TIMERS_Program.o
                0x00005382                TMR2_loadOCR2
 .text.TMR2_Init
                0x0000539e       0x36 ./TIMERS_Program.o
                0x0000539e                TMR2_Init
 .text.__vector_5
                0x000053d4       0x66 ./TIMERS_Program.o
                0x000053d4                __vector_5
 .text.__vector_4
                0x0000543a       0x66 ./TIMERS_Program.o
                0x0000543a                __vector_4
 .text.WDT_Enable
                0x000054a0       0x52 ./TIMERS_Program.o
                0x000054a0                WDT_Enable
 .text.WDT_Disable
                0x000054f2       0x1c ./TIMERS_Program.o
                0x000054f2                WDT_Disable
 .text.ultraSonicInit
                0x0000550e       0x2e ./UltraSonic_Sensor_Program.o
                0x0000550e                ultraSonicInit
 .text.ultraSonicPulse
                0x0000553c      0x1b2 ./UltraSonic_Sensor_Program.o
 .text.ultraSonicReadDistance
                0x000056ee       0x4c ./UltraSonic_Sensor_Program.o
                0x000056ee                ultraSonicReadDistance
 .text.ultraSonicEdgeCalc
                0x0000573a       0x4e ./UltraSonic_Sensor_Program.o
                0x0000573a                ultraSonicEdgeCalc
 .text.main     0x00005788       0x5c ./main.o
                0x00005788                main
 .text.libgcc   0x000057e4       0x3e c:/users/karim/desktop/embedded systems/imt_embedded_system_course/material/01-imt sdk/imt_sdk_win_64/winavr/bin/../lib/gcc/avr/4.3.3/avr5\libgcc.a(_mulsi3.o)
                0x000057e4                __mulsi3
 .text.libgcc   0x00005822       0x36 c:/users/karim/desktop/embedded systems/imt_embedded_system_course/material/01-imt sdk/imt_sdk_win_64/winavr/bin/../lib/gcc/avr/4.3.3/avr5\libgcc.a(_divmodsi4.o)
                0x00005822                __divmodsi4
 .text.libgcc   0x00005858        0x0 c:/users/karim/desktop/embedded systems/imt_embedded_system_course/material/01-imt sdk/imt_sdk_win_64/winavr/bin/../lib/gcc/avr/4.3.3/avr5\libgcc.a(_exit.o)
 .text.libgcc   0x00005858        0x0 c:/users/karim/desktop/embedded systems/imt_embedded_system_course/material/01-imt sdk/imt_sdk_win_64/winavr/bin/../lib/gcc/avr/4.3.3/avr5\libgcc.a(_copy_data.o)
 .text.libgcc   0x00005858        0x0 c:/users/karim/desktop/embedded systems/imt_embedded_system_course/material/01-imt sdk/imt_sdk_win_64/winavr/bin/../lib/gcc/avr/4.3.3/avr5\libgcc.a(_clear_bss.o)
 .text.libgcc   0x00005858       0x44 c:/users/karim/desktop/embedded systems/imt_embedded_system_course/material/01-imt sdk/imt_sdk_win_64/winavr/bin/../lib/gcc/avr/4.3.3/avr5\libgcc.a(_udivmodsi4.o)
                0x00005858                __udivmodsi4
 .text.libgcc   0x0000589c       0x38 c:/users/karim/desktop/embedded systems/imt_embedded_system_course/material/01-imt sdk/imt_sdk_win_64/winavr/bin/../lib/gcc/avr/4.3.3/avr5\libgcc.a(_prologue.o)
                0x0000589c                __prologue_saves__
 .text.libgcc   0x000058d4       0x36 c:/users/karim/desktop/embedded systems/imt_embedded_system_course/material/01-imt sdk/imt_sdk_win_64/winavr/bin/../lib/gcc/avr/4.3.3/avr5\libgcc.a(_epilogue.o)
                0x000058d4                __epilogue_restores__
                0x0000590a                . = ALIGN (0x2)
 *(.fini9)
 .fini9         0x0000590a        0x0 c:/users/karim/desktop/embedded systems/imt_embedded_system_course/material/01-imt sdk/imt_sdk_win_64/winavr/bin/../lib/gcc/avr/4.3.3/avr5\libgcc.a(_exit.o)
                0x0000590a                exit
                0x0000590a                _exit
 *(.fini9)
 *(.fini8)
 *(.fini8)
 *(.fini7)
 *(.fini7)
 *(.fini6)
 *(.fini6)
 *(.fini5)
 *(.fini5)
 *(.fini4)
 *(.fini4)
 *(.fini3)
 *(.fini3)
 *(.fini2)
 *(.fini2)
 *(.fini1)
 *(.fini1)
 *(.fini0)
 .fini0         0x0000590a        0x4 c:/users/karim/desktop/embedded systems/imt_embedded_system_course/material/01-imt sdk/imt_sdk_win_64/winavr/bin/../lib/gcc/avr/4.3.3/avr5\libgcc.a(_exit.o)
 *(.fini0)
                0x0000590e                _etext = .

.data           0x00800060      0x130 load address 0x0000590e
                0x00800060                PROVIDE (__data_start, .)
 *(.data)
 .data          0x00800060        0x0 c:/users/karim/desktop/embedded systems/imt_embedded_system_course/material/01-imt sdk/imt_sdk_win_64/winavr/bin/../lib/gcc/avr/4.3.3/../../../../avr/lib/avr5/crtm32.o
 .data          0x00800060        0x0 ./DIO_Program.o
 .data          0x00800060        0x0 ./LCD_Program.o
 .data          0x00800060        0x0 ./TIMERS_Program.o
 .data          0x00800060        0x0 ./UltraSonic_Sensor_Program.o
 .data          0x00800060       0x10 ./main.o
 .data          0x00800070        0x0 c:/users/karim/desktop/embedded systems/imt_embedded_system_course/material/01-imt sdk/imt_sdk_win_64/winavr/bin/../lib/gcc/avr/4.3.3/avr5\libgcc.a(_mulsi3.o)
 .data          0x00800070        0x0 c:/users/karim/desktop/embedded systems/imt_embedded_system_course/material/01-imt sdk/imt_sdk_win_64/winavr/bin/../lib/gcc/avr/4.3.3/avr5\libgcc.a(_divmodsi4.o)
 .data          0x00800070        0x0 c:/users/karim/desktop/embedded systems/imt_embedded_system_course/material/01-imt sdk/imt_sdk_win_64/winavr/bin/../lib/gcc/avr/4.3.3/avr5\libgcc.a(_exit.o)
 .data          0x00800070        0x0 c:/users/karim/desktop/embedded systems/imt_embedded_system_course/material/01-imt sdk/imt_sdk_win_64/winavr/bin/../lib/gcc/avr/4.3.3/avr5\libgcc.a(_copy_data.o)
 .data          0x00800070        0x0 c:/users/karim/desktop/embedded systems/imt_embedded_system_course/material/01-imt sdk/imt_sdk_win_64/winavr/bin/../lib/gcc/avr/4.3.3/avr5\libgcc.a(_clear_bss.o)
 .data          0x00800070        0x0 c:/users/karim/desktop/embedded systems/imt_embedded_system_course/material/01-imt sdk/imt_sdk_win_64/winavr/bin/../lib/gcc/avr/4.3.3/avr5\libgcc.a(_fixunssfsi.o)
 .data          0x00800070        0x0 c:/users/karim/desktop/embedded systems/imt_embedded_system_course/material/01-imt sdk/imt_sdk_win_64/winavr/bin/../lib/gcc/avr/4.3.3/avr5\libgcc.a(_addsub_sf.o)
 .data          0x00800070        0x0 c:/users/karim/desktop/embedded systems/imt_embedded_system_course/material/01-imt sdk/imt_sdk_win_64/winavr/bin/../lib/gcc/avr/4.3.3/avr5\libgcc.a(_mul_sf.o)
 .data          0x00800070        0x0 c:/users/karim/desktop/embedded systems/imt_embedded_system_course/material/01-imt sdk/imt_sdk_win_64/winavr/bin/../lib/gcc/avr/4.3.3/avr5\libgcc.a(_div_sf.o)
 .data          0x00800070        0x0 c:/users/karim/desktop/embedded systems/imt_embedded_system_course/material/01-imt sdk/imt_sdk_win_64/winavr/bin/../lib/gcc/avr/4.3.3/avr5\libgcc.a(_gt_sf.o)
 .data          0x00800070        0x0 c:/users/karim/desktop/embedded systems/imt_embedded_system_course/material/01-imt sdk/imt_sdk_win_64/winavr/bin/../lib/gcc/avr/4.3.3/avr5\libgcc.a(_ge_sf.o)
 .data          0x00800070        0x0 c:/users/karim/desktop/embedded systems/imt_embedded_system_course/material/01-imt sdk/imt_sdk_win_64/winavr/bin/../lib/gcc/avr/4.3.3/avr5\libgcc.a(_lt_sf.o)
 .data          0x00800070        0x0 c:/users/karim/desktop/embedded systems/imt_embedded_system_course/material/01-imt sdk/imt_sdk_win_64/winavr/bin/../lib/gcc/avr/4.3.3/avr5\libgcc.a(_si_to_sf.o)
 .data          0x00800070        0x0 c:/users/karim/desktop/embedded systems/imt_embedded_system_course/material/01-imt sdk/imt_sdk_win_64/winavr/bin/../lib/gcc/avr/4.3.3/avr5\libgcc.a(_sf_to_si.o)
 .data          0x00800070        0x8 c:/users/karim/desktop/embedded systems/imt_embedded_system_course/material/01-imt sdk/imt_sdk_win_64/winavr/bin/../lib/gcc/avr/4.3.3/avr5\libgcc.a(_thenan_sf.o)
                0x00800070                __thenan_sf
 .data          0x00800078        0x0 c:/users/karim/desktop/embedded systems/imt_embedded_system_course/material/01-imt sdk/imt_sdk_win_64/winavr/bin/../lib/gcc/avr/4.3.3/avr5\libgcc.a(_usi_to_sf.o)
 .data          0x00800078        0x0 c:/users/karim/desktop/embedded systems/imt_embedded_system_course/material/01-imt sdk/imt_sdk_win_64/winavr/bin/../lib/gcc/avr/4.3.3/avr5\libgcc.a(_udivmodsi4.o)
 .data          0x00800078        0x0 c:/users/karim/desktop/embedded systems/imt_embedded_system_course/material/01-imt sdk/imt_sdk_win_64/winavr/bin/../lib/gcc/avr/4.3.3/avr5\libgcc.a(_prologue.o)
 .data          0x00800078        0x0 c:/users/karim/desktop/embedded systems/imt_embedded_system_course/material/01-imt sdk/imt_sdk_win_64/winavr/bin/../lib/gcc/avr/4.3.3/avr5\libgcc.a(_epilogue.o)
 .data          0x00800078        0x0 c:/users/karim/desktop/embedded systems/imt_embedded_system_course/material/01-imt sdk/imt_sdk_win_64/winavr/bin/../lib/gcc/avr/4.3.3/avr5\libgcc.a(_clzsi2.o)
 .data          0x00800078        0x0 c:/users/karim/desktop/embedded systems/imt_embedded_system_course/material/01-imt sdk/imt_sdk_win_64/winavr/bin/../lib/gcc/avr/4.3.3/avr5\libgcc.a(_pack_sf.o)
 .data          0x00800078        0x0 c:/users/karim/desktop/embedded systems/imt_embedded_system_course/material/01-imt sdk/imt_sdk_win_64/winavr/bin/../lib/gcc/avr/4.3.3/avr5\libgcc.a(_unpack_sf.o)
 .data          0x00800078        0x0 c:/users/karim/desktop/embedded systems/imt_embedded_system_course/material/01-imt sdk/imt_sdk_win_64/winavr/bin/../lib/gcc/avr/4.3.3/avr5\libgcc.a(_fpcmp_parts_sf.o)
 .data          0x00800078      0x100 c:/users/karim/desktop/embedded systems/imt_embedded_system_course/material/01-imt sdk/imt_sdk_win_64/winavr/bin/../lib/gcc/avr/4.3.3/avr5\libgcc.a(_clz.o)
                0x00800078                __clz_tab
 *(.data*)
 .data.DIO_PINx
                0x00800178        0x8 ./DIO_Program.o
 .data.DIO_DDRx
                0x00800180        0x8 ./DIO_Program.o
 .data.DIO_PORTx
                0x00800188        0x8 ./DIO_Program.o
 *(.rodata)
 *(.rodata*)
 *(.gnu.linkonce.d*)
                0x00800190                . = ALIGN (0x2)
                0x00800190                _edata = .
                0x00800190                PROVIDE (__data_end, .)

.bss            0x00800190       0x14
                0x00800190                PROVIDE (__bss_start, .)
 *(.bss)
 .bss           0x00800190        0x0 c:/users/karim/desktop/embedded systems/imt_embedded_system_course/material/01-imt sdk/imt_sdk_win_64/winavr/bin/../lib/gcc/avr/4.3.3/../../../../avr/lib/avr5/crtm32.o
 .bss           0x00800190        0x0 ./DIO_Program.o
 .bss           0x00800190        0x0 ./LCD_Program.o
 .bss           0x00800190        0x0 ./TIMERS_Program.o
 .bss           0x00800190        0x0 ./UltraSonic_Sensor_Program.o
 .bss           0x00800190        0x0 ./main.o
 .bss           0x00800190        0x0 c:/users/karim/desktop/embedded systems/imt_embedded_system_course/material/01-imt sdk/imt_sdk_win_64/winavr/bin/../lib/gcc/avr/4.3.3/avr5\libgcc.a(_mulsi3.o)
 .bss           0x00800190        0x0 c:/users/karim/desktop/embedded systems/imt_embedded_system_course/material/01-imt sdk/imt_sdk_win_64/winavr/bin/../lib/gcc/avr/4.3.3/avr5\libgcc.a(_divmodsi4.o)
 .bss           0x00800190        0x0 c:/users/karim/desktop/embedded systems/imt_embedded_system_course/material/01-imt sdk/imt_sdk_win_64/winavr/bin/../lib/gcc/avr/4.3.3/avr5\libgcc.a(_exit.o)
 .bss           0x00800190        0x0 c:/users/karim/desktop/embedded systems/imt_embedded_system_course/material/01-imt sdk/imt_sdk_win_64/winavr/bin/../lib/gcc/avr/4.3.3/avr5\libgcc.a(_copy_data.o)
 .bss           0x00800190        0x0 c:/users/karim/desktop/embedded systems/imt_embedded_system_course/material/01-imt sdk/imt_sdk_win_64/winavr/bin/../lib/gcc/avr/4.3.3/avr5\libgcc.a(_clear_bss.o)
 .bss           0x00800190        0x0 c:/users/karim/desktop/embedded systems/imt_embedded_system_course/material/01-imt sdk/imt_sdk_win_64/winavr/bin/../lib/gcc/avr/4.3.3/avr5\libgcc.a(_fixunssfsi.o)
 .bss           0x00800190        0x0 c:/users/karim/desktop/embedded systems/imt_embedded_system_course/material/01-imt sdk/imt_sdk_win_64/winavr/bin/../lib/gcc/avr/4.3.3/avr5\libgcc.a(_addsub_sf.o)
 .bss           0x00800190        0x0 c:/users/karim/desktop/embedded systems/imt_embedded_system_course/material/01-imt sdk/imt_sdk_win_64/winavr/bin/../lib/gcc/avr/4.3.3/avr5\libgcc.a(_mul_sf.o)
 .bss           0x00800190        0x0 c:/users/karim/desktop/embedded systems/imt_embedded_system_course/material/01-imt sdk/imt_sdk_win_64/winavr/bin/../lib/gcc/avr/4.3.3/avr5\libgcc.a(_div_sf.o)
 .bss           0x00800190        0x0 c:/users/karim/desktop/embedded systems/imt_embedded_system_course/material/01-imt sdk/imt_sdk_win_64/winavr/bin/../lib/gcc/avr/4.3.3/avr5\libgcc.a(_gt_sf.o)
 .bss           0x00800190        0x0 c:/users/karim/desktop/embedded systems/imt_embedded_system_course/material/01-imt sdk/imt_sdk_win_64/winavr/bin/../lib/gcc/avr/4.3.3/avr5\libgcc.a(_ge_sf.o)
 .bss           0x00800190        0x0 c:/users/karim/desktop/embedded systems/imt_embedded_system_course/material/01-imt sdk/imt_sdk_win_64/winavr/bin/../lib/gcc/avr/4.3.3/avr5\libgcc.a(_lt_sf.o)
 .bss           0x00800190        0x0 c:/users/karim/desktop/embedded systems/imt_embedded_system_course/material/01-imt sdk/imt_sdk_win_64/winavr/bin/../lib/gcc/avr/4.3.3/avr5\libgcc.a(_si_to_sf.o)
 .bss           0x00800190        0x0 c:/users/karim/desktop/embedded systems/imt_embedded_system_course/material/01-imt sdk/imt_sdk_win_64/winavr/bin/../lib/gcc/avr/4.3.3/avr5\libgcc.a(_sf_to_si.o)
 .bss           0x00800190        0x0 c:/users/karim/desktop/embedded systems/imt_embedded_system_course/material/01-imt sdk/imt_sdk_win_64/winavr/bin/../lib/gcc/avr/4.3.3/avr5\libgcc.a(_thenan_sf.o)
 .bss           0x00800190        0x0 c:/users/karim/desktop/embedded systems/imt_embedded_system_course/material/01-imt sdk/imt_sdk_win_64/winavr/bin/../lib/gcc/avr/4.3.3/avr5\libgcc.a(_usi_to_sf.o)
 .bss           0x00800190        0x0 c:/users/karim/desktop/embedded systems/imt_embedded_system_course/material/01-imt sdk/imt_sdk_win_64/winavr/bin/../lib/gcc/avr/4.3.3/avr5\libgcc.a(_udivmodsi4.o)
 .bss           0x00800190        0x0 c:/users/karim/desktop/embedded systems/imt_embedded_system_course/material/01-imt sdk/imt_sdk_win_64/winavr/bin/../lib/gcc/avr/4.3.3/avr5\libgcc.a(_prologue.o)
 .bss           0x00800190        0x0 c:/users/karim/desktop/embedded systems/imt_embedded_system_course/material/01-imt sdk/imt_sdk_win_64/winavr/bin/../lib/gcc/avr/4.3.3/avr5\libgcc.a(_epilogue.o)
 .bss           0x00800190        0x0 c:/users/karim/desktop/embedded systems/imt_embedded_system_course/material/01-imt sdk/imt_sdk_win_64/winavr/bin/../lib/gcc/avr/4.3.3/avr5\libgcc.a(_clzsi2.o)
 .bss           0x00800190        0x0 c:/users/karim/desktop/embedded systems/imt_embedded_system_course/material/01-imt sdk/imt_sdk_win_64/winavr/bin/../lib/gcc/avr/4.3.3/avr5\libgcc.a(_pack_sf.o)
 .bss           0x00800190        0x0 c:/users/karim/desktop/embedded systems/imt_embedded_system_course/material/01-imt sdk/imt_sdk_win_64/winavr/bin/../lib/gcc/avr/4.3.3/avr5\libgcc.a(_unpack_sf.o)
 .bss           0x00800190        0x0 c:/users/karim/desktop/embedded systems/imt_embedded_system_course/material/01-imt sdk/imt_sdk_win_64/winavr/bin/../lib/gcc/avr/4.3.3/avr5\libgcc.a(_fpcmp_parts_sf.o)
 .bss           0x00800190        0x0 c:/users/karim/desktop/embedded systems/imt_embedded_system_course/material/01-imt sdk/imt_sdk_win_64/winavr/bin/../lib/gcc/avr/4.3.3/avr5\libgcc.a(_clz.o)
 *(.bss*)
 .bss.state.1446
                0x00800190        0x1 ./TIMERS_Program.o
 .bss.callback_func
                0x00800191       0x10 ./TIMERS_Program.o
 .bss.edgeCount
                0x008001a1        0x1 ./UltraSonic_Sensor_Program.o
 .bss.dutyCycle
                0x008001a2        0x2 ./UltraSonic_Sensor_Program.o
 *(COMMON)
                0x008001a4                PROVIDE (__bss_end, .)
                0x0000590e                __data_load_start = LOADADDR (.data)
                0x00005a3e                __data_load_end = (__data_load_start + SIZEOF (.data))

.noinit         0x008001a4        0x0
                0x008001a4                PROVIDE (__noinit_start, .)
 *(.noinit*)
                0x008001a4                PROVIDE (__noinit_end, .)
                0x008001a4                _end = .
                0x008001a4                PROVIDE (__heap_start, .)

.eeprom         0x00810000        0x0
 *(.eeprom*)
                0x00810000                __eeprom_end = .

.fuse
 *(.fuse)
 *(.lfuse)
 *(.hfuse)
 *(.efuse)

.lock
 *(.lock*)

.signature
 *(.signature*)

.stab           0x00000000     0x4188
 *(.stab)
 .stab          0x00000000      0x564 ./DIO_Program.o
 .stab          0x00000564     0x2ba4 ./LCD_Program.o
                               0x2c1c (size before relaxing)
 .stab          0x00003108      0xb34 ./TIMERS_Program.o
                                0xbac (size before relaxing)
 .stab          0x00003c3c      0x39c ./UltraSonic_Sensor_Program.o
                                0x5a0 (size before relaxing)
 .stab          0x00003fd8      0x1b0 ./main.o
                                0x3b4 (size before relaxing)

.stabstr        0x00000000     0x1292
 *(.stabstr)
 .stabstr       0x00000000     0x1292 ./DIO_Program.o

.stab.excl
 *(.stab.excl)

.stab.exclstr
 *(.stab.exclstr)

.stab.index
 *(.stab.index)

.stab.indexstr
 *(.stab.indexstr)

.comment
 *(.comment)

.debug
 *(.debug)

.line
 *(.line)

.debug_srcinfo
 *(.debug_srcinfo)

.debug_sfnames
 *(.debug_sfnames)

.debug_aranges  0x00000000      0x1c0
 *(.debug_aranges)
 .debug_aranges
                0x00000000       0x20 c:/users/karim/desktop/embedded systems/imt_embedded_system_course/material/01-imt sdk/imt_sdk_win_64/winavr/bin/../lib/gcc/avr/4.3.3/avr5\libgcc.a(_fixunssfsi.o)
 .debug_aranges
                0x00000020       0x20 c:/users/karim/desktop/embedded systems/imt_embedded_system_course/material/01-imt sdk/imt_sdk_win_64/winavr/bin/../lib/gcc/avr/4.3.3/avr5\libgcc.a(_addsub_sf.o)
 .debug_aranges
                0x00000040       0x20 c:/users/karim/desktop/embedded systems/imt_embedded_system_course/material/01-imt sdk/imt_sdk_win_64/winavr/bin/../lib/gcc/avr/4.3.3/avr5\libgcc.a(_mul_sf.o)
 .debug_aranges
                0x00000060       0x20 c:/users/karim/desktop/embedded systems/imt_embedded_system_course/material/01-imt sdk/imt_sdk_win_64/winavr/bin/../lib/gcc/avr/4.3.3/avr5\libgcc.a(_div_sf.o)
 .debug_aranges
                0x00000080       0x20 c:/users/karim/desktop/embedded systems/imt_embedded_system_course/material/01-imt sdk/imt_sdk_win_64/winavr/bin/../lib/gcc/avr/4.3.3/avr5\libgcc.a(_gt_sf.o)
 .debug_aranges
                0x000000a0       0x20 c:/users/karim/desktop/embedded systems/imt_embedded_system_course/material/01-imt sdk/imt_sdk_win_64/winavr/bin/../lib/gcc/avr/4.3.3/avr5\libgcc.a(_ge_sf.o)
 .debug_aranges
                0x000000c0       0x20 c:/users/karim/desktop/embedded systems/imt_embedded_system_course/material/01-imt sdk/imt_sdk_win_64/winavr/bin/../lib/gcc/avr/4.3.3/avr5\libgcc.a(_lt_sf.o)
 .debug_aranges
                0x000000e0       0x20 c:/users/karim/desktop/embedded systems/imt_embedded_system_course/material/01-imt sdk/imt_sdk_win_64/winavr/bin/../lib/gcc/avr/4.3.3/avr5\libgcc.a(_si_to_sf.o)
 .debug_aranges
                0x00000100       0x20 c:/users/karim/desktop/embedded systems/imt_embedded_system_course/material/01-imt sdk/imt_sdk_win_64/winavr/bin/../lib/gcc/avr/4.3.3/avr5\libgcc.a(_sf_to_si.o)
 .debug_aranges
                0x00000120       0x20 c:/users/karim/desktop/embedded systems/imt_embedded_system_course/material/01-imt sdk/imt_sdk_win_64/winavr/bin/../lib/gcc/avr/4.3.3/avr5\libgcc.a(_usi_to_sf.o)
 .debug_aranges
                0x00000140       0x20 c:/users/karim/desktop/embedded systems/imt_embedded_system_course/material/01-imt sdk/imt_sdk_win_64/winavr/bin/../lib/gcc/avr/4.3.3/avr5\libgcc.a(_clzsi2.o)
 .debug_aranges
                0x00000160       0x20 c:/users/karim/desktop/embedded systems/imt_embedded_system_course/material/01-imt sdk/imt_sdk_win_64/winavr/bin/../lib/gcc/avr/4.3.3/avr5\libgcc.a(_pack_sf.o)
 .debug_aranges
                0x00000180       0x20 c:/users/karim/desktop/embedded systems/imt_embedded_system_course/material/01-imt sdk/imt_sdk_win_64/winavr/bin/../lib/gcc/avr/4.3.3/avr5\libgcc.a(_unpack_sf.o)
 .debug_aranges
                0x000001a0       0x20 c:/users/karim/desktop/embedded systems/imt_embedded_system_course/material/01-imt sdk/imt_sdk_win_64/winavr/bin/../lib/gcc/avr/4.3.3/avr5\libgcc.a(_fpcmp_parts_sf.o)

.debug_pubnames
                0x00000000      0x214
 *(.debug_pubnames)
 .debug_pubnames
                0x00000000       0x23 c:/users/karim/desktop/embedded systems/imt_embedded_system_course/material/01-imt sdk/imt_sdk_win_64/winavr/bin/../lib/gcc/avr/4.3.3/avr5\libgcc.a(_fixunssfsi.o)
 .debug_pubnames
                0x00000023       0x2c c:/users/karim/desktop/embedded systems/imt_embedded_system_course/material/01-imt sdk/imt_sdk_win_64/winavr/bin/../lib/gcc/avr/4.3.3/avr5\libgcc.a(_addsub_sf.o)
 .debug_pubnames
                0x0000004f       0x1f c:/users/karim/desktop/embedded systems/imt_embedded_system_course/material/01-imt sdk/imt_sdk_win_64/winavr/bin/../lib/gcc/avr/4.3.3/avr5\libgcc.a(_mul_sf.o)
 .debug_pubnames
                0x0000006e       0x1f c:/users/karim/desktop/embedded systems/imt_embedded_system_course/material/01-imt sdk/imt_sdk_win_64/winavr/bin/../lib/gcc/avr/4.3.3/avr5\libgcc.a(_div_sf.o)
 .debug_pubnames
                0x0000008d       0x1e c:/users/karim/desktop/embedded systems/imt_embedded_system_course/material/01-imt sdk/imt_sdk_win_64/winavr/bin/../lib/gcc/avr/4.3.3/avr5\libgcc.a(_gt_sf.o)
 .debug_pubnames
                0x000000ab       0x1e c:/users/karim/desktop/embedded systems/imt_embedded_system_course/material/01-imt sdk/imt_sdk_win_64/winavr/bin/../lib/gcc/avr/4.3.3/avr5\libgcc.a(_ge_sf.o)
 .debug_pubnames
                0x000000c9       0x1e c:/users/karim/desktop/embedded systems/imt_embedded_system_course/material/01-imt sdk/imt_sdk_win_64/winavr/bin/../lib/gcc/avr/4.3.3/avr5\libgcc.a(_lt_sf.o)
 .debug_pubnames
                0x000000e7       0x22 c:/users/karim/desktop/embedded systems/imt_embedded_system_course/material/01-imt sdk/imt_sdk_win_64/winavr/bin/../lib/gcc/avr/4.3.3/avr5\libgcc.a(_si_to_sf.o)
 .debug_pubnames
                0x00000109       0x20 c:/users/karim/desktop/embedded systems/imt_embedded_system_course/material/01-imt sdk/imt_sdk_win_64/winavr/bin/../lib/gcc/avr/4.3.3/avr5\libgcc.a(_sf_to_si.o)
 .debug_pubnames
                0x00000129       0x22 c:/users/karim/desktop/embedded systems/imt_embedded_system_course/material/01-imt sdk/imt_sdk_win_64/winavr/bin/../lib/gcc/avr/4.3.3/avr5\libgcc.a(_thenan_sf.o)
 .debug_pubnames
                0x0000014b       0x24 c:/users/karim/desktop/embedded systems/imt_embedded_system_course/material/01-imt sdk/imt_sdk_win_64/winavr/bin/../lib/gcc/avr/4.3.3/avr5\libgcc.a(_usi_to_sf.o)
 .debug_pubnames
                0x0000016f       0x1f c:/users/karim/desktop/embedded systems/imt_embedded_system_course/material/01-imt sdk/imt_sdk_win_64/winavr/bin/../lib/gcc/avr/4.3.3/avr5\libgcc.a(_clzsi2.o)
 .debug_pubnames
                0x0000018e       0x1f c:/users/karim/desktop/embedded systems/imt_embedded_system_course/material/01-imt sdk/imt_sdk_win_64/winavr/bin/../lib/gcc/avr/4.3.3/avr5\libgcc.a(_pack_sf.o)
 .debug_pubnames
                0x000001ad       0x21 c:/users/karim/desktop/embedded systems/imt_embedded_system_course/material/01-imt sdk/imt_sdk_win_64/winavr/bin/../lib/gcc/avr/4.3.3/avr5\libgcc.a(_unpack_sf.o)
 .debug_pubnames
                0x000001ce       0x26 c:/users/karim/desktop/embedded systems/imt_embedded_system_course/material/01-imt sdk/imt_sdk_win_64/winavr/bin/../lib/gcc/avr/4.3.3/avr5\libgcc.a(_fpcmp_parts_sf.o)
 .debug_pubnames
                0x000001f4       0x20 c:/users/karim/desktop/embedded systems/imt_embedded_system_course/material/01-imt sdk/imt_sdk_win_64/winavr/bin/../lib/gcc/avr/4.3.3/avr5\libgcc.a(_clz.o)

.debug_info     0x00000000     0x2612
 *(.debug_info)
 .debug_info    0x00000000       0xb1 c:/users/karim/desktop/embedded systems/imt_embedded_system_course/material/01-imt sdk/imt_sdk_win_64/winavr/bin/../lib/gcc/avr/4.3.3/avr5\libgcc.a(_fixunssfsi.o)
 .debug_info    0x000000b1      0x47a c:/users/karim/desktop/embedded systems/imt_embedded_system_course/material/01-imt sdk/imt_sdk_win_64/winavr/bin/../lib/gcc/avr/4.3.3/avr5\libgcc.a(_addsub_sf.o)
 .debug_info    0x0000052b      0x485 c:/users/karim/desktop/embedded systems/imt_embedded_system_course/material/01-imt sdk/imt_sdk_win_64/winavr/bin/../lib/gcc/avr/4.3.3/avr5\libgcc.a(_mul_sf.o)
 .debug_info    0x000009b0      0x3fc c:/users/karim/desktop/embedded systems/imt_embedded_system_course/material/01-imt sdk/imt_sdk_win_64/winavr/bin/../lib/gcc/avr/4.3.3/avr5\libgcc.a(_div_sf.o)
 .debug_info    0x00000dac      0x27f c:/users/karim/desktop/embedded systems/imt_embedded_system_course/material/01-imt sdk/imt_sdk_win_64/winavr/bin/../lib/gcc/avr/4.3.3/avr5\libgcc.a(_gt_sf.o)
 .debug_info    0x0000102b      0x27f c:/users/karim/desktop/embedded systems/imt_embedded_system_course/material/01-imt sdk/imt_sdk_win_64/winavr/bin/../lib/gcc/avr/4.3.3/avr5\libgcc.a(_ge_sf.o)
 .debug_info    0x000012aa      0x27f c:/users/karim/desktop/embedded systems/imt_embedded_system_course/material/01-imt sdk/imt_sdk_win_64/winavr/bin/../lib/gcc/avr/4.3.3/avr5\libgcc.a(_lt_sf.o)
 .debug_info    0x00001529      0x207 c:/users/karim/desktop/embedded systems/imt_embedded_system_course/material/01-imt sdk/imt_sdk_win_64/winavr/bin/../lib/gcc/avr/4.3.3/avr5\libgcc.a(_si_to_sf.o)
 .debug_info    0x00001730      0x2b0 c:/users/karim/desktop/embedded systems/imt_embedded_system_course/material/01-imt sdk/imt_sdk_win_64/winavr/bin/../lib/gcc/avr/4.3.3/avr5\libgcc.a(_sf_to_si.o)
 .debug_info    0x000019e0      0x12c c:/users/karim/desktop/embedded systems/imt_embedded_system_course/material/01-imt sdk/imt_sdk_win_64/winavr/bin/../lib/gcc/avr/4.3.3/avr5\libgcc.a(_thenan_sf.o)
 .debug_info    0x00001b0c      0x206 c:/users/karim/desktop/embedded systems/imt_embedded_system_course/material/01-imt sdk/imt_sdk_win_64/winavr/bin/../lib/gcc/avr/4.3.3/avr5\libgcc.a(_usi_to_sf.o)
 .debug_info    0x00001d12      0x117 c:/users/karim/desktop/embedded systems/imt_embedded_system_course/material/01-imt sdk/imt_sdk_win_64/winavr/bin/../lib/gcc/avr/4.3.3/avr5\libgcc.a(_clzsi2.o)
 .debug_info    0x00001e29      0x2df c:/users/karim/desktop/embedded systems/imt_embedded_system_course/material/01-imt sdk/imt_sdk_win_64/winavr/bin/../lib/gcc/avr/4.3.3/avr5\libgcc.a(_pack_sf.o)
 .debug_info    0x00002108      0x251 c:/users/karim/desktop/embedded systems/imt_embedded_system_course/material/01-imt sdk/imt_sdk_win_64/winavr/bin/../lib/gcc/avr/4.3.3/avr5\libgcc.a(_unpack_sf.o)
 .debug_info    0x00002359      0x210 c:/users/karim/desktop/embedded systems/imt_embedded_system_course/material/01-imt sdk/imt_sdk_win_64/winavr/bin/../lib/gcc/avr/4.3.3/avr5\libgcc.a(_fpcmp_parts_sf.o)
 .debug_info    0x00002569       0xa9 c:/users/karim/desktop/embedded systems/imt_embedded_system_course/material/01-imt sdk/imt_sdk_win_64/winavr/bin/../lib/gcc/avr/4.3.3/avr5\libgcc.a(_clz.o)
 *(.gnu.linkonce.wi.*)

.debug_abbrev   0x00000000     0x14ce
 *(.debug_abbrev)
 .debug_abbrev  0x00000000       0x5d c:/users/karim/desktop/embedded systems/imt_embedded_system_course/material/01-imt sdk/imt_sdk_win_64/winavr/bin/../lib/gcc/avr/4.3.3/avr5\libgcc.a(_fixunssfsi.o)
 .debug_abbrev  0x0000005d      0x1ea c:/users/karim/desktop/embedded systems/imt_embedded_system_course/material/01-imt sdk/imt_sdk_win_64/winavr/bin/../lib/gcc/avr/4.3.3/avr5\libgcc.a(_addsub_sf.o)
 .debug_abbrev  0x00000247      0x21b c:/users/karim/desktop/embedded systems/imt_embedded_system_course/material/01-imt sdk/imt_sdk_win_64/winavr/bin/../lib/gcc/avr/4.3.3/avr5\libgcc.a(_mul_sf.o)
 .debug_abbrev  0x00000462      0x216 c:/users/karim/desktop/embedded systems/imt_embedded_system_course/material/01-imt sdk/imt_sdk_win_64/winavr/bin/../lib/gcc/avr/4.3.3/avr5\libgcc.a(_div_sf.o)
 .debug_abbrev  0x00000678      0x15a c:/users/karim/desktop/embedded systems/imt_embedded_system_course/material/01-imt sdk/imt_sdk_win_64/winavr/bin/../lib/gcc/avr/4.3.3/avr5\libgcc.a(_gt_sf.o)
 .debug_abbrev  0x000007d2      0x15a c:/users/karim/desktop/embedded systems/imt_embedded_system_course/material/01-imt sdk/imt_sdk_win_64/winavr/bin/../lib/gcc/avr/4.3.3/avr5\libgcc.a(_ge_sf.o)
 .debug_abbrev  0x0000092c      0x15a c:/users/karim/desktop/embedded systems/imt_embedded_system_course/material/01-imt sdk/imt_sdk_win_64/winavr/bin/../lib/gcc/avr/4.3.3/avr5\libgcc.a(_lt_sf.o)
 .debug_abbrev  0x00000a86      0x148 c:/users/karim/desktop/embedded systems/imt_embedded_system_course/material/01-imt sdk/imt_sdk_win_64/winavr/bin/../lib/gcc/avr/4.3.3/avr5\libgcc.a(_si_to_sf.o)
 .debug_abbrev  0x00000bce      0x17f c:/users/karim/desktop/embedded systems/imt_embedded_system_course/material/01-imt sdk/imt_sdk_win_64/winavr/bin/../lib/gcc/avr/4.3.3/avr5\libgcc.a(_sf_to_si.o)
 .debug_abbrev  0x00000d4d       0xad c:/users/karim/desktop/embedded systems/imt_embedded_system_course/material/01-imt sdk/imt_sdk_win_64/winavr/bin/../lib/gcc/avr/4.3.3/avr5\libgcc.a(_thenan_sf.o)
 .debug_abbrev  0x00000dfa      0x157 c:/users/karim/desktop/embedded systems/imt_embedded_system_course/material/01-imt sdk/imt_sdk_win_64/winavr/bin/../lib/gcc/avr/4.3.3/avr5\libgcc.a(_usi_to_sf.o)
 .debug_abbrev  0x00000f51       0xc4 c:/users/karim/desktop/embedded systems/imt_embedded_system_course/material/01-imt sdk/imt_sdk_win_64/winavr/bin/../lib/gcc/avr/4.3.3/avr5\libgcc.a(_clzsi2.o)
 .debug_abbrev  0x00001015      0x1c0 c:/users/karim/desktop/embedded systems/imt_embedded_system_course/material/01-imt sdk/imt_sdk_win_64/winavr/bin/../lib/gcc/avr/4.3.3/avr5\libgcc.a(_pack_sf.o)
 .debug_abbrev  0x000011d5      0x154 c:/users/karim/desktop/embedded systems/imt_embedded_system_course/material/01-imt sdk/imt_sdk_win_64/winavr/bin/../lib/gcc/avr/4.3.3/avr5\libgcc.a(_unpack_sf.o)
 .debug_abbrev  0x00001329      0x13b c:/users/karim/desktop/embedded systems/imt_embedded_system_course/material/01-imt sdk/imt_sdk_win_64/winavr/bin/../lib/gcc/avr/4.3.3/avr5\libgcc.a(_fpcmp_parts_sf.o)
 .debug_abbrev  0x00001464       0x6a c:/users/karim/desktop/embedded systems/imt_embedded_system_course/material/01-imt sdk/imt_sdk_win_64/winavr/bin/../lib/gcc/avr/4.3.3/avr5\libgcc.a(_clz.o)

.debug_line     0x00000000     0x130b
 *(.debug_line)
 .debug_line    0x00000000       0xa7 c:/users/karim/desktop/embedded systems/imt_embedded_system_course/material/01-imt sdk/imt_sdk_win_64/winavr/bin/../lib/gcc/avr/4.3.3/avr5\libgcc.a(_fixunssfsi.o)
 .debug_line    0x000000a7      0x2af c:/users/karim/desktop/embedded systems/imt_embedded_system_course/material/01-imt sdk/imt_sdk_win_64/winavr/bin/../lib/gcc/avr/4.3.3/avr5\libgcc.a(_addsub_sf.o)
 .debug_line    0x00000356      0x239 c:/users/karim/desktop/embedded systems/imt_embedded_system_course/material/01-imt sdk/imt_sdk_win_64/winavr/bin/../lib/gcc/avr/4.3.3/avr5\libgcc.a(_mul_sf.o)
 .debug_line    0x0000058f      0x1d5 c:/users/karim/desktop/embedded systems/imt_embedded_system_course/material/01-imt sdk/imt_sdk_win_64/winavr/bin/../lib/gcc/avr/4.3.3/avr5\libgcc.a(_div_sf.o)
 .debug_line    0x00000764       0xd3 c:/users/karim/desktop/embedded systems/imt_embedded_system_course/material/01-imt sdk/imt_sdk_win_64/winavr/bin/../lib/gcc/avr/4.3.3/avr5\libgcc.a(_gt_sf.o)
 .debug_line    0x00000837       0xd3 c:/users/karim/desktop/embedded systems/imt_embedded_system_course/material/01-imt sdk/imt_sdk_win_64/winavr/bin/../lib/gcc/avr/4.3.3/avr5\libgcc.a(_ge_sf.o)
 .debug_line    0x0000090a       0xd3 c:/users/karim/desktop/embedded systems/imt_embedded_system_course/material/01-imt sdk/imt_sdk_win_64/winavr/bin/../lib/gcc/avr/4.3.3/avr5\libgcc.a(_lt_sf.o)
 .debug_line    0x000009dd      0x135 c:/users/karim/desktop/embedded systems/imt_embedded_system_course/material/01-imt sdk/imt_sdk_win_64/winavr/bin/../lib/gcc/avr/4.3.3/avr5\libgcc.a(_si_to_sf.o)
 .debug_line    0x00000b12      0x109 c:/users/karim/desktop/embedded systems/imt_embedded_system_course/material/01-imt sdk/imt_sdk_win_64/winavr/bin/../lib/gcc/avr/4.3.3/avr5\libgcc.a(_sf_to_si.o)
 .debug_line    0x00000c1b       0x90 c:/users/karim/desktop/embedded systems/imt_embedded_system_course/material/01-imt sdk/imt_sdk_win_64/winavr/bin/../lib/gcc/avr/4.3.3/avr5\libgcc.a(_thenan_sf.o)
 .debug_line    0x00000cab      0x133 c:/users/karim/desktop/embedded systems/imt_embedded_system_course/material/01-imt sdk/imt_sdk_win_64/winavr/bin/../lib/gcc/avr/4.3.3/avr5\libgcc.a(_usi_to_sf.o)
 .debug_line    0x00000dde       0xa5 c:/users/karim/desktop/embedded systems/imt_embedded_system_course/material/01-imt sdk/imt_sdk_win_64/winavr/bin/../lib/gcc/avr/4.3.3/avr5\libgcc.a(_clzsi2.o)
 .debug_line    0x00000e83      0x18a c:/users/karim/desktop/embedded systems/imt_embedded_system_course/material/01-imt sdk/imt_sdk_win_64/winavr/bin/../lib/gcc/avr/4.3.3/avr5\libgcc.a(_pack_sf.o)
 .debug_line    0x0000100d      0x14b c:/users/karim/desktop/embedded systems/imt_embedded_system_course/material/01-imt sdk/imt_sdk_win_64/winavr/bin/../lib/gcc/avr/4.3.3/avr5\libgcc.a(_unpack_sf.o)
 .debug_line    0x00001158      0x137 c:/users/karim/desktop/embedded systems/imt_embedded_system_course/material/01-imt sdk/imt_sdk_win_64/winavr/bin/../lib/gcc/avr/4.3.3/avr5\libgcc.a(_fpcmp_parts_sf.o)
 .debug_line    0x0000128f       0x7c c:/users/karim/desktop/embedded systems/imt_embedded_system_course/material/01-imt sdk/imt_sdk_win_64/winavr/bin/../lib/gcc/avr/4.3.3/avr5\libgcc.a(_clz.o)

.debug_frame    0x00000000      0x1e0
 *(.debug_frame)
 .debug_frame   0x00000000       0x20 c:/users/karim/desktop/embedded systems/imt_embedded_system_course/material/01-imt sdk/imt_sdk_win_64/winavr/bin/../lib/gcc/avr/4.3.3/avr5\libgcc.a(_fixunssfsi.o)
 .debug_frame   0x00000020       0x40 c:/users/karim/desktop/embedded systems/imt_embedded_system_course/material/01-imt sdk/imt_sdk_win_64/winavr/bin/../lib/gcc/avr/4.3.3/avr5\libgcc.a(_addsub_sf.o)
 .debug_frame   0x00000060       0x20 c:/users/karim/desktop/embedded systems/imt_embedded_system_course/material/01-imt sdk/imt_sdk_win_64/winavr/bin/../lib/gcc/avr/4.3.3/avr5\libgcc.a(_mul_sf.o)
 .debug_frame   0x00000080       0x20 c:/users/karim/desktop/embedded systems/imt_embedded_system_course/material/01-imt sdk/imt_sdk_win_64/winavr/bin/../lib/gcc/avr/4.3.3/avr5\libgcc.a(_div_sf.o)
 .debug_frame   0x000000a0       0x20 c:/users/karim/desktop/embedded systems/imt_embedded_system_course/material/01-imt sdk/imt_sdk_win_64/winavr/bin/../lib/gcc/avr/4.3.3/avr5\libgcc.a(_gt_sf.o)
 .debug_frame   0x000000c0       0x20 c:/users/karim/desktop/embedded systems/imt_embedded_system_course/material/01-imt sdk/imt_sdk_win_64/winavr/bin/../lib/gcc/avr/4.3.3/avr5\libgcc.a(_ge_sf.o)
 .debug_frame   0x000000e0       0x20 c:/users/karim/desktop/embedded systems/imt_embedded_system_course/material/01-imt sdk/imt_sdk_win_64/winavr/bin/../lib/gcc/avr/4.3.3/avr5\libgcc.a(_lt_sf.o)
 .debug_frame   0x00000100       0x20 c:/users/karim/desktop/embedded systems/imt_embedded_system_course/material/01-imt sdk/imt_sdk_win_64/winavr/bin/../lib/gcc/avr/4.3.3/avr5\libgcc.a(_si_to_sf.o)
 .debug_frame   0x00000120       0x20 c:/users/karim/desktop/embedded systems/imt_embedded_system_course/material/01-imt sdk/imt_sdk_win_64/winavr/bin/../lib/gcc/avr/4.3.3/avr5\libgcc.a(_sf_to_si.o)
 .debug_frame   0x00000140       0x20 c:/users/karim/desktop/embedded systems/imt_embedded_system_course/material/01-imt sdk/imt_sdk_win_64/winavr/bin/../lib/gcc/avr/4.3.3/avr5\libgcc.a(_usi_to_sf.o)
 .debug_frame   0x00000160       0x20 c:/users/karim/desktop/embedded systems/imt_embedded_system_course/material/01-imt sdk/imt_sdk_win_64/winavr/bin/../lib/gcc/avr/4.3.3/avr5\libgcc.a(_clzsi2.o)
 .debug_frame   0x00000180       0x20 c:/users/karim/desktop/embedded systems/imt_embedded_system_course/material/01-imt sdk/imt_sdk_win_64/winavr/bin/../lib/gcc/avr/4.3.3/avr5\libgcc.a(_pack_sf.o)
 .debug_frame   0x000001a0       0x20 c:/users/karim/desktop/embedded systems/imt_embedded_system_course/material/01-imt sdk/imt_sdk_win_64/winavr/bin/../lib/gcc/avr/4.3.3/avr5\libgcc.a(_unpack_sf.o)
 .debug_frame   0x000001c0       0x20 c:/users/karim/desktop/embedded systems/imt_embedded_system_course/material/01-imt sdk/imt_sdk_win_64/winavr/bin/../lib/gcc/avr/4.3.3/avr5\libgcc.a(_fpcmp_parts_sf.o)

.debug_str      0x00000000      0x307
 *(.debug_str)
 .debug_str     0x00000000       0xbf c:/users/karim/desktop/embedded systems/imt_embedded_system_course/material/01-imt sdk/imt_sdk_win_64/winavr/bin/../lib/gcc/avr/4.3.3/avr5\libgcc.a(_fixunssfsi.o)
                                 0xfe (size before relaxing)
 .debug_str     0x000000bf      0x14d c:/users/karim/desktop/embedded systems/imt_embedded_system_course/material/01-imt sdk/imt_sdk_win_64/winavr/bin/../lib/gcc/avr/4.3.3/avr5\libgcc.a(_addsub_sf.o)
                                0x206 (size before relaxing)
 .debug_str     0x0000020c       0x27 c:/users/karim/desktop/embedded systems/imt_embedded_system_course/material/01-imt sdk/imt_sdk_win_64/winavr/bin/../lib/gcc/avr/4.3.3/avr5\libgcc.a(_mul_sf.o)
                                0x1bf (size before relaxing)
 .debug_str     0x00000233       0x35 c:/users/karim/desktop/embedded systems/imt_embedded_system_course/material/01-imt sdk/imt_sdk_win_64/winavr/bin/../lib/gcc/avr/4.3.3/avr5\libgcc.a(_div_sf.o)
                                0x1c8 (size before relaxing)
 .debug_str     0x00000268        0x8 c:/users/karim/desktop/embedded systems/imt_embedded_system_course/material/01-imt sdk/imt_sdk_win_64/winavr/bin/../lib/gcc/avr/4.3.3/avr5\libgcc.a(_gt_sf.o)
                                0x195 (size before relaxing)
 .debug_str     0x00000270        0x8 c:/users/karim/desktop/embedded systems/imt_embedded_system_course/material/01-imt sdk/imt_sdk_win_64/winavr/bin/../lib/gcc/avr/4.3.3/avr5\libgcc.a(_ge_sf.o)
                                0x195 (size before relaxing)
 .debug_str     0x00000278        0x8 c:/users/karim/desktop/embedded systems/imt_embedded_system_course/material/01-imt sdk/imt_sdk_win_64/winavr/bin/../lib/gcc/avr/4.3.3/avr5\libgcc.a(_lt_sf.o)
                                0x195 (size before relaxing)
 .debug_str     0x00000280       0x1e c:/users/karim/desktop/embedded systems/imt_embedded_system_course/material/01-imt sdk/imt_sdk_win_64/winavr/bin/../lib/gcc/avr/4.3.3/avr5\libgcc.a(_si_to_sf.o)
                                0x17b (size before relaxing)
 .debug_str     0x0000029e        0xa c:/users/karim/desktop/embedded systems/imt_embedded_system_course/material/01-imt sdk/imt_sdk_win_64/winavr/bin/../lib/gcc/avr/4.3.3/avr5\libgcc.a(_sf_to_si.o)
                                0x19e (size before relaxing)
 .debug_str     0x00000000      0x103 c:/users/karim/desktop/embedded systems/imt_embedded_system_course/material/01-imt sdk/imt_sdk_win_64/winavr/bin/../lib/gcc/avr/4.3.3/avr5\libgcc.a(_thenan_sf.o)
 .debug_str     0x000002a8       0x14 c:/users/karim/desktop/embedded systems/imt_embedded_system_course/material/01-imt sdk/imt_sdk_win_64/winavr/bin/../lib/gcc/avr/4.3.3/avr5\libgcc.a(_usi_to_sf.o)
                                0x177 (size before relaxing)
 .debug_str     0x000002bc       0x20 c:/users/karim/desktop/embedded systems/imt_embedded_system_course/material/01-imt sdk/imt_sdk_win_64/winavr/bin/../lib/gcc/avr/4.3.3/avr5\libgcc.a(_clzsi2.o)
                                0x111 (size before relaxing)
 .debug_str     0x000002dc       0x10 c:/users/karim/desktop/embedded systems/imt_embedded_system_course/material/01-imt sdk/imt_sdk_win_64/winavr/bin/../lib/gcc/avr/4.3.3/avr5\libgcc.a(_pack_sf.o)
                                0x19d (size before relaxing)
 .debug_str     0x000002ec        0xb c:/users/karim/desktop/embedded systems/imt_embedded_system_course/material/01-imt sdk/imt_sdk_win_64/winavr/bin/../lib/gcc/avr/4.3.3/avr5\libgcc.a(_unpack_sf.o)
                                0x17f (size before relaxing)
 .debug_str     0x000002f7       0x10 c:/users/karim/desktop/embedded systems/imt_embedded_system_course/material/01-imt sdk/imt_sdk_win_64/winavr/bin/../lib/gcc/avr/4.3.3/avr5\libgcc.a(_fpcmp_parts_sf.o)
                                0x163 (size before relaxing)
 .debug_str     0x00000000       0xf4 c:/users/karim/desktop/embedded systems/imt_embedded_system_course/material/01-imt sdk/imt_sdk_win_64/winavr/bin/../lib/gcc/avr/4.3.3/avr5\libgcc.a(_clz.o)

.debug_loc      0x00000000      0xa1a
 *(.debug_loc)
 .debug_loc     0x00000000       0x34 c:/users/karim/desktop/embedded systems/imt_embedded_system_course/material/01-imt sdk/imt_sdk_win_64/winavr/bin/../lib/gcc/avr/4.3.3/avr5\libgcc.a(_fixunssfsi.o)
 .debug_loc     0x00000034      0x32a c:/users/karim/desktop/embedded systems/imt_embedded_system_course/material/01-imt sdk/imt_sdk_win_64/winavr/bin/../lib/gcc/avr/4.3.3/avr5\libgcc.a(_addsub_sf.o)
 .debug_loc     0x0000035e      0x104 c:/users/karim/desktop/embedded systems/imt_embedded_system_course/material/01-imt sdk/imt_sdk_win_64/winavr/bin/../lib/gcc/avr/4.3.3/avr5\libgcc.a(_mul_sf.o)
 .debug_loc     0x00000462       0xc0 c:/users/karim/desktop/embedded systems/imt_embedded_system_course/material/01-imt sdk/imt_sdk_win_64/winavr/bin/../lib/gcc/avr/4.3.3/avr5\libgcc.a(_div_sf.o)
 .debug_loc     0x00000522       0x3c c:/users/karim/desktop/embedded systems/imt_embedded_system_course/material/01-imt sdk/imt_sdk_win_64/winavr/bin/../lib/gcc/avr/4.3.3/avr5\libgcc.a(_gt_sf.o)
 .debug_loc     0x0000055e       0x3c c:/users/karim/desktop/embedded systems/imt_embedded_system_course/material/01-imt sdk/imt_sdk_win_64/winavr/bin/../lib/gcc/avr/4.3.3/avr5\libgcc.a(_ge_sf.o)
 .debug_loc     0x0000059a       0x3c c:/users/karim/desktop/embedded systems/imt_embedded_system_course/material/01-imt sdk/imt_sdk_win_64/winavr/bin/../lib/gcc/avr/4.3.3/avr5\libgcc.a(_lt_sf.o)
 .debug_loc     0x000005d6       0xac c:/users/karim/desktop/embedded systems/imt_embedded_system_course/material/01-imt sdk/imt_sdk_win_64/winavr/bin/../lib/gcc/avr/4.3.3/avr5\libgcc.a(_si_to_sf.o)
 .debug_loc     0x00000682       0x7e c:/users/karim/desktop/embedded systems/imt_embedded_system_course/material/01-imt sdk/imt_sdk_win_64/winavr/bin/../lib/gcc/avr/4.3.3/avr5\libgcc.a(_sf_to_si.o)
 .debug_loc     0x00000700       0x4c c:/users/karim/desktop/embedded systems/imt_embedded_system_course/material/01-imt sdk/imt_sdk_win_64/winavr/bin/../lib/gcc/avr/4.3.3/avr5\libgcc.a(_usi_to_sf.o)
 .debug_loc     0x0000074c       0x94 c:/users/karim/desktop/embedded systems/imt_embedded_system_course/material/01-imt sdk/imt_sdk_win_64/winavr/bin/../lib/gcc/avr/4.3.3/avr5\libgcc.a(_clzsi2.o)
 .debug_loc     0x000007e0      0x13e c:/users/karim/desktop/embedded systems/imt_embedded_system_course/material/01-imt sdk/imt_sdk_win_64/winavr/bin/../lib/gcc/avr/4.3.3/avr5\libgcc.a(_pack_sf.o)
 .debug_loc     0x0000091e       0xac c:/users/karim/desktop/embedded systems/imt_embedded_system_course/material/01-imt sdk/imt_sdk_win_64/winavr/bin/../lib/gcc/avr/4.3.3/avr5\libgcc.a(_unpack_sf.o)
 .debug_loc     0x000009ca       0x50 c:/users/karim/desktop/embedded systems/imt_embedded_system_course/material/01-imt sdk/imt_sdk_win_64/winavr/bin/../lib/gcc/avr/4.3.3/avr5\libgcc.a(_fpcmp_parts_sf.o)

.debug_macinfo
 *(.debug_macinfo)
OUTPUT(APP_9_DISTANCE_MEASUREMENT.elf elf32-avr)
LOAD linker stubs

.debug_ranges   0x00000000       0x50
 .debug_ranges  0x00000000       0x50 c:/users/karim/desktop/embedded systems/imt_embedded_system_course/material/01-imt sdk/imt_sdk_win_64/winavr/bin/../lib/gcc/avr/4.3.3/avr5\libgcc.a(_mul_sf.o)
